Archive member included to satisfy reference by file (symbol)

/usr/lib/gcc/arm-none-eabi/6.3.1/../../../arm-none-eabi/lib/thumb/v7e-m/fpv5/hard/libstdc++.a(atexit_arm.o)
                              ./teensy4/Tone.o (__aeabi_atexit)
/usr/lib/gcc/arm-none-eabi/6.3.1/../../../arm-none-eabi/lib/thumb/v7e-m/fpv5/hard/libm.a(lib_a-s_floor.o)
                              ./main.o (floor)
/usr/lib/gcc/arm-none-eabi/6.3.1/../../../arm-none-eabi/lib/thumb/v7e-m/fpv5/hard/libm.a(lib_a-s_round.o)
                              ./main.o (round)
/usr/lib/gcc/arm-none-eabi/6.3.1/../../../arm-none-eabi/lib/thumb/v7e-m/fpv5/hard/libm.a(lib_a-sf_copysign.o)
                              ./teensy4/nonstd.o (copysignf)
/usr/lib/gcc/arm-none-eabi/6.3.1/../../../arm-none-eabi/lib/thumb/v7e-m/fpv5/hard/libg.a(lib_a-atexit.o)
                              /usr/lib/gcc/arm-none-eabi/6.3.1/../../../arm-none-eabi/lib/thumb/v7e-m/fpv5/hard/crt0.o (atexit)
/usr/lib/gcc/arm-none-eabi/6.3.1/../../../arm-none-eabi/lib/thumb/v7e-m/fpv5/hard/libg.a(lib_a-atol.o)
                              ./teensy4/WString.o (atol)
/usr/lib/gcc/arm-none-eabi/6.3.1/../../../arm-none-eabi/lib/thumb/v7e-m/fpv5/hard/libg.a(lib_a-cxa_atexit.o)
                              /usr/lib/gcc/arm-none-eabi/6.3.1/../../../arm-none-eabi/lib/thumb/v7e-m/fpv5/hard/libstdc++.a(atexit_arm.o) (__cxa_atexit)
/usr/lib/gcc/arm-none-eabi/6.3.1/../../../arm-none-eabi/lib/thumb/v7e-m/fpv5/hard/libg.a(lib_a-efgcvt.o)
                              ./teensy4/nonstd.o (fcvtf)
/usr/lib/gcc/arm-none-eabi/6.3.1/../../../arm-none-eabi/lib/thumb/v7e-m/fpv5/hard/libg.a(lib_a-errno.o)
                              ./teensy4/startup.o (__errno)
/usr/lib/gcc/arm-none-eabi/6.3.1/../../../arm-none-eabi/lib/thumb/v7e-m/fpv5/hard/libg.a(lib_a-exit.o)
                              /usr/lib/gcc/arm-none-eabi/6.3.1/../../../arm-none-eabi/lib/thumb/v7e-m/fpv5/hard/crt0.o (exit)
/usr/lib/gcc/arm-none-eabi/6.3.1/../../../arm-none-eabi/lib/thumb/v7e-m/fpv5/hard/libg.a(lib_a-fini.o)
                              /usr/lib/gcc/arm-none-eabi/6.3.1/../../../arm-none-eabi/lib/thumb/v7e-m/fpv5/hard/crt0.o (__libc_fini_array)
/usr/lib/gcc/arm-none-eabi/6.3.1/../../../arm-none-eabi/lib/thumb/v7e-m/fpv5/hard/libg.a(lib_a-impure.o)
                              /usr/lib/gcc/arm-none-eabi/6.3.1/../../../arm-none-eabi/lib/thumb/v7e-m/fpv5/hard/libg.a(lib_a-exit.o) (_global_impure_ptr)
/usr/lib/gcc/arm-none-eabi/6.3.1/../../../arm-none-eabi/lib/thumb/v7e-m/fpv5/hard/libg.a(lib_a-init.o)
                              /usr/lib/gcc/arm-none-eabi/6.3.1/../../../arm-none-eabi/lib/thumb/v7e-m/fpv5/hard/crt0.o (__libc_init_array)
/usr/lib/gcc/arm-none-eabi/6.3.1/../../../arm-none-eabi/lib/thumb/v7e-m/fpv5/hard/libg.a(lib_a-isspace.o)
                              ./teensy4/WString.o (isspace)
/usr/lib/gcc/arm-none-eabi/6.3.1/../../../arm-none-eabi/lib/thumb/v7e-m/fpv5/hard/libg.a(lib_a-itoa.o)
                              ./teensy4/WString.o (itoa)
/usr/lib/gcc/arm-none-eabi/6.3.1/../../../arm-none-eabi/lib/thumb/v7e-m/fpv5/hard/libg.a(lib_a-malloc.o)
                              ./teensy4/new.o (malloc)
/usr/lib/gcc/arm-none-eabi/6.3.1/../../../arm-none-eabi/lib/thumb/v7e-m/fpv5/hard/libg.a(lib_a-mallocr.o)
                              /usr/lib/gcc/arm-none-eabi/6.3.1/../../../arm-none-eabi/lib/thumb/v7e-m/fpv5/hard/libg.a(lib_a-malloc.o) (_malloc_r)
/usr/lib/gcc/arm-none-eabi/6.3.1/../../../arm-none-eabi/lib/thumb/v7e-m/fpv5/hard/libg.a(lib_a-memmove.o)
                              ./teensy4/WString.o (memmove)
/usr/lib/gcc/arm-none-eabi/6.3.1/../../../arm-none-eabi/lib/thumb/v7e-m/fpv5/hard/libg.a(lib_a-memset.o)
                              /usr/lib/gcc/arm-none-eabi/6.3.1/../../../arm-none-eabi/lib/thumb/v7e-m/fpv5/hard/crt0.o (memset)
/usr/lib/gcc/arm-none-eabi/6.3.1/../../../arm-none-eabi/lib/thumb/v7e-m/fpv5/hard/libg.a(lib_a-mlock.o)
                              /usr/lib/gcc/arm-none-eabi/6.3.1/../../../arm-none-eabi/lib/thumb/v7e-m/fpv5/hard/libg.a(lib_a-mallocr.o) (__malloc_lock)
/usr/lib/gcc/arm-none-eabi/6.3.1/../../../arm-none-eabi/lib/thumb/v7e-m/fpv5/hard/libg.a(lib_a-realloc.o)
                              ./teensy4/WString.o (realloc)
/usr/lib/gcc/arm-none-eabi/6.3.1/../../../arm-none-eabi/lib/thumb/v7e-m/fpv5/hard/libg.a(lib_a-reallocr.o)
                              /usr/lib/gcc/arm-none-eabi/6.3.1/../../../arm-none-eabi/lib/thumb/v7e-m/fpv5/hard/libg.a(lib_a-realloc.o) (_realloc_r)
/usr/lib/gcc/arm-none-eabi/6.3.1/../../../arm-none-eabi/lib/thumb/v7e-m/fpv5/hard/libg.a(lib_a-sbrkr.o)
                              /usr/lib/gcc/arm-none-eabi/6.3.1/../../../arm-none-eabi/lib/thumb/v7e-m/fpv5/hard/libg.a(lib_a-mallocr.o) (_sbrk_r)
/usr/lib/gcc/arm-none-eabi/6.3.1/../../../arm-none-eabi/lib/thumb/v7e-m/fpv5/hard/libg.a(lib_a-strchr.o)
                              ./teensy4/WString.o (strchr)
/usr/lib/gcc/arm-none-eabi/6.3.1/../../../arm-none-eabi/lib/thumb/v7e-m/fpv5/hard/libg.a(lib_a-strcmp.o)
[...]
Memory Configuration

Name             Origin             Length             Attributes
ITCM             0x0000000000000000 0x0000000000080000 xrw
DTCM             0x0000000020000000 0x0000000000080000 xrw
RAM              0x0000000020200000 0x0000000000080000 xrw
FLASH            0x0000000060000000 0x00000000001f0000 xrw
*default*        0x0000000000000000 0xffffffffffffffff

Linker script and memory map

LOAD /usr/lib/gcc/arm-none-eabi/6.3.1/thumb/v7e-m/fpv5/hard/crti.o
LOAD /usr/lib/gcc/arm-none-eabi/6.3.1/thumb/v7e-m/fpv5/hard/crtbegin.o
LOAD /usr/lib/gcc/arm-none-eabi/6.3.1/../../../arm-none-eabi/lib/thumb/v7e-m/fpv5/hard/crt0.o
LOAD ./teensy4/AudioStream.o
LOAD ./teensy4/DMAChannel.o
LOAD ./teensy4/EventResponder.o
LOAD ./teensy4/HardwareSerial.o
LOAD ./teensy4/HardwareSerial1.o
LOAD ./teensy4/HardwareSerial2.o
LOAD ./teensy4/HardwareSerial3.o
LOAD ./teensy4/HardwareSerial4.o
LOAD ./teensy4/HardwareSerial5.o
LOAD ./teensy4/HardwareSerial6.o
LOAD ./teensy4/HardwareSerial7.o
LOAD ./teensy4/HardwareSerial8.o
LOAD ./teensy4/IPAddress.o
LOAD ./teensy4/IntervalTimer.o
LOAD ./teensy4/Print.o
LOAD ./teensy4/Stream.o
LOAD ./teensy4/Tone.o
LOAD ./teensy4/WMath.o
LOAD ./teensy4/WString.o
LOAD ./teensy4/analog.o
LOAD ./teensy4/bootdata.o
LOAD ./teensy4/clockspeed.o
LOAD ./teensy4/debugprintf.o
LOAD ./teensy4/delay.o
LOAD ./teensy4/digital.o
LOAD ./teensy4/eeprom.o
LOAD ./teensy4/interrupt.o
LOAD ./teensy4/keylayouts.o
LOAD ./teensy4/memcpy-armv7m.o
LOAD ./teensy4/memset.o
LOAD ./teensy4/new.o
LOAD ./teensy4/nonstd.o
LOAD ./teensy4/pwm.o
LOAD ./teensy4/rtc.o
LOAD ./teensy4/startup.o
LOAD ./teensy4/tempmon.o
LOAD ./teensy4/usb.o
LOAD ./teensy4/usb_desc.o
LOAD ./teensy4/usb_inst.o
LOAD ./teensy4/usb_rawhid.o
LOAD ./teensy4/usb_seremu.o
LOAD ./teensy4/usb_serial.o
LOAD ./teensy4/yield.o
LOAD ./ros_lib/duration.o
LOAD ./ros_lib/time.o
LOAD ./main.o
LOAD /usr/lib/gcc/arm-none-eabi/6.3.1/../../../arm-none-eabi/lib/thumb/v7e-m/fpv5/hard/libstdc++.a
LOAD /usr/lib/gcc/arm-none-eabi/6.3.1/../../../arm-none-eabi/lib/thumb/v7e-m/fpv5/hard/libstdc++.a
LOAD /usr/lib/gcc/arm-none-eabi/6.3.1/../../../arm-none-eabi/lib/thumb/v7e-m/fpv5/hard/libm.a
START GROUP
LOAD /usr/lib/gcc/arm-none-eabi/6.3.1/thumb/v7e-m/fpv5/hard/libgcc.a
LOAD /usr/lib/gcc/arm-none-eabi/6.3.1/../../../arm-none-eabi/lib/thumb/v7e-m/fpv5/hard/libg.a
LOAD /usr/lib/gcc/arm-none-eabi/6.3.1/../../../arm-none-eabi/lib/thumb/v7e-m/fpv5/hard/libc.a
END GROUP
LOAD /usr/lib/gcc/arm-none-eabi/6.3.1/thumb/v7e-m/fpv5/hard/crtend.o
LOAD /usr/lib/gcc/arm-none-eabi/6.3.1/thumb/v7e-m/fpv5/hard/crtn.o

.text.progmem   0x0000000060000000     0x1870
 *(.flashconfig)
 .flashconfig   0x0000000060000000      0x200 ./teensy4/bootdata.o
                0x0000000060000000                FlexSPI_NOR_Config
 FILL mask 0xff
                0x0000000060001000                . = (ORIGIN (FLASH) + 0x1000)
 *fill*         0x0000000060000200      0xe00 ff
 *(.ivt)
 .ivt           0x0000000060001000       0x20 ./teensy4/bootdata.o
                0x0000000060001000                ImageVectorTable
 *(.bootdata)
 .bootdata      0x0000000060001020        0xc ./teensy4/bootdata.o
                0x0000000060001020                BootData
 *(.vectors)
 .vectors       0x000000006000102c        0x8 ./teensy4/bootdata.o
                0x000000006000102c                vector_table
 *(.startup)
 .startup       0x0000000060001034      0x22c ./teensy4/startup.o
                0x0000000060001034                ResetHandler
 *(.progmem*)
 .progmem       0x0000000060001260      0x110 ./teensy4/analog.o
                0x0000000060001260                analog_init
 .progmem       0x0000000060001370      0x19c ./teensy4/startup.o
                0x0000000060001370                configure_cache
                0x0000000060001434                usb_pll_start
 .progmem       0x000000006000150c      0x19c ./teensy4/tempmon.o
                0x000000006000150c                tempmon_init
 .progmem       0x00000000600016a8      0x128 ./teensy4/usb.o
                0x00000000600016a8                usb_init
                0x00000000600017d0                . = ALIGN (0x4)
 *(.init)
 .init          0x00000000600017d0        0x4 /usr/lib/gcc/arm-none-eabi/6.3.1/thumb/v7e-m/fpv5/hard/crti.o
                0x00000000600017d0                _init
 .init          0x00000000600017d4        0x8 /usr/lib/gcc/arm-none-eabi/6.3.1/thumb/v7e-m/fpv5/hard/crtn.o
 *fill*         0x00000000600017dc        0x4 ff
 .init.__stub   0x00000000600017e0       0x60 linker stubs
                0x0000000060001840                __preinit_array_start = .
 *(.preinit_array)
                0x0000000060001840                __preinit_array_end = .
                0x0000000060001840                __init_array_start = .
 *(.init_array)
 .init_array    0x0000000060001840        0x4 /usr/lib/gcc/arm-none-eabi/6.3.1/thumb/v7e-m/fpv5/hard/crtbegin.o
 .init_array    0x0000000060001844        0x4 ./teensy4/HardwareSerial1.o
 .init_array    0x0000000060001848        0x4 ./teensy4/HardwareSerial2.o
 .init_array    0x000000006000184c        0x4 ./teensy4/HardwareSerial3.o
 .init_array    0x0000000060001850        0x4 ./teensy4/HardwareSerial4.o
 .init_array    0x0000000060001854        0x4 ./teensy4/HardwareSerial5.o
 .init_array    0x0000000060001858        0x4 ./teensy4/HardwareSerial6.o
 .init_array    0x000000006000185c        0x4 ./teensy4/HardwareSerial7.o
 .init_array    0x0000000060001860        0x4 ./teensy4/IPAddress.o
 .init_array    0x0000000060001864        0x4 ./teensy4/Tone.o
 .init_array    0x0000000060001868        0x4 ./main.o
                0x000000006000186c                __init_array_end = .
                0x0000000060001870                . = ALIGN (0x10)
 *fill*         0x000000006000186c        0x4 ff

.text.itcm      0x0000000000000000     0x7cc0 load address 0x0000000060001870
                0x0000000000000020                . = (. + 0x20)
 *fill*         0x0000000000000000       0x20 
 *(.fastrun)
 .fastrun       0x0000000000000020      0x18c ./teensy4/interrupt.o
                0x0000000000000020                irq_gpio6789
 *(.text*)
 .text          0x00000000000001ac       0xa4 /usr/lib/gcc/arm-none-eabi/6.3.1/thumb/v7e-m/fpv5/hard/crtbegin.o
 .text._ZN14EventResponder17disableInterruptsEv
                0x0000000000000250       0x26 ./teensy4/EventResponder.o
                0x0000000000000250                EventResponder::disableInterrupts()
 .text._ZN14EventResponder16enableInterruptsEb
                0x0000000000000276       0x1e ./teensy4/EventResponder.o
                0x0000000000000276                EventResponder::enableInterrupts(bool)
 .text._ZN11MillisTimer21disableTimerInterruptEv
                0x0000000000000294       0x26 ./teensy4/EventResponder.o
                0x0000000000000294                MillisTimer::disableTimerInterrupt()
 .text._ZN11MillisTimer20enableTimerInterruptEb
                0x00000000000002ba       0x1e ./teensy4/EventResponder.o
                0x00000000000002ba                MillisTimer::enableTimerInterrupt(bool)
 .text.pendablesrvreq_isr
                0x00000000000002d8        0xc ./teensy4/EventResponder.o
                0x00000000000002d8                pendablesrvreq_isr
 .text._ZN14EventResponder16runFromInterruptEv
                0x00000000000002e4       0x6c ./teensy4/EventResponder.o
                0x00000000000002e4                EventResponder::runFromInterrupt()
 .text._ZN11MillisTimer15addToActiveListEv
                0x0000000000000350       0xf8 ./teensy4/EventResponder.o
                0x0000000000000350                MillisTimer::addToActiveList()
 .text._ZN11MillisTimer12runFromTimerEv
                0x0000000000000448       0xbc ./teensy4/EventResponder.o
                0x0000000000000448                MillisTimer::runFromTimer()
 .text.systick_isr
                0x0000000000000504       0x2c ./teensy4/EventResponder.o
                0x0000000000000504                systick_isr
 .text._Z23nvic_execution_priorityv
                0x0000000000000530       0x7c ./teensy4/HardwareSerial.o
                0x0000000000000530                nvic_execution_priority()
 .text._ZN14HardwareSerial5beginEmt
                0x00000000000005ac      0x3d8 ./teensy4/HardwareSerial.o
                0x00000000000005ac                HardwareSerial::begin(unsigned long, unsigned short)
 .text._ZN14HardwareSerial10rts_assertEv
                0x0000000000000984       0x20 ./teensy4/HardwareSerial.o
                0x0000000000000984                HardwareSerial::rts_assert()
 .text._ZN14HardwareSerial12rts_deassertEv
                0x00000000000009a4       0x20 ./teensy4/HardwareSerial.o
                0x00000000000009a4                HardwareSerial::rts_deassert()
 .text._ZN14HardwareSerial17availableForWriteEv
                0x00000000000009c4       0x48 ./teensy4/HardwareSerial.o
                0x00000000000009c4                HardwareSerial::availableForWrite()
 .text._ZN14HardwareSerial9availableEv
                0x0000000000000a0c       0x44 ./teensy4/HardwareSerial.o
                0x0000000000000a0c                HardwareSerial::available()
 .text._ZN14HardwareSerial4peekEv
                0x0000000000000a50       0x7e ./teensy4/HardwareSerial.o
                0x0000000000000a50                HardwareSerial::peek()
 .text._ZN14HardwareSerial4readEv
                0x0000000000000ace       0xc2 ./teensy4/HardwareSerial.o
                0x0000000000000ace                HardwareSerial::read()
 .text._ZN14HardwareSerial5flushEv
                0x0000000000000b90       0x2c ./teensy4/HardwareSerial.o
                0x0000000000000b90                HardwareSerial::flush()
 .text._ZN14HardwareSerial5writeEh
                0x0000000000000bbc       0x20 ./teensy4/HardwareSerial.o
                0x0000000000000bbc                HardwareSerial::write(unsigned char)
 .text._ZN14HardwareSerial9write9bitEm
                0x0000000000000bdc      0x162 ./teensy4/HardwareSerial.o
                0x0000000000000bdc                HardwareSerial::write9bit(unsigned long)
 .text._ZN14HardwareSerial10IRQHandlerEv
                0x0000000000000d3e      0x27a ./teensy4/HardwareSerial.o
                0x0000000000000d3e                HardwareSerial::IRQHandler()
 .text._ZN14HardwareSerial19processSerialEventsEv
                0x0000000000000fb8       0x68 ./teensy4/HardwareSerial.o
                0x0000000000000fb8                HardwareSerial::processSerialEvents()
 .text._ZN14HardwareSerial18enableSerialEventsEv
                0x0000000000001020       0x50 ./teensy4/HardwareSerial.o
                0x0000000000001020                HardwareSerial::enableSerialEvents()
 .text._ZN14HardwareSerial19disableSerialEventsEv
                0x0000000000001070       0x4c ./teensy4/HardwareSerial.o
                0x0000000000001070                HardwareSerial::disableSerialEvents()
 .text._ZN5PrintC2Ev
                0x00000000000010bc       0x28 ./teensy4/HardwareSerial1.o
                0x00000000000010bc                Print::Print()
                0x00000000000010bc                Print::Print()
 .text._ZN5Print17availableForWriteEv
                0x00000000000010e4       0x16 ./teensy4/HardwareSerial1.o
                0x00000000000010e4                Print::availableForWrite()
 .text._ZN5Print5flushEv
                0x00000000000010fa       0x14 ./teensy4/HardwareSerial1.o
                0x00000000000010fa                Print::flush()
 *fill*         0x000000000000110e        0x2 
 .text._ZN6StreamC2Ev
                0x0000000000001110       0x34 ./teensy4/HardwareSerial1.o
                0x0000000000001110                Stream::Stream()
                0x0000000000001110                Stream::Stream()
 .text._ZN14HardwareSerialC2EP14IMXRT_LPUART_tPKNS_10hardware_tEPVhjS6_j
                0x0000000000001144       0xc0 ./teensy4/HardwareSerial1.o
                0x0000000000001144                HardwareSerial::HardwareSerial(IMXRT_LPUART_t*, HardwareSerial::hardware_t const*, unsigned char volatile*, unsigned int, unsigned char volatile*, unsigned int)
                0x0000000000001144                HardwareSerial::HardwareSerial(IMXRT_LPUART_t*, HardwareSerial::hardware_t const*, unsigned char volatile*, unsigned int, unsigned char volatile*, unsigned int)
 .text.IRQHandler_Serial1
                0x0000000000001204       0x14 ./teensy4/HardwareSerial1.o
                0x0000000000001204                IRQHandler_Serial1
 .text._Z26serial_event_check_serial1v
                0x0000000000001218       0x28 ./teensy4/HardwareSerial1.o
                0x0000000000001218                serial_event_check_serial1()
 .text._Z12serialEvent1v
                0x0000000000001240       0x14 ./teensy4/HardwareSerial1.o
                0x0000000000001240                serialEvent1()
 .text._Z41__static_initialization_and_destruction_0ii
                0x0000000000001254       0x50 ./teensy4/HardwareSerial1.o
 .text._GLOBAL__sub_I_IRQHandler_Serial1
                0x00000000000012a4       0x10 ./teensy4/HardwareSerial1.o
 .text.IRQHandler_Serial2
                0x00000000000012b4       0x14 ./teensy4/HardwareSerial2.o
                0x00000000000012b4                IRQHandler_Serial2
 .text._Z26serial_event_check_serial2v
                0x00000000000012c8       0x28 ./teensy4/HardwareSerial2.o
                0x00000000000012c8                serial_event_check_serial2()
 .text._Z12serialEvent2v
                0x00000000000012f0       0x14 ./teensy4/HardwareSerial2.o
                0x00000000000012f0                serialEvent2()
 .text._Z41__static_initialization_and_destruction_0ii
                0x0000000000001304       0x50 ./teensy4/HardwareSerial2.o
 .text._GLOBAL__sub_I_IRQHandler_Serial2
                0x0000000000001354       0x10 ./teensy4/HardwareSerial2.o
 .text.IRQHandler_Serial3
                0x0000000000001364       0x14 ./teensy4/HardwareSerial3.o
                0x0000000000001364                IRQHandler_Serial3
 .text._Z26serial_event_check_serial3v
                0x0000000000001378       0x28 ./teensy4/HardwareSerial3.o
                0x0000000000001378                serial_event_check_serial3()
 .text._Z12serialEvent3v
                0x00000000000013a0       0x14 ./teensy4/HardwareSerial3.o
                0x00000000000013a0                serialEvent3()
 .text._Z41__static_initialization_and_destruction_0ii
                0x00000000000013b4       0x50 ./teensy4/HardwareSerial3.o
 .text._GLOBAL__sub_I_IRQHandler_Serial3
                0x0000000000001404       0x10 ./teensy4/HardwareSerial3.o
 .text.IRQHandler_Serial4
                0x0000000000001414       0x14 ./teensy4/HardwareSerial4.o
                0x0000000000001414                IRQHandler_Serial4
 .text._Z26serial_event_check_serial4v
                0x0000000000001428       0x28 ./teensy4/HardwareSerial4.o
                0x0000000000001428                serial_event_check_serial4()
 .text._Z12serialEvent4v
                0x0000000000001450       0x14 ./teensy4/HardwareSerial4.o
                0x0000000000001450                serialEvent4()
 .text._Z41__static_initialization_and_destruction_0ii
                0x0000000000001464       0x50 ./teensy4/HardwareSerial4.o
 .text._GLOBAL__sub_I_IRQHandler_Serial4
                0x00000000000014b4       0x10 ./teensy4/HardwareSerial4.o
 .text.IRQHandler_Serial5
                0x00000000000014c4       0x14 ./teensy4/HardwareSerial5.o
                0x00000000000014c4                IRQHandler_Serial5
 .text._Z26serial_event_check_serial5v
                0x00000000000014d8       0x28 ./teensy4/HardwareSerial5.o
                0x00000000000014d8                serial_event_check_serial5()
 .text._Z12serialEvent5v
                0x0000000000001500       0x14 ./teensy4/HardwareSerial5.o
                0x0000000000001500                serialEvent5()
 .text._Z41__static_initialization_and_destruction_0ii
                0x0000000000001514       0x50 ./teensy4/HardwareSerial5.o
 .text._GLOBAL__sub_I_IRQHandler_Serial5
                0x0000000000001564       0x10 ./teensy4/HardwareSerial5.o
 .text.IRQHandler_Serial6
                0x0000000000001574       0x14 ./teensy4/HardwareSerial6.o
                0x0000000000001574                IRQHandler_Serial6
 .text._Z26serial_event_check_serial6v
                0x0000000000001588       0x28 ./teensy4/HardwareSerial6.o
                0x0000000000001588                serial_event_check_serial6()
 .text._Z12serialEvent6v
                0x00000000000015b0       0x14 ./teensy4/HardwareSerial6.o
                0x00000000000015b0                serialEvent6()
 .text._Z41__static_initialization_and_destruction_0ii
                0x00000000000015c4       0x50 ./teensy4/HardwareSerial6.o
 .text._GLOBAL__sub_I_IRQHandler_Serial6
                0x0000000000001614       0x10 ./teensy4/HardwareSerial6.o
 .text.IRQHandler_Serial7
                0x0000000000001624       0x14 ./teensy4/HardwareSerial7.o
                0x0000000000001624                IRQHandler_Serial7
 .text._Z26serial_event_check_serial7v
                0x0000000000001638       0x28 ./teensy4/HardwareSerial7.o
                0x0000000000001638                serial_event_check_serial7()
 .text._Z12serialEvent7v
                0x0000000000001660       0x14 ./teensy4/HardwareSerial7.o
                0x0000000000001660                serialEvent7()
 .text._Z41__static_initialization_and_destruction_0ii
                0x0000000000001674       0x50 ./teensy4/HardwareSerial7.o
 .text._GLOBAL__sub_I_IRQHandler_Serial7
                0x00000000000016c4       0x10 ./teensy4/HardwareSerial7.o
 .text._ZN5Print5printEhi
                0x00000000000016d4       0x26 ./teensy4/IPAddress.o
                0x00000000000016d4                Print::print(unsigned char, int)
 *fill*         0x00000000000016fa        0x2 
 .text._ZN9PrintableC2Ev
                0x00000000000016fc       0x20 ./teensy4/IPAddress.o
                0x00000000000016fc                Printable::Printable()
                0x00000000000016fc                Printable::Printable()
 .text._ZN9IPAddressC2Em
                0x000000000000171c       0x2c ./teensy4/IPAddress.o
                0x000000000000171c                IPAddress::IPAddress(unsigned long)
                0x000000000000171c                IPAddress::IPAddress(unsigned long)
 .text._ZNK9IPAddress7printToER5Print
                0x0000000000001748       0x52 ./teensy4/IPAddress.o
                0x0000000000001748                IPAddress::printTo(Print&) const
 *fill*         0x000000000000179a        0x2 
 .text._Z41__static_initialization_and_destruction_0ii
                0x000000000000179c       0x30 ./teensy4/IPAddress.o
 .text._GLOBAL__sub_I__ZNK9IPAddress7printToER5Print
                0x00000000000017cc       0x10 ./teensy4/IPAddress.o
 .text._ZN13IntervalTimer3endEv
                0x00000000000017dc       0x94 ./teensy4/IntervalTimer.o
                0x00000000000017dc                IntervalTimer::end()
 .text._ZN5Print5writeEPKhj
                0x0000000000001870       0x56 ./teensy4/Print.o
                0x0000000000001870                Print::write(unsigned char const*, unsigned int)
 .text._ZN5Print11printNumberEmhh
                0x00000000000018c6       0xf4 ./teensy4/Print.o
                0x00000000000018c6                Print::printNumber(unsigned long, unsigned char, unsigned char)
 .text._ZN13IntervalTimerD2Ev
                0x00000000000019ba       0x18 ./teensy4/Tone.o
                0x00000000000019ba                IntervalTimer::~IntervalTimer()
                0x00000000000019ba                IntervalTimer::~IntervalTimer()
 *fill*         0x00000000000019d2        0x2 
 .text._Z41__static_initialization_and_destruction_0ii
                0x00000000000019d4       0x38 ./teensy4/Tone.o
 .text._GLOBAL__sub_I__Z4tonehtm
                0x0000000000001a0c       0x10 ./teensy4/Tone.o
 .text.set_arm_clock
                0x0000000000001a1c      0x3e0 ./teensy4/clockspeed.o
                0x0000000000001a1c                set_arm_clock
 .text.delay    0x0000000000001dfc       0x4c ./teensy4/delay.o
                0x0000000000001dfc                delay
 .text.seconds  0x0000000000001e48       0x9c ./teensy4/delay.o
                0x0000000000001e48                seconds
 .text.micros   0x0000000000001ee4       0x88 ./teensy4/delay.o
                0x0000000000001ee4                micros
 .text.pinMode  0x0000000000001f6c       0xd4 ./teensy4/digital.o
                0x0000000000001f6c                pinMode
 .text.dummy_isr
                0x0000000000002040        0xe ./teensy4/interrupt.o
 *fill*         0x000000000000204e        0x2 
 .text.attachInterrupt
                0x0000000000002050      0x1f8 ./teensy4/interrupt.o
                0x0000000000002050                attachInterrupt
 .text.detachInterrupt
                0x0000000000002248       0x50 ./teensy4/interrupt.o
                0x0000000000002248                detachInterrupt
 .text          0x0000000000002298      0x134 ./teensy4/memcpy-armv7m.o
                0x0000000000002298                memcpy
 .text.ultoa    0x00000000000023cc       0xb8 ./teensy4/nonstd.o
                0x00000000000023cc                ultoa
 .text.flexpwm_init
                0x0000000000002484      0x15e ./teensy4/pwm.o
                0x0000000000002484                flexpwm_init
 .text.quadtimer_init
                0x00000000000025e2       0x9a ./teensy4/pwm.o
                0x00000000000025e2                quadtimer_init
 .text.pwm_init
                0x000000000000267c       0x74 ./teensy4/pwm.o
                0x000000000000267c                pwm_init
 .text.startup_default_early_hook
                0x00000000000026f0        0xe ./teensy4/startup.o
                0x00000000000026f0                startup_default_early_hook
                0x00000000000026f0                startup_early_hook
 .text.startup_default_late_hook
                0x00000000000026fe        0xe ./teensy4/startup.o
                0x00000000000026fe                startup_default_late_hook
                0x00000000000026fe                startup_late_hook
 .text.configure_systick
                0x000000000000270c       0x84 ./teensy4/startup.o
 .text.unused_interrupt_vector
                0x0000000000002790       0x1a ./teensy4/startup.o
                0x0000000000002790                unused_interrupt_vector
 *fill*         0x00000000000027aa        0x2 
 .text.HardFault_HandlerC
                0x00000000000027ac       0x9c ./teensy4/startup.o
                0x00000000000027ac                HardFault_HandlerC
 .text._sbrk    0x0000000000002848       0x4c ./teensy4/startup.o
                0x0000000000002848                _sbrk
 .text.__cxa_pure_virtual
                0x0000000000002894        0x8 ./teensy4/startup.o
                0x0000000000002894                __cxa_pure_virtual
 .text.isr      0x000000000000289c      0x230 ./teensy4/usb.o
 .text.endpoint0_setup
                0x0000000000002acc      0x304 ./teensy4/usb.o
 .text.endpoint0_transmit
                0x0000000000002dd0      0x108 ./teensy4/usb.o
 .text.endpoint0_receive
                0x0000000000002ed8      0x108 ./teensy4/usb.o
 .text.endpoint0_complete
                0x0000000000002fe0       0x60 ./teensy4/usb.o
 .text.usb_endpoint_config
                0x0000000000003040       0x30 ./teensy4/usb.o
 .text.usb_config_rx
                0x0000000000003070       0x70 ./teensy4/usb.o
                0x0000000000003070                usb_config_rx
 .text.usb_config_tx
                0x00000000000030e0       0x74 ./teensy4/usb.o
                0x00000000000030e0                usb_config_tx
 .text.usb_prepare_transfer
                0x0000000000003154       0x64 ./teensy4/usb.o
                0x0000000000003154                usb_prepare_transfer
 .text.schedule_transfer
                0x00000000000031b8       0xb4 ./teensy4/usb.o
 .text.run_callbacks
                0x000000000000326c       0x60 ./teensy4/usb.o
 .text.usb_transmit
                0x00000000000032cc       0x48 ./teensy4/usb.o
                0x00000000000032cc                usb_transmit
 .text.usb_receive
                0x0000000000003314       0x44 ./teensy4/usb.o
                0x0000000000003314                usb_receive
 .text.usb_transfer_status
                0x0000000000003358       0x4c ./teensy4/usb.o
                0x0000000000003358                usb_transfer_status
 .text.usb_init_serialnumber
                0x00000000000033a4       0x90 ./teensy4/usb_desc.o
                0x00000000000033a4                usb_init_serialnumber
 .text._ZN16usb_serial_class9availableEv
                0x0000000000003434       0x16 ./teensy4/usb_inst.o
                0x0000000000003434                usb_serial_class::available()
 .text._ZN16usb_serial_class4readEv
                0x000000000000344a       0x16 ./teensy4/usb_inst.o
                0x000000000000344a                usb_serial_class::read()
 .text._ZN16usb_serial_class4peekEv
                0x0000000000003460       0x16 ./teensy4/usb_inst.o
                0x0000000000003460                usb_serial_class::peek()
 .text._ZN16usb_serial_class5flushEv
                0x0000000000003476       0x14 ./teensy4/usb_inst.o
                0x0000000000003476                usb_serial_class::flush()
 .text._ZN16usb_serial_class5clearEv
                0x000000000000348a       0x14 ./teensy4/usb_inst.o
                0x000000000000348a                usb_serial_class::clear()
 .text._ZN16usb_serial_class5writeEh
                0x000000000000349e       0x1e ./teensy4/usb_inst.o
                0x000000000000349e                usb_serial_class::write(unsigned char)
 .text._ZN16usb_serial_class5writeEPKhj
                0x00000000000034bc       0x1e ./teensy4/usb_inst.o
                0x00000000000034bc                usb_serial_class::write(unsigned char const*, unsigned int)
 .text._ZN16usb_serial_class17availableForWriteEv
                0x00000000000034da       0x16 ./teensy4/usb_inst.o
                0x00000000000034da                usb_serial_class::availableForWrite()
 .text._Z11serialEventv
                0x00000000000034f0       0x18 ./teensy4/usb_inst.o
                0x00000000000034f0                serialEvent()
 .text.rx_event
                0x0000000000003508       0x48 ./teensy4/usb_serial.o
 .text.usb_serial_reset
                0x0000000000003550        0xe ./teensy4/usb_serial.o
                0x0000000000003550                usb_serial_reset
 *fill*         0x000000000000355e        0x2 
 .text.usb_serial_configure
                0x0000000000003560       0xa0 ./teensy4/usb_serial.o
                0x0000000000003560                usb_serial_configure
 .text.usb_serial_getchar
                0x0000000000003600       0x68 ./teensy4/usb_serial.o
                0x0000000000003600                usb_serial_getchar
 .text.usb_serial_peekchar
                0x0000000000003668       0x38 ./teensy4/usb_serial.o
                0x0000000000003668                usb_serial_peekchar
 .text.usb_serial_available
                0x00000000000036a0       0x24 ./teensy4/usb_serial.o
                0x00000000000036a0                usb_serial_available
 .text.usb_serial_flush_input
                0x00000000000036c4       0x40 ./teensy4/usb_serial.o
                0x00000000000036c4                usb_serial_flush_input
 .text.usb_serial_putchar
                0x0000000000003704       0x1e ./teensy4/usb_serial.o
                0x0000000000003704                usb_serial_putchar
 *fill*         0x0000000000003722        0x2 
 .text.timer_config
                0x0000000000003724       0x48 ./teensy4/usb_serial.o
 .text.timer_start_oneshot
                0x000000000000376c       0x1c ./teensy4/usb_serial.o
 .text.timer_stop
                0x0000000000003788       0x1c ./teensy4/usb_serial.o
 .text.usb_serial_write
                0x00000000000037a4      0x19c ./teensy4/usb_serial.o
                0x00000000000037a4                usb_serial_write
 .text.usb_serial_write_buffer_free
                0x0000000000003940       0x70 ./teensy4/usb_serial.o
                0x0000000000003940                usb_serial_write_buffer_free
 .text.usb_serial_flush_output
                0x00000000000039b0       0x9c ./teensy4/usb_serial.o
                0x00000000000039b0                usb_serial_flush_output
 .text.usb_serial_flush_callback
                0x0000000000003a4c       0xa0 ./teensy4/usb_serial.o
 .text._ZN14EventResponder12runFromYieldEv
                0x0000000000003aec       0xa8 ./teensy4/yield.o
                0x0000000000003aec                EventResponder::runFromYield()
 .text.yield    0x0000000000003b94       0x60 ./teensy4/yield.o
                0x0000000000003b94                yield
 .text._ZN3ros16normalizeSecNSecERmS0_
                0x0000000000003bf4       0x58 ./ros_lib/time.o
                0x0000000000003bf4                ros::normalizeSecNSec(unsigned long&, unsigned long&)
 .text._ZN3ros3Msg19serializeAvrFloat64EPhf
                0x0000000000003c4c       0xd8 ./main.o
                0x0000000000003c4c                ros::Msg::serializeAvrFloat64(unsigned char*, float)
 .text._ZN3ros3Msg21deserializeAvrFloat64EPKhPf
                0x0000000000003d24       0xc0 ./main.o
                0x0000000000003d24                ros::Msg::deserializeAvrFloat64(unsigned char const*, float*)
 .text._ZN3ros4TimeC2Ev
                0x0000000000003de4       0x22 ./main.o
                0x0000000000003de4                ros::Time::Time()
                0x0000000000003de4                ros::Time::Time()
 *fill*         0x0000000000003e06        0x2 
 .text._ZN3ros4Time7fromSecEd
                0x0000000000003e08       0x68 ./main.o
                0x0000000000003e08                ros::Time::fromSec(double)
 .text._ZN3ros3MsgC2Ev
                0x0000000000003e70       0x20 ./main.o
                0x0000000000003e70                ros::Msg::Msg()
                0x0000000000003e70                ros::Msg::Msg()
 .text._ZN8std_msgs4TimeC2Ev
                0x0000000000003e90       0x30 ./main.o
                0x0000000000003e90                std_msgs::Time::Time()
                0x0000000000003e90                std_msgs::Time::Time()
 .text._ZNK8std_msgs4Time9serializeEPh
                0x0000000000003ec0       0xb0 ./main.o
                0x0000000000003ec0                std_msgs::Time::serialize(unsigned char*) const
 .text._ZN8std_msgs4Time11deserializeEPh
                0x0000000000003f70       0xc8 ./main.o
                0x0000000000003f70                std_msgs::Time::deserialize(unsigned char*)
 .text._ZN8std_msgs4Time7getTypeEv
                0x0000000000004038       0x1c ./main.o
                0x0000000000004038                std_msgs::Time::getType()
 .text._ZN8std_msgs4Time6getMD5Ev
                0x0000000000004054       0x1c ./main.o
                0x0000000000004054                std_msgs::Time::getMD5()
 .text._ZN14rosserial_msgs9TopicInfoC2Ev
                0x0000000000004070       0x48 ./main.o
                0x0000000000004070                rosserial_msgs::TopicInfo::TopicInfo()
                0x0000000000004070                rosserial_msgs::TopicInfo::TopicInfo()
 .text._ZNK14rosserial_msgs9TopicInfo9serializeEPh
                0x00000000000040b8      0x136 ./main.o
                0x00000000000040b8                rosserial_msgs::TopicInfo::serialize(unsigned char*) const
 .text._ZN14rosserial_msgs9TopicInfo11deserializeEPh
                0x00000000000041ee      0x1d0 ./main.o
                0x00000000000041ee                rosserial_msgs::TopicInfo::deserialize(unsigned char*)
 *fill*         0x00000000000043be        0x2 
 .text._ZN14rosserial_msgs9TopicInfo7getTypeEv
                0x00000000000043c0       0x1c ./main.o
                0x00000000000043c0                rosserial_msgs::TopicInfo::getType()
 .text._ZN14rosserial_msgs9TopicInfo6getMD5Ev
                0x00000000000043dc       0x1c ./main.o
                0x00000000000043dc                rosserial_msgs::TopicInfo::getMD5()
 .text._ZN14rosserial_msgs3LogC2Ev
                0x00000000000043f8       0x34 ./main.o
                0x00000000000043f8                rosserial_msgs::Log::Log()
                0x00000000000043f8                rosserial_msgs::Log::Log()
 .text._ZNK14rosserial_msgs3Log9serializeEPh
                0x000000000000442c       0x64 ./main.o
                0x000000000000442c                rosserial_msgs::Log::serialize(unsigned char*) const
 .text._ZN14rosserial_msgs3Log11deserializeEPh
                0x0000000000004490       0x90 ./main.o
                0x0000000000004490                rosserial_msgs::Log::deserialize(unsigned char*)
 .text._ZN14rosserial_msgs3Log7getTypeEv
                0x0000000000004520       0x1c ./main.o
                0x0000000000004520                rosserial_msgs::Log::getType()
 .text._ZN14rosserial_msgs3Log6getMD5Ev
                0x000000000000453c       0x1c ./main.o
                0x000000000000453c                rosserial_msgs::Log::getMD5()
 .text._ZN14rosserial_msgs20RequestParamResponseC2Ev
                0x0000000000004558       0x48 ./main.o
                0x0000000000004558                rosserial_msgs::RequestParamResponse::RequestParamResponse()
                0x0000000000004558                rosserial_msgs::RequestParamResponse::RequestParamResponse()
 .text._ZNK14rosserial_msgs20RequestParamResponse9serializeEPh
                0x00000000000045a0      0x222 ./main.o
                0x00000000000045a0                rosserial_msgs::RequestParamResponse::serialize(unsigned char*) const
 .text._ZN14rosserial_msgs20RequestParamResponse11deserializeEPh
                0x00000000000047c2      0x2e2 ./main.o
                0x00000000000047c2                rosserial_msgs::RequestParamResponse::deserialize(unsigned char*)
 .text._ZN14rosserial_msgs20RequestParamResponse7getTypeEv
                0x0000000000004aa4       0x1c ./main.o
                0x0000000000004aa4                rosserial_msgs::RequestParamResponse::getType()
 .text._ZN14rosserial_msgs20RequestParamResponse6getMD5Ev
                0x0000000000004ac0       0x1c ./main.o
                0x0000000000004ac0                rosserial_msgs::RequestParamResponse::getMD5()
 .text._ZN3ros9PublisherC2EPKcPNS_3MsgEi
                0x0000000000004adc       0x2e ./main.o
                0x0000000000004adc                ros::Publisher::Publisher(char const*, ros::Msg*, int)
                0x0000000000004adc                ros::Publisher::Publisher(char const*, ros::Msg*, int)
 .text._ZN3ros9Publisher7publishEPKNS_3MsgE
                0x0000000000004b0a       0x28 ./main.o
                0x0000000000004b0a                ros::Publisher::publish(ros::Msg const*)
 .text._ZN3ros9Publisher15getEndpointTypeEv
                0x0000000000004b32       0x18 ./main.o
                0x0000000000004b32                ros::Publisher::getEndpointType()
 .text._ZN16usb_serial_class5beginEl
                0x0000000000004b4a       0x16 ./main.o
                0x0000000000004b4a                usb_serial_class::begin(long)
 .text._ZN15ArduinoHardwareC2Ev
                0x0000000000004b60       0x28 ./main.o
                0x0000000000004b60                ArduinoHardware::ArduinoHardware()
                0x0000000000004b60                ArduinoHardware::ArduinoHardware()
 .text._ZN15ArduinoHardware4initEv
                0x0000000000004b88       0x20 ./main.o
                0x0000000000004b88                ArduinoHardware::init()
 .text._ZN15ArduinoHardware4readEv
                0x0000000000004ba8       0x24 ./main.o
                0x0000000000004ba8                ArduinoHardware::read()
 .text._ZN15ArduinoHardware5writeEPhi
                0x0000000000004bcc       0x40 ./main.o
                0x0000000000004bcc                ArduinoHardware::write(unsigned char*, int)
 .text._ZN15ArduinoHardware4timeEv
                0x0000000000004c0c       0x20 ./main.o
                0x0000000000004c0c                ArduinoHardware::time()
 .text._ZN8std_msgs6HeaderC2Ev
                0x0000000000004c2c       0x40 ./main.o
                0x0000000000004c2c                std_msgs::Header::Header()
                0x0000000000004c2c                std_msgs::Header::Header()
 .text._ZNK8std_msgs6Header9serializeEPh
                0x0000000000004c6c      0x130 ./main.o
                0x0000000000004c6c                std_msgs::Header::serialize(unsigned char*) const
 .text._ZN8std_msgs6Header11deserializeEPh
                0x0000000000004d9c      0x180 ./main.o
                0x0000000000004d9c                std_msgs::Header::deserialize(unsigned char*)
 .text._ZN8std_msgs6Header7getTypeEv
                0x0000000000004f1c       0x1c ./main.o
                0x0000000000004f1c                std_msgs::Header::getType()
 .text._ZN8std_msgs6Header6getMD5Ev
                0x0000000000004f38       0x1c ./main.o
                0x0000000000004f38                std_msgs::Header::getMD5()
 .text._ZN13geometry_msgs10QuaternionC2Ev
                0x0000000000004f54       0x44 ./main.o
                0x0000000000004f54                geometry_msgs::Quaternion::Quaternion()
                0x0000000000004f54                geometry_msgs::Quaternion::Quaternion()
 .text._ZNK13geometry_msgs10Quaternion9serializeEPh
                0x0000000000004f98       0x90 ./main.o
                0x0000000000004f98                geometry_msgs::Quaternion::serialize(unsigned char*) const
 .text._ZN13geometry_msgs10Quaternion11deserializeEPh
                0x0000000000005028       0x80 ./main.o
                0x0000000000005028                geometry_msgs::Quaternion::deserialize(unsigned char*)
 .text._ZN13geometry_msgs10Quaternion7getTypeEv
                0x00000000000050a8       0x1c ./main.o
                0x00000000000050a8                geometry_msgs::Quaternion::getType()
 .text._ZN13geometry_msgs10Quaternion6getMD5Ev
                0x00000000000050c4       0x1c ./main.o
                0x00000000000050c4                geometry_msgs::Quaternion::getMD5()
 .text._ZN13geometry_msgs7Vector3C2Ev
                0x00000000000050e0       0x3c ./main.o
                0x00000000000050e0                geometry_msgs::Vector3::Vector3()
                0x00000000000050e0                geometry_msgs::Vector3::Vector3()
 .text._ZNK13geometry_msgs7Vector39serializeEPh
                0x000000000000511c       0x72 ./main.o
                0x000000000000511c                geometry_msgs::Vector3::serialize(unsigned char*) const
 .text._ZN13geometry_msgs7Vector311deserializeEPh
                0x000000000000518e       0x66 ./main.o
                0x000000000000518e                geometry_msgs::Vector3::deserialize(unsigned char*)
 .text._ZN13geometry_msgs7Vector37getTypeEv
                0x00000000000051f4       0x1c ./main.o
                0x00000000000051f4                geometry_msgs::Vector3::getType()
 .text._ZN13geometry_msgs7Vector36getMD5Ev
                0x0000000000005210       0x1c ./main.o
                0x0000000000005210                geometry_msgs::Vector3::getMD5()
 .text._ZN11sensor_msgs3ImuC2Ev
                0x000000000000522c       0x94 ./main.o
                0x000000000000522c                sensor_msgs::Imu::Imu()
                0x000000000000522c                sensor_msgs::Imu::Imu()
 .text._ZNK11sensor_msgs3Imu9serializeEPh
                0x00000000000052c0      0x12a ./main.o
                0x00000000000052c0                sensor_msgs::Imu::serialize(unsigned char*) const
 .text._ZN11sensor_msgs3Imu11deserializeEPh
                0x00000000000053ea      0x112 ./main.o
                0x00000000000053ea                sensor_msgs::Imu::deserialize(unsigned char*)
 .text._ZN11sensor_msgs3Imu7getTypeEv
                0x00000000000054fc       0x1c ./main.o
                0x00000000000054fc                sensor_msgs::Imu::getType()
 .text._ZN11sensor_msgs3Imu6getMD5Ev
                0x0000000000005518       0x1c ./main.o
                0x0000000000005518                sensor_msgs::Imu::getMD5()
 .text._Z7reverset
                0x0000000000005534       0x3c ./main.o
                0x0000000000005534                reverse(unsigned short)
 .text._Z7clk_ISRv
                0x0000000000005570      0x1cc ./main.o
                0x0000000000005570                clk_ISR()
 .text._Z6set_tsv
                0x000000000000573c       0x38 ./main.o
                0x000000000000573c                set_ts()
 .text._Z3fcstPKhj
                0x0000000000005774       0x58 ./main.o
                0x0000000000005774                fcs(unsigned short, unsigned char const*, unsigned int)
 .text._Z9crc_checkPKtj
                0x00000000000057cc       0x30 ./main.o
                0x00000000000057cc                crc_check(unsigned short const*, unsigned int)
 .text._ZN7ImuDataC2Ev
                0x00000000000057fc       0x72 ./main.o
                0x00000000000057fc                ImuData::ImuData()
                0x00000000000057fc                ImuData::ImuData()
 *fill*         0x000000000000586e        0x2 
 .text._ZN7ImuData8set_dataEPKt
                0x0000000000005870       0xfc ./main.o
                0x0000000000005870                ImuData::set_data(unsigned short const*)
 .text._ZN3ros3MsgC2EOS0_
                0x000000000000596c       0x24 ./main.o
                0x000000000000596c                ros::Msg::Msg(ros::Msg&&)
                0x000000000000596c                ros::Msg::Msg(ros::Msg&&)
 .text._ZN13geometry_msgs10QuaternionC2EOS0_
                0x0000000000005990       0x4c ./main.o
                0x0000000000005990                geometry_msgs::Quaternion::Quaternion(geometry_msgs::Quaternion&&)
                0x0000000000005990                geometry_msgs::Quaternion::Quaternion(geometry_msgs::Quaternion&&)
 .text._Z1qffff
                0x00000000000059dc       0x40 ./main.o
                0x00000000000059dc                q(float, float, float, float)
 .text._ZpLRN13geometry_msgs10QuaternionES0_
                0x0000000000005a1c       0x70 ./main.o
                0x0000000000005a1c                operator+=(geometry_msgs::Quaternion&, geometry_msgs::Quaternion)
 .text._ZmldN13geometry_msgs10QuaternionE
                0x0000000000005a8c       0x8e ./main.o
                0x0000000000005a8c                operator*(double, geometry_msgs::Quaternion)
 .text._ZmlN13geometry_msgs10QuaternionERKS0_
                0x0000000000005b1a      0x164 ./main.o
                0x0000000000005b1a                operator*(geometry_msgs::Quaternion, geometry_msgs::Quaternion const&)
 *fill*         0x0000000000005c7e        0x2 
 .text._Z10fillImuMsgv
                0x0000000000005c80      0x24c ./main.o
                0x0000000000005c80                fillImuMsg()
 .text.setup    0x0000000000005ecc      0x170 ./main.o
                0x0000000000005ecc                setup
 .text.loop     0x000000000000603c       0xf4 ./main.o
                0x000000000000603c                loop
 .text._ZN3ros3Msg8varToArrIPhmEEvT_T0_
                0x0000000000006130       0x3c ./main.o
                0x0000000000006130                void ros::Msg::varToArr<unsigned char*, unsigned long>(unsigned char*, unsigned long)
 .text._ZN3ros3Msg8arrToVarImPhEEvRT_T0_
                0x000000000000616c       0x4a ./main.o
                0x000000000000616c                void ros::Msg::arrToVar<unsigned long, unsigned char*>(unsigned long&, unsigned char*)
 *fill*         0x00000000000061b6        0x2 
 .text._ZN3ros15NodeHandleBase_C2Ev
                0x00000000000061b8       0x20 ./main.o
                0x00000000000061b8                ros::NodeHandleBase_::NodeHandleBase_()
                0x00000000000061b8                ros::NodeHandleBase_::NodeHandleBase_()
 .text._ZN3ros11NodeHandle_I15ArduinoHardwareLi25ELi25ELi512ELi512EEC2Ev
                0x00000000000061d8       0xfc ./main.o
                0x00000000000061d8                ros::NodeHandle_<ArduinoHardware, 25, 25, 512, 512>::NodeHandle_()
                0x00000000000061d8                ros::NodeHandle_<ArduinoHardware, 25, 25, 512, 512>::NodeHandle_()
 .text._ZN3ros11NodeHandle_I15ArduinoHardwareLi25ELi25ELi512ELi512EE8initNodeEv
                0x00000000000062d4       0x3a ./main.o
                0x00000000000062d4                ros::NodeHandle_<ArduinoHardware, 25, 25, 512, 512>::initNode()
 .text._ZN3ros11NodeHandle_I15ArduinoHardwareLi25ELi25ELi512ELi512EE9advertiseERNS_9PublisherE
                0x000000000000630e       0x60 ./main.o
                0x000000000000630e                ros::NodeHandle_<ArduinoHardware, 25, 25, 512, 512>::advertise(ros::Publisher&)
 .text._ZN3ros11NodeHandle_I15ArduinoHardwareLi25ELi25ELi512ELi512EE8spinOnceEv
                0x000000000000636e      0x3ac ./main.o
                0x000000000000636e                ros::NodeHandle_<ArduinoHardware, 25, 25, 512, 512>::spinOnce()
 .text._ZN3ros11NodeHandle_I15ArduinoHardwareLi25ELi25ELi512ELi512EE15requestSyncTimeEv
                0x000000000000671a       0x3a ./main.o
                0x000000000000671a                ros::NodeHandle_<ArduinoHardware, 25, 25, 512, 512>::requestSyncTime()
 .text._ZN3ros11NodeHandle_I15ArduinoHardwareLi25ELi25ELi512ELi512EE15negotiateTopicsEv
                0x0000000000006754      0x1be ./main.o
                0x0000000000006754                ros::NodeHandle_<ArduinoHardware, 25, 25, 512, 512>::negotiateTopics()
 *fill*         0x0000000000006912        0x2 
 .text._ZN3ros11NodeHandle_I15ArduinoHardwareLi25ELi25ELi512ELi512EE8syncTimeEPh
                0x0000000000006914       0x94 ./main.o
                0x0000000000006914                ros::NodeHandle_<ArduinoHardware, 25, 25, 512, 512>::syncTime(unsigned char*)
 .text._ZN3ros11NodeHandle_I15ArduinoHardwareLi25ELi25ELi512ELi512EE7publishEiPKNS_3MsgE
                0x00000000000069a8      0x124 ./main.o
                0x00000000000069a8                ros::NodeHandle_<ArduinoHardware, 25, 25, 512, 512>::publish(int, ros::Msg const*)
 .text._ZN3ros11NodeHandle_I15ArduinoHardwareLi25ELi25ELi512ELi512EE6setNowERNS_4TimeE
                0x0000000000006acc       0x7c ./main.o
                0x0000000000006acc                ros::NodeHandle_<ArduinoHardware, 25, 25, 512, 512>::setNow(ros::Time&)
 .text._ZN3ros11NodeHandle_I15ArduinoHardwareLi25ELi25ELi512ELi512EE8logerrorEPKc
                0x0000000000006b48       0x1c ./main.o
                0x0000000000006b48                ros::NodeHandle_<ArduinoHardware, 25, 25, 512, 512>::logerror(char const*)
 .text._ZN3ros11NodeHandle_I15ArduinoHardwareLi25ELi25ELi512ELi512EE3logEcPKc
                0x0000000000006b64       0x38 ./main.o
                0x0000000000006b64                ros::NodeHandle_<ArduinoHardware, 25, 25, 512, 512>::log(char, char const*)
 .text._Z41__static_initialization_and_destruction_0ii
                0x0000000000006b9c       0x60 ./main.o
 .text._ZN3ros11NodeHandle_I15ArduinoHardwareLi25ELi25ELi512ELi512EE9connectedEv
                0x0000000000006bfc       0x1a ./main.o
                0x0000000000006bfc                ros::NodeHandle_<ArduinoHardware, 25, 25, 512, 512>::connected()
 .text._GLOBAL__sub_I_nh
                0x0000000000006c16       0x10 ./main.o
 *fill*         0x0000000000006c26        0x2 
 .text.__aeabi_atexit
                0x0000000000006c28        0xc /usr/lib/gcc/arm-none-eabi/6.3.1/../../../arm-none-eabi/lib/thumb/v7e-m/fpv5/hard/libstdc++.a(atexit_arm.o)
                0x0000000000006c28                __aeabi_atexit
 *fill*         0x0000000000006c34        0x4 
 .text          0x0000000000006c38      0x118 /usr/lib/gcc/arm-none-eabi/6.3.1/../../../arm-none-eabi/lib/thumb/v7e-m/fpv5/hard/libm.a(lib_a-s_floor.o)
                0x0000000000006c38                floor
 .text          0x0000000000006d50       0xa0 /usr/lib/gcc/arm-none-eabi/6.3.1/../../../arm-none-eabi/lib/thumb/v7e-m/fpv5/hard/libm.a(lib_a-s_round.o)
                0x0000000000006d50                round
 .text          0x0000000000006df0        0xc /usr/lib/gcc/arm-none-eabi/6.3.1/../../../arm-none-eabi/lib/thumb/v7e-m/fpv5/hard/libg.a(lib_a-cxa_atexit.o)
                0x0000000000006df0                __cxa_atexit
 .text          0x0000000000006dfc        0xc /usr/lib/gcc/arm-none-eabi/6.3.1/../../../arm-none-eabi/lib/thumb/v7e-m/fpv5/hard/libg.a(lib_a-errno.o)
                0x0000000000006dfc                __errno
 .text          0x0000000000006e08       0x50 /usr/lib/gcc/arm-none-eabi/6.3.1/../../../arm-none-eabi/lib/thumb/v7e-m/fpv5/hard/libg.a(lib_a-init.o)
                0x0000000000006e08                __libc_init_array
 .text          0x0000000000006e58       0x20 /usr/lib/gcc/arm-none-eabi/6.3.1/../../../arm-none-eabi/lib/thumb/v7e-m/fpv5/hard/libg.a(lib_a-malloc.o)
                0x0000000000006e58                malloc
                0x0000000000006e68                free
 .text          0x0000000000006e78      0x554 /usr/lib/gcc/arm-none-eabi/6.3.1/../../../arm-none-eabi/lib/thumb/v7e-m/fpv5/hard/libg.a(lib_a-mallocr.o)
                0x0000000000006e78                _malloc_r
 .text          0x00000000000073cc       0xc8 /usr/lib/gcc/arm-none-eabi/6.3.1/../../../arm-none-eabi/lib/thumb/v7e-m/fpv5/hard/libg.a(lib_a-memmove.o)
                0x00000000000073cc                memmove
 .text          0x0000000000007494       0x9c /usr/lib/gcc/arm-none-eabi/6.3.1/../../../arm-none-eabi/lib/thumb/v7e-m/fpv5/hard/libg.a(lib_a-memset.o)
                0x0000000000007494                memset
 .text          0x0000000000007530        0x8 /usr/lib/gcc/arm-none-eabi/6.3.1/../../../arm-none-eabi/lib/thumb/v7e-m/fpv5/hard/libg.a(lib_a-mlock.o)
                0x0000000000007530                __malloc_lock
                0x0000000000007534                __malloc_unlock
 .text          0x0000000000007538       0x10 /usr/lib/gcc/arm-none-eabi/6.3.1/../../../arm-none-eabi/lib/thumb/v7e-m/fpv5/hard/libg.a(lib_a-realloc.o)
                0x0000000000007538                realloc
 .text          0x0000000000007548      0x34c /usr/lib/gcc/arm-none-eabi/6.3.1/../../../arm-none-eabi/lib/thumb/v7e-m/fpv5/hard/libg.a(lib_a-reallocr.o)
                0x0000000000007548                _realloc_r
 .text          0x0000000000007894       0x24 /usr/lib/gcc/arm-none-eabi/6.3.1/../../../arm-none-eabi/lib/thumb/v7e-m/fpv5/hard/libg.a(lib_a-sbrkr.o)
                0x0000000000007894                _sbrk_r
 *fill*         0x00000000000078b8        0x8 
 .text          0x00000000000078c0       0xdc /usr/lib/gcc/arm-none-eabi/6.3.1/../../../arm-none-eabi/lib/thumb/v7e-m/fpv5/hard/libg.a(lib_a-strlen.o)
                0x00000000000078c0                strlen
 .text          0x000000000000799c       0xa4 /usr/lib/gcc/arm-none-eabi/6.3.1/../../../arm-none-eabi/lib/thumb/v7e-m/fpv5/hard/libg.a(lib_a-__atexit.o)
                0x000000000000799c                __register_exitproc
 .text          0x0000000000007a40      0x26c /usr/lib/gcc/arm-none-eabi/6.3.1/../../../arm-none-eabi/lib/thumb/v7e-m/fpv5/hard/libg.a(lib_a-freer.o)
                0x0000000000007a40                _malloc_trim_r
                0x0000000000007ae0                _free_r
 *fill*         0x0000000000007cac        0x4 
 .text.__stub   0x0000000000007cb0        0x8 linker stubs
                0x0000000000007cc0                . = ALIGN (0x10)
 *fill*         0x0000000000007cb8        0x8 

.glue_7         0x0000000000007cc0        0x0 load address 0x0000000060009530
 .glue_7        0x0000000000007cc0        0x0 linker stubs

.glue_7t        0x0000000000007cc0        0x0 load address 0x0000000060009530
 .glue_7t       0x0000000000007cc0        0x0 linker stubs

.vfp11_veneer   0x0000000000007cc0        0x0 load address 0x0000000060009530
 .vfp11_veneer  0x0000000000007cc0        0x0 linker stubs

.v4_bx          0x0000000000007cc0        0x0 load address 0x0000000060009530
 .v4_bx         0x0000000000007cc0        0x0 linker stubs

.fini           0x0000000000007cc0        0x4 load address 0x0000000060009530
 .fini          0x0000000000007cc0        0x4 /usr/lib/gcc/arm-none-eabi/6.3.1/thumb/v7e-m/fpv5/hard/crti.o
                0x0000000000007cc0                _fini

.iplt           0x0000000000007cc4        0x0 load address 0x0000000060009534
 .iplt          0x0000000000007cc4        0x0 /usr/lib/gcc/arm-none-eabi/6.3.1/thumb/v7e-m/fpv5/hard/crtbegin.o

.eh_frame       0x0000000000007cc4        0x0 load address 0x0000000060009534
 .eh_frame      0x0000000000007cc4        0x0 /usr/lib/gcc/arm-none-eabi/6.3.1/thumb/v7e-m/fpv5/hard/crtbegin.o

.ARM.exidx.text.__aeabi_atexit
                0x0000000000007cc4        0x8 load address 0x0000000060009534
 .ARM.exidx.text.__aeabi_atexit
                0x0000000000007cc4        0x8 /usr/lib/gcc/arm-none-eabi/6.3.1/../../../arm-none-eabi/lib/thumb/v7e-m/fpv5/hard/libstdc++.a(atexit_arm.o)

.rel.dyn        0x0000000000007ccc        0x0 load address 0x000000006000953c
 .rel.iplt      0x0000000000007ccc        0x0 /usr/lib/gcc/arm-none-eabi/6.3.1/thumb/v7e-m/fpv5/hard/crtbegin.o

.data           0x0000000020000000     0x1860 load address 0x000000006000953c
 *(.rodata*)
 .rodata._ZTV14HardwareSerial
                0x0000000020000000       0x24 ./teensy4/HardwareSerial.o
                0x0000000020000000                vtable for HardwareSerial
 .rodata._ZL14UART6_Hardware
                0x0000000020000024       0x5c ./teensy4/HardwareSerial1.o
 .rodata._ZTV6Stream
                0x0000000020000080       0x24 ./teensy4/HardwareSerial1.o
                0x0000000020000080                vtable for Stream
 .rodata._ZTV9IPAddress
                0x00000000200000a4        0xc ./teensy4/IPAddress.o
                0x00000000200000a4                vtable for IPAddress
 .rodata._ZTV9Printable
                0x00000000200000b0        0xc ./teensy4/IPAddress.o
                0x00000000200000b0                vtable for Printable
 .rodata._ZTV5Print
                0x00000000200000bc       0x18 ./teensy4/Print.o
                0x00000000200000bc                vtable for Print
 .rodata.digital_pin_to_info_PGM
                0x00000000200000d4      0x280 ./teensy4/digital.o
                0x00000000200000d4                digital_pin_to_info_PGM
 .rodata.usb_descriptor_list
                0x0000000020000354       0x6c ./teensy4/usb_desc.o
                0x0000000020000354                usb_descriptor_list
 .rodata._ZTV16usb_serial_class
                0x00000000200003c0       0x28 ./teensy4/usb_inst.o
                0x00000000200003c0                vtable for usb_serial_class
 .rodata        0x00000000200003e8      0x1f8 ./main.o
 .rodata._ZN14rosserial_msgsL12REQUESTPARAME
                0x00000000200005e0       0x1c ./main.o
 .rodata._ZTVN3ros11NodeHandle_I15ArduinoHardwareLi25ELi25ELi512ELi512EEE
                0x00000000200005fc       0x14 ./main.o
                0x00000000200005fc                vtable for ros::NodeHandle_<ArduinoHardware, 25, 25, 512, 512>
 .rodata._ZTVN11sensor_msgs3ImuE
                0x0000000020000610       0x18 ./main.o
                0x0000000020000610                vtable for sensor_msgs::Imu
 .rodata._ZTVN13geometry_msgs7Vector3E
                0x0000000020000628       0x18 ./main.o
                0x0000000020000628                vtable for geometry_msgs::Vector3
 .rodata._ZTVN13geometry_msgs10QuaternionE
                0x0000000020000640       0x18 ./main.o
                0x0000000020000640                vtable for geometry_msgs::Quaternion
 .rodata._ZTVN8std_msgs6HeaderE
                0x0000000020000658       0x18 ./main.o
                0x0000000020000658                vtable for std_msgs::Header
 .rodata._ZTVN3ros15NodeHandleBase_E
                0x0000000020000670       0x14 ./main.o
                0x0000000020000670                vtable for ros::NodeHandleBase_
 .rodata._ZTVN14rosserial_msgs20RequestParamResponseE
                0x0000000020000684       0x18 ./main.o
                0x0000000020000684                vtable for rosserial_msgs::RequestParamResponse
 .rodata._ZTVN14rosserial_msgs3LogE
                0x000000002000069c       0x18 ./main.o
                0x000000002000069c                vtable for rosserial_msgs::Log
 .rodata._ZTVN14rosserial_msgs9TopicInfoE
                0x00000000200006b4       0x18 ./main.o
                0x00000000200006b4                vtable for rosserial_msgs::TopicInfo
 .rodata._ZTVN8std_msgs4TimeE
                0x00000000200006cc       0x18 ./main.o
                0x00000000200006cc                vtable for std_msgs::Time
 .rodata._ZTVN3ros3MsgE
                0x00000000200006e4       0x18 ./main.o
                0x00000000200006e4                vtable for ros::Msg
 .rodata        0x00000000200006fc        0x4 /usr/lib/gcc/arm-none-eabi/6.3.1/../../../arm-none-eabi/lib/thumb/v7e-m/fpv5/hard/libg.a(lib_a-impure.o)
                0x00000000200006fc                _global_impure_ptr
 .rodata.str1.4
                0x0000000020000700        0x4 /usr/lib/gcc/arm-none-eabi/6.3.1/../../../arm-none-eabi/lib/thumb/v7e-m/fpv5/hard/libg.a(lib_a-impure.o)
                                          0x2 (size before relaxing)
 *(.data*)
 .data          0x0000000020000704        0x4 /usr/lib/gcc/arm-none-eabi/6.3.1/thumb/v7e-m/fpv5/hard/crtbegin.o
                0x0000000020000704                __dso_handle
 .data._ZL14UART4_Hardware
                0x0000000020000708       0x5c ./teensy4/HardwareSerial2.o
 .data._ZL14UART2_Hardware
                0x0000000020000764       0x5c ./teensy4/HardwareSerial3.o
 .data._ZL14UART3_Hardware
                0x00000000200007c0       0x5c ./teensy4/HardwareSerial4.o
 .data._ZL14UART8_Hardware
                0x000000002000081c       0x5c ./teensy4/HardwareSerial5.o
 .data._ZL14UART1_Hardware
                0x0000000020000878       0x5c ./teensy4/HardwareSerial6.o
 .data._ZL14UART7_Hardware
                0x00000000200008d4       0x5c ./teensy4/HardwareSerial7.o
 .data._ZN13IntervalTimer14nvic_prioritesE
                0x0000000020000930        0x4 ./teensy4/IntervalTimer.o
                0x0000000020000930                IntervalTimer::nvic_priorites
 .data._ZL10tone_timer
                0x0000000020000934        0x8 ./teensy4/Tone.o
 .data.analog_config_bits
                0x000000002000093c        0x1 ./teensy4/analog.o
 .data.analog_num_average
                0x000000002000093d        0x1 ./teensy4/analog.o
 *fill*         0x000000002000093e        0x2 
 .data.F_CPU_ACTUAL
                0x0000000020000940        0x4 ./teensy4/clockspeed.o
                0x0000000020000940                F_CPU_ACTUAL
 .data.F_BUS_ACTUAL
                0x0000000020000944        0x4 ./teensy4/clockspeed.o
                0x0000000020000944                F_BUS_ACTUAL
 .data.isr_table_gpio1
                0x0000000020000948       0x80 ./teensy4/interrupt.o
                0x0000000020000948                isr_table_gpio1
 .data.isr_table_gpio2
                0x00000000200009c8       0x80 ./teensy4/interrupt.o
                0x00000000200009c8                isr_table_gpio2
 .data.isr_table_gpio3
                0x0000000020000a48       0x80 ./teensy4/interrupt.o
                0x0000000020000a48                isr_table_gpio3
 .data.isr_table_gpio4
                0x0000000020000ac8       0x80 ./teensy4/interrupt.o
                0x0000000020000ac8                isr_table_gpio4
 .data.__brkval
                0x0000000020000b48        0x4 ./teensy4/startup.o
                0x0000000020000b48                __brkval
 .data.frequency
                0x0000000020000b4c        0x2 ./teensy4/tempmon.o
 *fill*         0x0000000020000b4e        0x2 
 .data.highAlarmTemp
                0x0000000020000b50        0x4 ./teensy4/tempmon.o
 .data.lowAlarmTemp
                0x0000000020000b54        0x4 ./teensy4/tempmon.o
 .data.panicAlarmTemp
                0x0000000020000b58        0x4 ./teensy4/tempmon.o
 .data.device_descriptor
                0x0000000020000b5c       0x12 ./teensy4/usb_desc.o
 *fill*         0x0000000020000b6e        0x2 
 .data.qualifier_descriptor
                0x0000000020000b70        0xa ./teensy4/usb_desc.o
 *fill*         0x0000000020000b7a        0x2 
 .data.config_descriptor
                0x0000000020000b7c       0x43 ./teensy4/usb_desc.o
 *fill*         0x0000000020000bbf        0x1 
 .data.string0  0x0000000020000bc0        0x4 ./teensy4/usb_desc.o
                0x0000000020000bc0                string0
 .data.usb_string_manufacturer_name_default
                0x0000000020000bc4       0x18 ./teensy4/usb_desc.o
                0x0000000020000bc4                usb_string_manufacturer_name_default
                0x0000000020000bc4                usb_string_manufacturer_name
 .data.usb_string_product_name_default
                0x0000000020000bdc       0x16 ./teensy4/usb_desc.o
                0x0000000020000bdc                usb_string_product_name
                0x0000000020000bdc                usb_string_product_name_default
 *fill*         0x0000000020000bf2        0x2 
 .data.usb_string_serial_number_default
                0x0000000020000bf4       0x16 ./teensy4/usb_desc.o
                0x0000000020000bf4                usb_string_serial_number_default
                0x0000000020000bf4                usb_string_serial_number
 *fill*         0x0000000020000c0a        0x2 
 .data.Serial   0x0000000020000c0c       0x10 ./teensy4/usb_inst.o
                0x0000000020000c0c                Serial
 .data.usb_enable_serial_event_processing
                0x0000000020000c1c        0x1 ./teensy4/usb_inst.o
                0x0000000020000c1c                usb_enable_serial_event_processing
 .data.spin     0x0000000020000c1d        0x1 ./main.o
                0x0000000020000c1d                spin
 *fill*         0x0000000020000c1e        0x2 
 .data._ZL4rtab
                0x0000000020000c20      0x200 ./main.o
 .data._ZL6fcstab
                0x0000000020000e20      0x200 ./main.o
 .data          0x0000000020001020      0x430 /usr/lib/gcc/arm-none-eabi/6.3.1/../../../arm-none-eabi/lib/thumb/v7e-m/fpv5/hard/libg.a(lib_a-impure.o)
                0x0000000020001020                _impure_ptr
 .data          0x0000000020001450      0x410 /usr/lib/gcc/arm-none-eabi/6.3.1/../../../arm-none-eabi/lib/thumb/v7e-m/fpv5/hard/libg.a(lib_a-mallocr.o)
                0x0000000020001450                __malloc_av_
                0x0000000020001858                __malloc_sbrk_base
                0x000000002000185c                __malloc_trim_threshold
                0x0000000020001860                . = ALIGN (0x10)

.jcr            0x0000000020001860        0x0 load address 0x000000006000ad9c
 .jcr           0x0000000020001860        0x0 /usr/lib/gcc/arm-none-eabi/6.3.1/thumb/v7e-m/fpv5/hard/crtbegin.o

.tm_clone_table
                0x0000000020001860        0x0 load address 0x000000006000ad9c
 .tm_clone_table
                0x0000000020001860        0x0 /usr/lib/gcc/arm-none-eabi/6.3.1/thumb/v7e-m/fpv5/hard/crtbegin.o
 .tm_clone_table
                0x0000000020001860        0x0 /usr/lib/gcc/arm-none-eabi/6.3.1/thumb/v7e-m/fpv5/hard/crtend.o

.igot.plt       0x0000000020001860        0x0 load address 0x000000006000ad9c
 .igot.plt      0x0000000020001860        0x0 /usr/lib/gcc/arm-none-eabi/6.3.1/thumb/v7e-m/fpv5/hard/crtbegin.o

.bss            0x0000000020001860     0x3a60
 *(.bss*)
 .bss           0x0000000020001860       0x1c /usr/lib/gcc/arm-none-eabi/6.3.1/thumb/v7e-m/fpv5/hard/crtbegin.o
 .bss._ZN14EventResponder10firstYieldE
                0x000000002000187c        0x4 ./teensy4/EventResponder.o
                0x000000002000187c                EventResponder::firstYield
 .bss._ZN14EventResponder9lastYieldE
                0x0000000020001880        0x4 ./teensy4/EventResponder.o
                0x0000000020001880                EventResponder::lastYield
 .bss._ZN14EventResponder14firstInterruptE
                0x0000000020001884        0x4 ./teensy4/EventResponder.o
                0x0000000020001884                EventResponder::firstInterrupt
 .bss._ZN14EventResponder13lastInterruptE
                0x0000000020001888        0x4 ./teensy4/EventResponder.o
                0x0000000020001888                EventResponder::lastInterrupt
 .bss._ZN14EventResponder16runningFromYieldE
                0x000000002000188c        0x1 ./teensy4/EventResponder.o
                0x000000002000188c                EventResponder::runningFromYield
 *fill*         0x000000002000188d        0x3 
 .bss._ZN11MillisTimer11listWaitingE
                0x0000000020001890        0x4 ./teensy4/EventResponder.o
                0x0000000020001890                MillisTimer::listWaiting
 .bss._ZN11MillisTimer10listActiveE
                0x0000000020001894        0x4 ./teensy4/EventResponder.o
                0x0000000020001894                MillisTimer::listActive
 .bss._ZN14HardwareSerial27serial_event_handler_checksE
                0x0000000020001898       0x1c ./teensy4/HardwareSerial.o
                0x0000000020001898                HardwareSerial::serial_event_handler_checks
 .bss._ZN14HardwareSerial28serial_event_handlers_activeE
                0x00000000200018b4        0x1 ./teensy4/HardwareSerial.o
                0x00000000200018b4                HardwareSerial::serial_event_handlers_active
 *fill*         0x00000000200018b5        0x3 
 .bss._ZL10tx_buffer1
                0x00000000200018b8       0x40 ./teensy4/HardwareSerial1.o
 .bss._ZL10rx_buffer1
                0x00000000200018f8       0x40 ./teensy4/HardwareSerial1.o
 .bss.Serial1   0x0000000020001938       0x60 ./teensy4/HardwareSerial1.o
                0x0000000020001938                Serial1
 .bss._ZL10tx_buffer2
                0x0000000020001998       0x28 ./teensy4/HardwareSerial2.o
 .bss._ZL10rx_buffer2
                0x00000000200019c0       0x40 ./teensy4/HardwareSerial2.o
 .bss.Serial2   0x0000000020001a00       0x60 ./teensy4/HardwareSerial2.o
                0x0000000020001a00                Serial2
 .bss._ZL10tx_buffer3
                0x0000000020001a60       0x28 ./teensy4/HardwareSerial3.o
 .bss._ZL10rx_buffer3
                0x0000000020001a88       0x40 ./teensy4/HardwareSerial3.o
 .bss.Serial3   0x0000000020001ac8       0x60 ./teensy4/HardwareSerial3.o
                0x0000000020001ac8                Serial3
 .bss._ZL10tx_buffer4
                0x0000000020001b28       0x28 ./teensy4/HardwareSerial4.o
 .bss._ZL10rx_buffer4
                0x0000000020001b50       0x40 ./teensy4/HardwareSerial4.o
 .bss.Serial4   0x0000000020001b90       0x60 ./teensy4/HardwareSerial4.o
                0x0000000020001b90                Serial4
 .bss._ZL10tx_buffer5
                0x0000000020001bf0       0x28 ./teensy4/HardwareSerial5.o
 .bss._ZL10rx_buffer5
                0x0000000020001c18       0x40 ./teensy4/HardwareSerial5.o
 .bss.Serial5   0x0000000020001c58       0x60 ./teensy4/HardwareSerial5.o
                0x0000000020001c58                Serial5
 .bss._ZL10tx_buffer6
                0x0000000020001cb8       0x28 ./teensy4/HardwareSerial6.o
 .bss._ZL10rx_buffer6
                0x0000000020001ce0       0x40 ./teensy4/HardwareSerial6.o
 .bss.Serial6   0x0000000020001d20       0x60 ./teensy4/HardwareSerial6.o
                0x0000000020001d20                Serial6
 .bss._ZL10tx_buffer7
                0x0000000020001d80       0x28 ./teensy4/HardwareSerial7.o
 .bss._ZL10rx_buffer7
                0x0000000020001da8       0x40 ./teensy4/HardwareSerial7.o
 .bss.Serial7   0x0000000020001de8       0x60 ./teensy4/HardwareSerial7.o
                0x0000000020001de8                Serial7
 .bss._ZL11INADDR_NONE
                0x0000000020001e48        0x8 ./teensy4/IPAddress.o
 *fill*         0x0000000020001e50       0x10 
 .bss._ZL11funct_table
                0x0000000020001e60       0x10 ./teensy4/IntervalTimer.o
 .bss.calibrating
                0x0000000020001e70        0x1 ./teensy4/analog.o
 *fill*         0x0000000020001e71        0x3 
 .bss.systick_millis_count
                0x0000000020001e74        0x4 ./teensy4/delay.o
                0x0000000020001e74                systick_millis_count
 .bss.systick_cycle_count
                0x0000000020001e78        0x4 ./teensy4/delay.o
                0x0000000020001e78                systick_cycle_count
 .bss.s_hotTemp
                0x0000000020001e7c        0x4 ./teensy4/tempmon.o
 .bss.s_hotCount
                0x0000000020001e80        0x4 ./teensy4/tempmon.o
 .bss.s_roomC_hotC
                0x0000000020001e84        0x4 ./teensy4/tempmon.o
 .bss.s_hot_ROOM
                0x0000000020001e88        0x4 ./teensy4/tempmon.o
 *fill*         0x0000000020001e8c        0x4 
 .bss.endpoint0_setupdata
                0x0000000020001e90        0x8 ./teensy4/usb.o
 .bss.endpoint0_notify_mask
                0x0000000020001e98        0x4 ./teensy4/usb.o
 .bss.endpointN_notify_mask
                0x0000000020001e9c        0x4 ./teensy4/usb.o
 .bss.usb_configuration
                0x0000000020001ea0        0x1 ./teensy4/usb.o
                0x0000000020001ea0                usb_configuration
 *fill*         0x0000000020001ea1        0x3 
 .bss.endpoint0_buffer
                0x0000000020001ea4        0x8 ./teensy4/usb.o
 .bss.usb_reboot_timer
                0x0000000020001eac        0x1 ./teensy4/usb.o
 *fill*         0x0000000020001ead        0x3 
 .bss.usb_timer0_callback
                0x0000000020001eb0        0x4 ./teensy4/usb.o
                0x0000000020001eb0                usb_timer0_callback
 .bss.usb_timer1_callback
                0x0000000020001eb4        0x4 ./teensy4/usb.o
                0x0000000020001eb4                usb_timer1_callback
 .bss.reply_buffer
                0x0000000020001eb8        0x8 ./teensy4/usb.o
 .bss.usb_cdc_line_rtsdtr
                0x0000000020001ec0        0x1 ./teensy4/usb_serial.o
                0x0000000020001ec0                usb_cdc_line_rtsdtr
 .bss.tx_noautoflush
                0x0000000020001ec1        0x1 ./teensy4/usb_serial.o
 *fill*         0x0000000020001ec2       0x1e 
 .bss.tx_transfer
                0x0000000020001ee0       0xe0 ./teensy4/usb_serial.o
 .bss.txbuffer  0x0000000020001fc0      0x700 ./teensy4/usb_serial.o
 .bss.tx_head   0x00000000200026c0        0x1 ./teensy4/usb_serial.o
 *fill*         0x00000000200026c1        0x1 
 .bss.tx_available
                0x00000000200026c2        0x2 ./teensy4/usb_serial.o
 *fill*         0x00000000200026c4       0x1c 
 .bss.rx_transfer
                0x00000000200026e0       0x60 ./teensy4/usb_serial.o
 .bss.rx_buffer
                0x0000000020002740       0xc0 ./teensy4/usb_serial.o
 .bss.rx_count  0x0000000020002800        0x6 ./teensy4/usb_serial.o
 *fill*         0x0000000020002806        0x2 
 .bss.rx_index  0x0000000020002808        0x6 ./teensy4/usb_serial.o
 .bss.transmit_previous_timeout
                0x000000002000280e        0x1 ./teensy4/usb_serial.o
 .bss._ZZ5yieldE7running
                0x000000002000280f        0x1 ./teensy4/yield.o
 .bss.nh        0x0000000020002810      0x534 ./main.o
                0x0000000020002810                nh
 .bss.imu_msg   0x0000000020002d44       0xb8 ./main.o
                0x0000000020002d44                imu_msg
 .bss.imu_pub   0x0000000020002dfc       0x14 ./main.o
                0x0000000020002dfc                imu_pub
 .bss.ts        0x0000000020002e10        0x8 ./main.o
                0x0000000020002e10                ts
 .bss.buffer    0x0000000020002e18       0x1c ./main.o
                0x0000000020002e18                buffer
 .bss.derBuffer
                0x0000000020002e34        0x2 ./main.o
                0x0000000020002e34                derBuffer
 .bss.wordBuffer
                0x0000000020002e36        0x2 ./main.o
                0x0000000020002e36                wordBuffer
 .bss.inFrame   0x0000000020002e38        0x1 ./main.o
                0x0000000020002e38                inFrame
 .bss.ready     0x0000000020002e39        0x1 ./main.o
                0x0000000020002e39                ready
 *fill*         0x0000000020002e3a        0x2 
 .bss.bitCounter
                0x0000000020002e3c        0x4 ./main.o
                0x0000000020002e3c                bitCounter
 .bss.idx       0x0000000020002e40        0x4 ./main.o
                0x0000000020002e40                idx
 *fill*         0x0000000020002e44        0x4 
 .bss.raw_imu_data
                0x0000000020002e48       0x28 ./main.o
                0x0000000020002e48                raw_imu_data
 .bss.raw_imu_data1
                0x0000000020002e70       0x28 ./main.o
                0x0000000020002e70                raw_imu_data1
 .bss           0x0000000020002e98       0x34 /usr/lib/gcc/arm-none-eabi/6.3.1/../../../arm-none-eabi/lib/thumb/v7e-m/fpv5/hard/libg.a(lib_a-mallocr.o)
                0x0000000020002e98                __malloc_top_pad
                0x0000000020002e9c                __malloc_current_mallinfo
                0x0000000020002ec4                __malloc_max_sbrked_mem
                0x0000000020002ec8                __malloc_max_total_mem
 *(COMMON)
 COMMON         0x0000000020002ecc        0x4 ./teensy4/delay.o
                0x0000000020002ecc                systick_safe_read
 *fill*         0x0000000020002ed0      0x130 
 COMMON         0x0000000020003000      0x2c0 ./teensy4/startup.o
                0x0000000020003000                _VectorsRam
 *fill*         0x00000000200032c0      0xd40 
 COMMON         0x0000000020004000     0x1280 ./teensy4/usb.o
                0x0000000020004000                endpoint0_transfer_data
                0x0000000020004020                endpoint0_transfer_ack
                0x0000000020005000                endpoint_queue_head
 COMMON         0x0000000020005280        0xc ./teensy4/usb_serial.o
                0x0000000020005280                usb_cdc_line_coding
                0x0000000020005288                usb_cdc_line_rtsdtr_millis
 COMMON         0x000000002000528c        0x4 /usr/lib/gcc/arm-none-eabi/6.3.1/../../../arm-none-eabi/lib/thumb/v7e-m/fpv5/hard/libg.a(lib_a-reent.o)
                0x000000002000528c                errno
                0x00000000200052a0                . = ALIGN (0x20)
 *fill*         0x0000000020005290       0x10 
                0x00000000200052c0                . = (. + 0x20)
 *fill*         0x00000000200052a0       0x20 

.bss.dma        0x0000000020200000        0x0
 *(.dmabuffers)
                0x0000000020200000                . = ALIGN (0x10)
                0x0000000000000000                _stext = ADDR (.text.itcm)
                0x0000000000007cc0                _etext = (ADDR (.text.itcm) + SIZEOF (.text.itcm))
                0x0000000060001870                _stextload = LOADADDR (.text.itcm)
                0x0000000020000000                _sdata = ADDR (.data)
                0x0000000020001860                _edata = (ADDR (.data) + SIZEOF (.data))
                0x000000006000953c                _sdataload = LOADADDR (.data)
                0x0000000020001860                _sbss = ADDR (.bss)
                0x00000000200052c0                _ebss = (ADDR (.bss) + SIZEOF (.bss))
                0x0000000020200000                _heap_start = (ADDR (.bss.dma) + SIZEOF (.bss.dma))
                0x0000000020280000                _heap_end = (ORIGIN (RAM) + LENGTH (RAM))
                0x0000000000000001                _itcm_block_count = ((SIZEOF (.text.itcm) + 0x7ffe) >> 0xf)
                0x00000000aaaaaaab                _flexram_bank_config = (0xaaaaaaaa | ((0x1 << (_itcm_block_count * 0x2)) - 0x1))
                0x0000000020078000                _estack = (ORIGIN (DTCM) + ((0x10 - _itcm_block_count) << 0xf))
                0x000000000000ad90                _flashimagelen = ((SIZEOF (.text.progmem) + SIZEOF (.text.itcm)) + SIZEOF (.data))
                0x0000000000000024                _teensy_model_identifier = 0x24

.ARM.attributes
                0x0000000000000000       0x2e
 .ARM.attributes
                0x0000000000000000       0x20 /usr/lib/gcc/arm-none-eabi/6.3.1/thumb/v7e-m/fpv5/hard/crti.o
 .ARM.attributes
                0x0000000000000020       0x32 /usr/lib/gcc/arm-none-eabi/6.3.1/thumb/v7e-m/fpv5/hard/crtbegin.o
 .ARM.attributes
                0x0000000000000052       0x37 ./teensy4/EventResponder.o
 .ARM.attributes
                0x0000000000000089       0x37 ./teensy4/HardwareSerial.o
 .ARM.attributes
                0x00000000000000c0       0x37 ./teensy4/HardwareSerial1.o
 .ARM.attributes
                0x00000000000000f7       0x37 ./teensy4/HardwareSerial2.o
 .ARM.attributes
                0x000000000000012e       0x37 ./teensy4/HardwareSerial3.o
 .ARM.attributes
                0x0000000000000165       0x37 ./teensy4/HardwareSerial4.o
 .ARM.attributes
                0x000000000000019c       0x37 ./teensy4/HardwareSerial5.o
 .ARM.attributes
                0x00000000000001d3       0x37 ./teensy4/HardwareSerial6.o
 .ARM.attributes
                0x000000000000020a       0x37 ./teensy4/HardwareSerial7.o
 .ARM.attributes
                0x0000000000000241       0x37 ./teensy4/IPAddress.o
 .ARM.attributes
                0x0000000000000278       0x37 ./teensy4/IntervalTimer.o
 .ARM.attributes
                0x00000000000002af       0x37 ./teensy4/Print.o
 .ARM.attributes
                0x00000000000002e6       0x37 ./teensy4/Tone.o
 .ARM.attributes
                0x000000000000031d       0x37 ./teensy4/analog.o
 .ARM.attributes
                0x0000000000000354       0x37 ./teensy4/bootdata.o
 .ARM.attributes
                0x000000000000038b       0x37 ./teensy4/clockspeed.o
 .ARM.attributes
                0x00000000000003c2       0x37 ./teensy4/delay.o
 .ARM.attributes
                0x00000000000003f9       0x37 ./teensy4/digital.o
 .ARM.attributes
                0x0000000000000430       0x37 ./teensy4/interrupt.o
 .ARM.attributes
                0x0000000000000467       0x23 ./teensy4/memcpy-armv7m.o
 .ARM.attributes
                0x000000000000048a       0x37 ./teensy4/nonstd.o
 .ARM.attributes
                0x00000000000004c1       0x37 ./teensy4/pwm.o
 .ARM.attributes
                0x00000000000004f8       0x37 ./teensy4/startup.o
 .ARM.attributes
                0x000000000000052f       0x37 ./teensy4/tempmon.o
 .ARM.attributes
                0x0000000000000566       0x37 ./teensy4/usb.o
 .ARM.attributes
                0x000000000000059d       0x37 ./teensy4/usb_desc.o
 .ARM.attributes
                0x00000000000005d4       0x37 ./teensy4/usb_inst.o
 .ARM.attributes
                0x000000000000060b       0x37 ./teensy4/usb_serial.o
 .ARM.attributes
                0x0000000000000642       0x37 ./teensy4/yield.o
 .ARM.attributes
                0x0000000000000679       0x37 ./ros_lib/time.o
 .ARM.attributes
                0x00000000000006b0       0x37 ./main.o
 .ARM.attributes
                0x00000000000006e7       0x32 /usr/lib/gcc/arm-none-eabi/6.3.1/../../../arm-none-eabi/lib/thumb/v7e-m/fpv5/hard/libstdc++.a(atexit_arm.o)
 .ARM.attributes
                0x0000000000000719       0x32 /usr/lib/gcc/arm-none-eabi/6.3.1/../../../arm-none-eabi/lib/thumb/v7e-m/fpv5/hard/libm.a(lib_a-s_floor.o)
 .ARM.attributes
                0x000000000000074b       0x32 /usr/lib/gcc/arm-none-eabi/6.3.1/../../../arm-none-eabi/lib/thumb/v7e-m/fpv5/hard/libm.a(lib_a-s_round.o)
 .ARM.attributes
                0x000000000000077d       0x32 /usr/lib/gcc/arm-none-eabi/6.3.1/../../../arm-none-eabi/lib/thumb/v7e-m/fpv5/hard/libg.a(lib_a-cxa_atexit.o)
 .ARM.attributes
                0x00000000000007af       0x32 /usr/lib/gcc/arm-none-eabi/6.3.1/../../../arm-none-eabi/lib/thumb/v7e-m/fpv5/hard/libg.a(lib_a-errno.o)
 .ARM.attributes
                0x00000000000007e1       0x32 /usr/lib/gcc/arm-none-eabi/6.3.1/../../../arm-none-eabi/lib/thumb/v7e-m/fpv5/hard/libg.a(lib_a-impure.o)
 .ARM.attributes
                0x0000000000000813       0x32 /usr/lib/gcc/arm-none-eabi/6.3.1/../../../arm-none-eabi/lib/thumb/v7e-m/fpv5/hard/libg.a(lib_a-init.o)
 .ARM.attributes
                0x0000000000000845       0x32 /usr/lib/gcc/arm-none-eabi/6.3.1/../../../arm-none-eabi/lib/thumb/v7e-m/fpv5/hard/libg.a(lib_a-malloc.o)
 .ARM.attributes
                0x0000000000000877       0x32 /usr/lib/gcc/arm-none-eabi/6.3.1/../../../arm-none-eabi/lib/thumb/v7e-m/fpv5/hard/libg.a(lib_a-mallocr.o)
 .ARM.attributes
                0x00000000000008a9       0x32 /usr/lib/gcc/arm-none-eabi/6.3.1/../../../arm-none-eabi/lib/thumb/v7e-m/fpv5/hard/libg.a(lib_a-memmove.o)
 .ARM.attributes
                0x00000000000008db       0x32 /usr/lib/gcc/arm-none-eabi/6.3.1/../../../arm-none-eabi/lib/thumb/v7e-m/fpv5/hard/libg.a(lib_a-memset.o)
 .ARM.attributes
                0x000000000000090d       0x32 /usr/lib/gcc/arm-none-eabi/6.3.1/../../../arm-none-eabi/lib/thumb/v7e-m/fpv5/hard/libg.a(lib_a-mlock.o)
 .ARM.attributes
                0x000000000000093f       0x32 /usr/lib/gcc/arm-none-eabi/6.3.1/../../../arm-none-eabi/lib/thumb/v7e-m/fpv5/hard/libg.a(lib_a-realloc.o)
 .ARM.attributes
                0x0000000000000971       0x32 /usr/lib/gcc/arm-none-eabi/6.3.1/../../../arm-none-eabi/lib/thumb/v7e-m/fpv5/hard/libg.a(lib_a-reallocr.o)
 .ARM.attributes
                0x00000000000009a3       0x32 /usr/lib/gcc/arm-none-eabi/6.3.1/../../../arm-none-eabi/lib/thumb/v7e-m/fpv5/hard/libg.a(lib_a-sbrkr.o)
 .ARM.attributes
                0x00000000000009d5       0x1e /usr/lib/gcc/arm-none-eabi/6.3.1/../../../arm-none-eabi/lib/thumb/v7e-m/fpv5/hard/libg.a(lib_a-strlen.o)
 .ARM.attributes
                0x00000000000009f3       0x32 /usr/lib/gcc/arm-none-eabi/6.3.1/../../../arm-none-eabi/lib/thumb/v7e-m/fpv5/hard/libg.a(lib_a-__atexit.o)
 .ARM.attributes
                0x0000000000000a25       0x32 /usr/lib/gcc/arm-none-eabi/6.3.1/../../../arm-none-eabi/lib/thumb/v7e-m/fpv5/hard/libg.a(lib_a-freer.o)
 .ARM.attributes
                0x0000000000000a57       0x32 /usr/lib/gcc/arm-none-eabi/6.3.1/../../../arm-none-eabi/lib/thumb/v7e-m/fpv5/hard/libg.a(lib_a-reent.o)
 .ARM.attributes
                0x0000000000000a89       0x32 /usr/lib/gcc/arm-none-eabi/6.3.1/thumb/v7e-m/fpv5/hard/crtend.o
 .ARM.attributes
                0x0000000000000abb       0x20 /usr/lib/gcc/arm-none-eabi/6.3.1/thumb/v7e-m/fpv5/hard/crtn.o

.comment        0x0000000000000000       0x5c
 .comment       0x0000000000000000       0x31 /usr/lib/gcc/arm-none-eabi/6.3.1/thumb/v7e-m/fpv5/hard/crtbegin.o
                                         0x32 (size before relaxing)
 .comment       0x0000000000000031       0x32 ./teensy4/EventResponder.o
 .comment       0x0000000000000031       0x32 ./teensy4/HardwareSerial.o
 .comment       0x0000000000000031       0x32 ./teensy4/HardwareSerial1.o
 .comment       0x0000000000000031       0x32 ./teensy4/HardwareSerial2.o
 .comment       0x0000000000000031       0x32 ./teensy4/HardwareSerial3.o
 .comment       0x0000000000000031       0x32 ./teensy4/HardwareSerial4.o
 .comment       0x0000000000000031       0x32 ./teensy4/HardwareSerial5.o
 .comment       0x0000000000000031       0x32 ./teensy4/HardwareSerial6.o
 .comment       0x0000000000000031       0x32 ./teensy4/HardwareSerial7.o
 .comment       0x0000000000000031       0x32 ./teensy4/IPAddress.o
 .comment       0x0000000000000031       0x32 ./teensy4/IntervalTimer.o
 .comment       0x0000000000000031       0x32 ./teensy4/Print.o
 .comment       0x0000000000000031       0x32 ./teensy4/Tone.o
 .comment       0x0000000000000031       0x32 ./teensy4/analog.o
 .comment       0x0000000000000031       0x32 ./teensy4/bootdata.o
 .comment       0x0000000000000031       0x32 ./teensy4/clockspeed.o
 .comment       0x0000000000000031       0x32 ./teensy4/delay.o
 .comment       0x0000000000000031       0x32 ./teensy4/digital.o
 .comment       0x0000000000000031       0x32 ./teensy4/interrupt.o
 .comment       0x0000000000000031       0x32 ./teensy4/nonstd.o
 .comment       0x0000000000000031       0x32 ./teensy4/pwm.o
 .comment       0x0000000000000031       0x32 ./teensy4/startup.o
 .comment       0x0000000000000031       0x32 ./teensy4/tempmon.o
 .comment       0x0000000000000031       0x32 ./teensy4/usb.o
 .comment       0x0000000000000031       0x32 ./teensy4/usb_desc.o
 .comment       0x0000000000000031       0x32 ./teensy4/usb_inst.o
 .comment       0x0000000000000031       0x32 ./teensy4/usb_serial.o
 .comment       0x0000000000000031       0x32 ./teensy4/yield.o
 .comment       0x0000000000000031       0x32 ./ros_lib/time.o
 .comment       0x0000000000000031       0x32 ./main.o
 .comment       0x0000000000000031       0x2b /usr/lib/gcc/arm-none-eabi/6.3.1/../../../arm-none-eabi/lib/thumb/v7e-m/fpv5/hard/libstdc++.a(atexit_arm.o)
                                         0x2c (size before relaxing)
 .comment       0x000000000000005c       0x32 /usr/lib/gcc/arm-none-eabi/6.3.1/../../../arm-none-eabi/lib/thumb/v7e-m/fpv5/hard/libm.a(lib_a-s_floor.o)
 .comment       0x000000000000005c       0x32 /usr/lib/gcc/arm-none-eabi/6.3.1/../../../arm-none-eabi/lib/thumb/v7e-m/fpv5/hard/libm.a(lib_a-s_round.o)
 .comment       0x000000000000005c       0x32 /usr/lib/gcc/arm-none-eabi/6.3.1/../../../arm-none-eabi/lib/thumb/v7e-m/fpv5/hard/libg.a(lib_a-cxa_atexit.o)
 .comment       0x000000000000005c       0x32 /usr/lib/gcc/arm-none-eabi/6.3.1/../../../arm-none-eabi/lib/thumb/v7e-m/fpv5/hard/libg.a(lib_a-errno.o)
 .comment       0x000000000000005c       0x32 /usr/lib/gcc/arm-none-eabi/6.3.1/../../../arm-none-eabi/lib/thumb/v7e-m/fpv5/hard/libg.a(lib_a-impure.o)
 .comment       0x000000000000005c       0x32 /usr/lib/gcc/arm-none-eabi/6.3.1/../../../arm-none-eabi/lib/thumb/v7e-m/fpv5/hard/libg.a(lib_a-init.o)
 .comment       0x000000000000005c       0x32 /usr/lib/gcc/arm-none-eabi/6.3.1/../../../arm-none-eabi/lib/thumb/v7e-m/fpv5/hard/libg.a(lib_a-malloc.o)
 .comment       0x000000000000005c       0x32 /usr/lib/gcc/arm-none-eabi/6.3.1/../../../arm-none-eabi/lib/thumb/v7e-m/fpv5/hard/libg.a(lib_a-mallocr.o)
 .comment       0x000000000000005c       0x32 /usr/lib/gcc/arm-none-eabi/6.3.1/../../../arm-none-eabi/lib/thumb/v7e-m/fpv5/hard/libg.a(lib_a-memmove.o)
 .comment       0x000000000000005c       0x32 /usr/lib/gcc/arm-none-eabi/6.3.1/../../../arm-none-eabi/lib/thumb/v7e-m/fpv5/hard/libg.a(lib_a-memset.o)
 .comment       0x000000000000005c       0x32 /usr/lib/gcc/arm-none-eabi/6.3.1/../../../arm-none-eabi/lib/thumb/v7e-m/fpv5/hard/libg.a(lib_a-mlock.o)
 .comment       0x000000000000005c       0x32 /usr/lib/gcc/arm-none-eabi/6.3.1/../../../arm-none-eabi/lib/thumb/v7e-m/fpv5/hard/libg.a(lib_a-realloc.o)
 .comment       0x000000000000005c       0x32 /usr/lib/gcc/arm-none-eabi/6.3.1/../../../arm-none-eabi/lib/thumb/v7e-m/fpv5/hard/libg.a(lib_a-reallocr.o)
 .comment       0x000000000000005c       0x32 /usr/lib/gcc/arm-none-eabi/6.3.1/../../../arm-none-eabi/lib/thumb/v7e-m/fpv5/hard/libg.a(lib_a-sbrkr.o)
 .comment       0x000000000000005c       0x32 /usr/lib/gcc/arm-none-eabi/6.3.1/../../../arm-none-eabi/lib/thumb/v7e-m/fpv5/hard/libg.a(lib_a-__atexit.o)
 .comment       0x000000000000005c       0x32 /usr/lib/gcc/arm-none-eabi/6.3.1/../../../arm-none-eabi/lib/thumb/v7e-m/fpv5/hard/libg.a(lib_a-freer.o)
 .comment       0x000000000000005c       0x32 /usr/lib/gcc/arm-none-eabi/6.3.1/../../../arm-none-eabi/lib/thumb/v7e-m/fpv5/hard/libg.a(lib_a-reent.o)
 .comment       0x000000000000005c       0x32 /usr/lib/gcc/arm-none-eabi/6.3.1/thumb/v7e-m/fpv5/hard/crtend.o

.debug_info     0x0000000000000000    0x5ebc1
 *(.debug_info)
 .debug_info    0x0000000000000000     0x3998 ./teensy4/EventResponder.o
 .debug_info    0x0000000000003998     0x4278 ./teensy4/HardwareSerial.o
 .debug_info    0x0000000000007c10     0x4822 ./teensy4/HardwareSerial1.o
 .debug_info    0x000000000000c432     0x46dc ./teensy4/HardwareSerial2.o
 .debug_info    0x0000000000010b0e     0x46dc ./teensy4/HardwareSerial3.o
 .debug_info    0x00000000000151ea     0x46dc ./teensy4/HardwareSerial4.o
 .debug_info    0x00000000000198c6     0x46dc ./teensy4/HardwareSerial5.o
 .debug_info    0x000000000001dfa2     0x46dc ./teensy4/HardwareSerial6.o
 .debug_info    0x000000000002267e     0x46dc ./teensy4/HardwareSerial7.o
 .debug_info    0x0000000000026d5a     0x366d ./teensy4/IPAddress.o
 .debug_info    0x000000000002a3c7     0x172d ./teensy4/IntervalTimer.o
 .debug_info    0x000000000002baf4     0x3cb5 ./teensy4/Print.o
 .debug_info    0x000000000002f7a9     0x392f ./teensy4/Tone.o
 .debug_info    0x00000000000330d8     0x11eb ./teensy4/analog.o
 .debug_info    0x00000000000342c3      0x133 ./teensy4/bootdata.o
 .debug_info    0x00000000000343f6     0x1982 ./teensy4/clockspeed.o
 .debug_info    0x0000000000035d78      0xdb1 ./teensy4/delay.o
 .debug_info    0x0000000000036b29     0x1423 ./teensy4/digital.o
 .debug_info    0x0000000000037f4c     0x1fd2 ./teensy4/interrupt.o
 .debug_info    0x0000000000039f1e       0x7d ./teensy4/memcpy-armv7m.o
 .debug_info    0x0000000000039f9b      0xaab ./teensy4/nonstd.o
 .debug_info    0x000000000003aa46     0x2740 ./teensy4/pwm.o
 .debug_info    0x000000000003d186     0x1f4d ./teensy4/startup.o
 .debug_info    0x000000000003f0d3     0x11c0 ./teensy4/tempmon.o
 .debug_info    0x0000000000040293     0x25e7 ./teensy4/usb.o
 .debug_info    0x000000000004287a     0x1107 ./teensy4/usb_desc.o
 .debug_info    0x0000000000043981     0x323a ./teensy4/usb_inst.o
 .debug_info    0x0000000000046bbb     0x1d96 ./teensy4/usb_serial.o
 .debug_info    0x0000000000048951     0x34cd ./teensy4/yield.o
 .debug_info    0x000000000004be1e      0xd40 ./ros_lib/time.o
 .debug_info    0x000000000004cb5e     0x7a09 ./main.o
 .debug_info    0x0000000000054567      0x3b2 /usr/lib/gcc/arm-none-eabi/6.3.1/../../../arm-none-eabi/lib/thumb/v7e-m/fpv5/hard/libstdc++.a(atexit_arm.o)
 .debug_info    0x0000000000054919      0x9dc /usr/lib/gcc/arm-none-eabi/6.3.1/../../../arm-none-eabi/lib/thumb/v7e-m/fpv5/hard/libm.a(lib_a-s_floor.o)
 .debug_info    0x00000000000552f5      0x9fe /usr/lib/gcc/arm-none-eabi/6.3.1/../../../arm-none-eabi/lib/thumb/v7e-m/fpv5/hard/libm.a(lib_a-s_round.o)
 .debug_info    0x0000000000055cf3      0x938 /usr/lib/gcc/arm-none-eabi/6.3.1/../../../arm-none-eabi/lib/thumb/v7e-m/fpv5/hard/libg.a(lib_a-cxa_atexit.o)
 .debug_info    0x000000000005662b      0x8cc /usr/lib/gcc/arm-none-eabi/6.3.1/../../../arm-none-eabi/lib/thumb/v7e-m/fpv5/hard/libg.a(lib_a-errno.o)
 .debug_info    0x0000000000056ef7      0x8a5 /usr/lib/gcc/arm-none-eabi/6.3.1/../../../arm-none-eabi/lib/thumb/v7e-m/fpv5/hard/libg.a(lib_a-impure.o)
 .debug_info    0x000000000005779c      0x110 /usr/lib/gcc/arm-none-eabi/6.3.1/../../../arm-none-eabi/lib/thumb/v7e-m/fpv5/hard/libg.a(lib_a-init.o)
 .debug_info    0x00000000000578ac      0x922 /usr/lib/gcc/arm-none-eabi/6.3.1/../../../arm-none-eabi/lib/thumb/v7e-m/fpv5/hard/libg.a(lib_a-malloc.o)
 .debug_info    0x00000000000581ce      0xdf1 /usr/lib/gcc/arm-none-eabi/6.3.1/../../../arm-none-eabi/lib/thumb/v7e-m/fpv5/hard/libg.a(lib_a-mallocr.o)
 .debug_info    0x0000000000058fbf      0x92a /usr/lib/gcc/arm-none-eabi/6.3.1/../../../arm-none-eabi/lib/thumb/v7e-m/fpv5/hard/libg.a(lib_a-memmove.o)
 .debug_info    0x00000000000598e9      0x91b /usr/lib/gcc/arm-none-eabi/6.3.1/../../../arm-none-eabi/lib/thumb/v7e-m/fpv5/hard/libg.a(lib_a-memset.o)
 .debug_info    0x000000000005a204      0x8d8 /usr/lib/gcc/arm-none-eabi/6.3.1/../../../arm-none-eabi/lib/thumb/v7e-m/fpv5/hard/libg.a(lib_a-mlock.o)
 .debug_info    0x000000000005aadc      0x8f6 /usr/lib/gcc/arm-none-eabi/6.3.1/../../../arm-none-eabi/lib/thumb/v7e-m/fpv5/hard/libg.a(lib_a-realloc.o)
 .debug_info    0x000000000005b3d2      0xdac /usr/lib/gcc/arm-none-eabi/6.3.1/../../../arm-none-eabi/lib/thumb/v7e-m/fpv5/hard/libg.a(lib_a-reallocr.o)
 .debug_info    0x000000000005c17e      0x95a /usr/lib/gcc/arm-none-eabi/6.3.1/../../../arm-none-eabi/lib/thumb/v7e-m/fpv5/hard/libg.a(lib_a-sbrkr.o)
 .debug_info    0x000000000005cad8       0xd8 /usr/lib/gcc/arm-none-eabi/6.3.1/../../../arm-none-eabi/lib/thumb/v7e-m/fpv5/hard/libg.a(lib_a-strlen.o)
 .debug_info    0x000000000005cbb0      0x950 /usr/lib/gcc/arm-none-eabi/6.3.1/../../../arm-none-eabi/lib/thumb/v7e-m/fpv5/hard/libg.a(lib_a-__atexit.o)
 .debug_info    0x000000000005d500      0xca9 /usr/lib/gcc/arm-none-eabi/6.3.1/../../../arm-none-eabi/lib/thumb/v7e-m/fpv5/hard/libg.a(lib_a-freer.o)
 .debug_info    0x000000000005e1a9      0xa18 /usr/lib/gcc/arm-none-eabi/6.3.1/../../../arm-none-eabi/lib/thumb/v7e-m/fpv5/hard/libg.a(lib_a-reent.o)

.debug_abbrev   0x0000000000000000     0xaec3
 *(.debug_abbrev)
 .debug_abbrev  0x0000000000000000      0x776 ./teensy4/EventResponder.o
 .debug_abbrev  0x0000000000000776      0x758 ./teensy4/HardwareSerial.o
 .debug_abbrev  0x0000000000000ece      0x6f5 ./teensy4/HardwareSerial1.o
 .debug_abbrev  0x00000000000015c3      0x6a2 ./teensy4/HardwareSerial2.o
 .debug_abbrev  0x0000000000001c65      0x6a2 ./teensy4/HardwareSerial3.o
 .debug_abbrev  0x0000000000002307      0x6a2 ./teensy4/HardwareSerial4.o
 .debug_abbrev  0x00000000000029a9      0x6a2 ./teensy4/HardwareSerial5.o
 .debug_abbrev  0x000000000000304b      0x6a2 ./teensy4/HardwareSerial6.o
 .debug_abbrev  0x00000000000036ed      0x6a2 ./teensy4/HardwareSerial7.o
 .debug_abbrev  0x0000000000003d8f      0x6a9 ./teensy4/IPAddress.o
 .debug_abbrev  0x0000000000004438      0x264 ./teensy4/IntervalTimer.o
 .debug_abbrev  0x000000000000469c      0x659 ./teensy4/Print.o
 .debug_abbrev  0x0000000000004cf5      0x687 ./teensy4/Tone.o
 .debug_abbrev  0x000000000000537c      0x18f ./teensy4/analog.o
 .debug_abbrev  0x000000000000550b       0x71 ./teensy4/bootdata.o
 .debug_abbrev  0x000000000000557c      0x1ff ./teensy4/clockspeed.o
 .debug_abbrev  0x000000000000577b      0x2cc ./teensy4/delay.o
 .debug_abbrev  0x0000000000005a47      0x1c3 ./teensy4/digital.o
 .debug_abbrev  0x0000000000005c0a      0x2fd ./teensy4/interrupt.o
 .debug_abbrev  0x0000000000005f07       0x14 ./teensy4/memcpy-armv7m.o
 .debug_abbrev  0x0000000000005f1b      0x232 ./teensy4/nonstd.o
 .debug_abbrev  0x000000000000614d      0x273 ./teensy4/pwm.o
 .debug_abbrev  0x00000000000063c0      0x3c0 ./teensy4/startup.o
 .debug_abbrev  0x0000000000006780      0x15e ./teensy4/tempmon.o
 .debug_abbrev  0x00000000000068de      0x364 ./teensy4/usb.o
 .debug_abbrev  0x0000000000006c42      0x172 ./teensy4/usb_desc.o