Archive member included to satisfy reference by file (symbol)

/usr/lib/gcc/arm-none-eabi/6.3.1/../../../arm-none-eabi/lib/thumb/v7e-m/fpv5/hard/libstdc++.a(atexit_arm.o)
                              ./teensy4/Tone.o (__aeabi_atexit)
/usr/lib/gcc/arm-none-eabi/6.3.1/../../../arm-none-eabi/lib/thumb/v7e-m/fpv5/hard/libg.a(lib_a-atexit.o)
                              /usr/lib/gcc/arm-none-eabi/6.3.1/../../../arm-none-eabi/lib/thumb/v7e-m/fpv5/hard/crt0.o (atexit)
/usr/lib/gcc/arm-none-eabi/6.3.1/../../../arm-none-eabi/lib/thumb/v7e-m/fpv5/hard/libg.a(lib_a-atol.o)
                              ./teensy4/WString.o (atol)
/usr/lib/gcc/arm-none-eabi/6.3.1/../../../arm-none-eabi/lib/thumb/v7e-m/fpv5/hard/libg.a(lib_a-cxa_atexit.o)
                              /usr/lib/gcc/arm-none-eabi/6.3.1/../../../arm-none-eabi/lib/thumb/v7e-m/fpv5/hard/libstdc++.a(atexit_arm.o) (__cxa_atexit)
/usr/lib/gcc/arm-none-eabi/6.3.1/../../../arm-none-eabi/lib/thumb/v7e-m/fpv5/hard/libg.a(lib_a-efgcvt.o)
                              ./teensy4/nonstd.o (fcvtf)
/usr/lib/gcc/arm-none-eabi/6.3.1/../../../arm-none-eabi/lib/thumb/v7e-m/fpv5/hard/libg.a(lib_a-errno.o)
                              ./teensy4/startup.o (__errno)
/usr/lib/gcc/arm-none-eabi/6.3.1/../../../arm-none-eabi/lib/thumb/v7e-m/fpv5/hard/libg.a(lib_a-exit.o)
                              /usr/lib/gcc/arm-none-eabi/6.3.1/../../../arm-none-eabi/lib/thumb/v7e-m/fpv5/hard/crt0.o (exit)
/usr/lib/gcc/arm-none-eabi/6.3.1/../../../arm-none-eabi/lib/thumb/v7e-m/fpv5/hard/libg.a(lib_a-fini.o)
                              /usr/lib/gcc/arm-none-eabi/6.3.1/../../../arm-none-eabi/lib/thumb/v7e-m/fpv5/hard/crt0.o (__libc_fini_array)
/usr/lib/gcc/arm-none-eabi/6.3.1/../../../arm-none-eabi/lib/thumb/v7e-m/fpv5/hard/libg.a(lib_a-impure.o)
                              /usr/lib/gcc/arm-none-eabi/6.3.1/../../../arm-none-eabi/lib/thumb/v7e-m/fpv5/hard/libg.a(lib_a-exit.o) (_global_impure_ptr)
/usr/lib/gcc/arm-none-eabi/6.3.1/../../../arm-none-eabi/lib/thumb/v7e-m/fpv5/hard/libg.a(lib_a-init.o)
                              /usr/lib/gcc/arm-none-eabi/6.3.1/../../../arm-none-eabi/lib/thumb/v7e-m/fpv5/hard/crt0.o (__libc_init_array)
/usr/lib/gcc/arm-none-eabi/6.3.1/../../../arm-none-eabi/lib/thumb/v7e-m/fpv5/hard/libg.a(lib_a-isspace.o)
                              ./teensy4/WString.o (isspace)
/usr/lib/gcc/arm-none-eabi/6.3.1/../../../arm-none-eabi/lib/thumb/v7e-m/fpv5/hard/libg.a(lib_a-itoa.o)
                              ./teensy4/WString.o (itoa)
/usr/lib/gcc/arm-none-eabi/6.3.1/../../../arm-none-eabi/lib/thumb/v7e-m/fpv5/hard/libg.a(lib_a-malloc.o)
                              ./teensy4/new.o (malloc)
/usr/lib/gcc/arm-none-eabi/6.3.1/../../../arm-none-eabi/lib/thumb/v7e-m/fpv5/hard/libg.a(lib_a-mallocr.o)
                              /usr/lib/gcc/arm-none-eabi/6.3.1/../../../arm-none-eabi/lib/thumb/v7e-m/fpv5/hard/libg.a(lib_a-malloc.o) (_malloc_r)
/usr/lib/gcc/arm-none-eabi/6.3.1/../../../arm-none-eabi/lib/thumb/v7e-m/fpv5/hard/libg.a(lib_a-memmove.o)
                              ./teensy4/WString.o (memmove)
/usr/lib/gcc/arm-none-eabi/6.3.1/../../../arm-none-eabi/lib/thumb/v7e-m/fpv5/hard/libg.a(lib_a-memset.o)
                              /usr/lib/gcc/arm-none-eabi/6.3.1/../../../arm-none-eabi/lib/thumb/v7e-m/fpv5/hard/crt0.o (memset)
/usr/lib/gcc/arm-none-eabi/6.3.1/../../../arm-none-eabi/lib/thumb/v7e-m/fpv5/hard/libg.a(lib_a-mlock.o)
                              /usr/lib/gcc/arm-none-eabi/6.3.1/../../../arm-none-eabi/lib/thumb/v7e-m/fpv5/hard/libg.a(lib_a-mallocr.o) (__malloc_lock)
/usr/lib/gcc/arm-none-eabi/6.3.1/../../../arm-none-eabi/lib/thumb/v7e-m/fpv5/hard/libg.a(lib_a-realloc.o)
                              ./teensy4/WString.o (realloc)
/usr/lib/gcc/arm-none-eabi/6.3.1/../../../arm-none-eabi/lib/thumb/v7e-m/fpv5/hard/libg.a(lib_a-reallocr.o)
                              /usr/lib/gcc/arm-none-eabi/6.3.1/../../../arm-none-eabi/lib/thumb/v7e-m/fpv5/hard/libg.a(lib_a-realloc.o) (_realloc_r)
/usr/lib/gcc/arm-none-eabi/6.3.1/../../../arm-none-eabi/lib/thumb/v7e-m/fpv5/hard/libg.a(lib_a-sbrkr.o)
                              /usr/lib/gcc/arm-none-eabi/6.3.1/../../../arm-none-eabi/lib/thumb/v7e-m/fpv5/hard/libg.a(lib_a-mallocr.o) (_sbrk_r)
/usr/lib/gcc/arm-none-eabi/6.3.1/../../../arm-none-eabi/lib/thumb/v7e-m/fpv5/hard/libg.a(lib_a-strchr.o)
                              ./teensy4/WString.o (strchr)
/usr/lib/gcc/arm-none-eabi/6.3.1/../../../arm-none-eabi/lib/thumb/v7e-m/fpv5/hard/libg.a(lib_a-strcmp.o)
                              ./teensy4/WString.o (strcmp)
/usr/lib/gcc/arm-none-eabi/6.3.1/../../../arm-none-eabi/lib/thumb/v7e-m/fpv5/hard/libg.a(lib_a-strcpy.o)
                              ./teensy4/WString.o (strcpy)
/usr/lib/gcc/arm-none-eabi/6.3.1/../../../arm-none-eabi/lib/thumb/v7e-m/fpv5/hard/libg.a(lib_a-strlen.o)
                              ./teensy4/HardwareSerial1.o (strlen)
[...]
Memory Configuration

Name             Origin             Length             Attributes
ITCM             0x0000000000000000 0x0000000000080000 xrw
DTCM             0x0000000020000000 0x0000000000080000 xrw
RAM              0x0000000020200000 0x0000000000080000 xrw
FLASH            0x0000000060000000 0x00000000001f0000 xrw
*default*        0x0000000000000000 0xffffffffffffffff

Linker script and memory map

LOAD /usr/lib/gcc/arm-none-eabi/6.3.1/thumb/v7e-m/fpv5/hard/crti.o
LOAD /usr/lib/gcc/arm-none-eabi/6.3.1/thumb/v7e-m/fpv5/hard/crtbegin.o
LOAD /usr/lib/gcc/arm-none-eabi/6.3.1/../../../arm-none-eabi/lib/thumb/v7e-m/fpv5/hard/crt0.o
LOAD ./teensy4/AudioStream.o
LOAD ./teensy4/DMAChannel.o
LOAD ./teensy4/EventResponder.o
LOAD ./teensy4/HardwareSerial.o
LOAD ./teensy4/HardwareSerial1.o
LOAD ./teensy4/HardwareSerial2.o
LOAD ./teensy4/HardwareSerial3.o
LOAD ./teensy4/HardwareSerial4.o
LOAD ./teensy4/HardwareSerial5.o
LOAD ./teensy4/HardwareSerial6.o
LOAD ./teensy4/HardwareSerial7.o
LOAD ./teensy4/HardwareSerial8.o
LOAD ./teensy4/IPAddress.o
LOAD ./teensy4/IntervalTimer.o
LOAD ./teensy4/Print.o
LOAD ./teensy4/Stream.o
LOAD ./teensy4/Tone.o
LOAD ./teensy4/WMath.o
LOAD ./teensy4/WString.o
LOAD ./teensy4/analog.o
LOAD ./teensy4/bootdata.o
LOAD ./teensy4/clockspeed.o
LOAD ./teensy4/debugprintf.o
LOAD ./teensy4/delay.o
LOAD ./teensy4/digital.o
LOAD ./teensy4/eeprom.o
LOAD ./teensy4/interrupt.o
LOAD ./teensy4/keylayouts.o
LOAD ./teensy4/memcpy-armv7m.o
LOAD ./teensy4/memset.o
LOAD ./teensy4/new.o
LOAD ./teensy4/nonstd.o
LOAD ./teensy4/pwm.o
LOAD ./teensy4/rtc.o
LOAD ./teensy4/startup.o
LOAD ./teensy4/tempmon.o
LOAD ./teensy4/usb.o
LOAD ./teensy4/usb_desc.o
LOAD ./teensy4/usb_inst.o
LOAD ./teensy4/usb_rawhid.o
LOAD ./teensy4/usb_seremu.o
LOAD ./teensy4/usb_serial.o
LOAD ./teensy4/yield.o
LOAD ./ros_lib/duration.o
LOAD ./ros_lib/time.o
LOAD ./main.o
LOAD /usr/lib/gcc/arm-none-eabi/6.3.1/../../../arm-none-eabi/lib/thumb/v7e-m/fpv5/hard/libstdc++.a
LOAD /usr/lib/gcc/arm-none-eabi/6.3.1/../../../arm-none-eabi/lib/thumb/v7e-m/fpv5/hard/libstdc++.a
LOAD /usr/lib/gcc/arm-none-eabi/6.3.1/../../../arm-none-eabi/lib/thumb/v7e-m/fpv5/hard/libm.a
START GROUP
LOAD /usr/lib/gcc/arm-none-eabi/6.3.1/thumb/v7e-m/fpv5/hard/libgcc.a
LOAD /usr/lib/gcc/arm-none-eabi/6.3.1/../../../arm-none-eabi/lib/thumb/v7e-m/fpv5/hard/libg.a
LOAD /usr/lib/gcc/arm-none-eabi/6.3.1/../../../arm-none-eabi/lib/thumb/v7e-m/fpv5/hard/libc.a
END GROUP
LOAD /usr/lib/gcc/arm-none-eabi/6.3.1/thumb/v7e-m/fpv5/hard/crtend.o
LOAD /usr/lib/gcc/arm-none-eabi/6.3.1/thumb/v7e-m/fpv5/hard/crtn.o

.text.progmem   0x0000000060000000     0x1670
 *(.flashconfig)
 .flashconfig   0x0000000060000000      0x200 ./teensy4/bootdata.o
                0x0000000060000000                FlexSPI_NOR_Config
 FILL mask 0xff
                0x0000000060001000                . = (ORIGIN (FLASH) + 0x1000)
 *fill*         0x0000000060000200      0xe00 ff
 *(.ivt)
 .ivt           0x0000000060001000       0x20 ./teensy4/bootdata.o
                0x0000000060001000                ImageVectorTable
 *(.bootdata)
 .bootdata      0x0000000060001020        0xc ./teensy4/bootdata.o
                0x0000000060001020                BootData
 *(.vectors)
 .vectors       0x000000006000102c        0x8 ./teensy4/bootdata.o
                0x000000006000102c                vector_table
 *(.startup)
 .startup       0x0000000060001034      0x264 ./teensy4/startup.o
                0x0000000060001034                ResetHandler
 *(.progmem*)
 .progmem       0x0000000060001298       0x58 ./teensy4/analog.o
                0x0000000060001298                analog_init
 .progmem       0x00000000600012f0      0x104 ./teensy4/startup.o
                0x00000000600012f0                configure_cache
                0x0000000060001390                usb_pll_start
 .progmem       0x00000000600013f4       0xf8 ./teensy4/tempmon.o
                0x00000000600013f4                tempmon_init
 .progmem       0x00000000600014ec       0xec ./teensy4/usb.o
                0x00000000600014ec                usb_init
                0x00000000600015d8                . = ALIGN (0x4)
 *(.init)
 .init          0x00000000600015d8        0x4 /usr/lib/gcc/arm-none-eabi/6.3.1/thumb/v7e-m/fpv5/hard/crti.o
                0x00000000600015d8                _init
 .init          0x00000000600015dc        0x8 /usr/lib/gcc/arm-none-eabi/6.3.1/thumb/v7e-m/fpv5/hard/crtn.o
 *fill*         0x00000000600015e4        0x4 ff
 .init.__stub   0x00000000600015e8       0x58 linker stubs
                0x0000000060001640                __preinit_array_start = .
 *(.preinit_array)
                0x0000000060001640                __preinit_array_end = .
                0x0000000060001640                __init_array_start = .
 *(.init_array)
 .init_array    0x0000000060001640        0x4 /usr/lib/gcc/arm-none-eabi/6.3.1/thumb/v7e-m/fpv5/hard/crtbegin.o
 .init_array    0x0000000060001644        0x4 ./teensy4/HardwareSerial1.o
 .init_array    0x0000000060001648        0x4 ./teensy4/HardwareSerial2.o
 .init_array    0x000000006000164c        0x4 ./teensy4/HardwareSerial3.o
 .init_array    0x0000000060001650        0x4 ./teensy4/HardwareSerial4.o
 .init_array    0x0000000060001654        0x4 ./teensy4/HardwareSerial5.o
 .init_array    0x0000000060001658        0x4 ./teensy4/HardwareSerial6.o
 .init_array    0x000000006000165c        0x4 ./teensy4/HardwareSerial7.o
 .init_array    0x0000000060001660        0x4 ./teensy4/Tone.o
 .init_array    0x0000000060001664        0x4 ./main.o
                0x0000000060001668                __init_array_end = .
                0x0000000060001670                . = ALIGN (0x10)
 *fill*         0x0000000060001668        0x8 ff

.text.itcm      0x0000000000000000     0x6e00 load address 0x0000000060001670
                0x0000000000000020                . = (. + 0x20)
 *fill*         0x0000000000000000       0x20 
 *(.fastrun)
 .fastrun       0x0000000000000020       0xbc ./teensy4/interrupt.o
                0x0000000000000020                irq_gpio6789
 *(.text*)
 .text          0x00000000000000dc       0xa4 /usr/lib/gcc/arm-none-eabi/6.3.1/thumb/v7e-m/fpv5/hard/crtbegin.o
 .text._ZN14EventResponder24triggerEventNotImmediateEv
                0x0000000000000180       0x88 ./teensy4/EventResponder.o
                0x0000000000000180                EventResponder::triggerEventNotImmediate()
 .text._ZN14EventResponder12triggerEventEiPv
                0x0000000000000208       0x1c ./teensy4/EventResponder.o
                0x0000000000000208                EventResponder::triggerEvent(int, void*)
 .text._ZN14EventResponder16runFromInterruptEv
                0x0000000000000224       0x44 ./teensy4/EventResponder.o
                0x0000000000000224                EventResponder::runFromInterrupt()
 .text.pendablesrvreq_isr
                0x0000000000000268        0x4 ./teensy4/EventResponder.o
                0x0000000000000268                pendablesrvreq_isr
 .text._ZN11MillisTimer15addToActiveListEv
                0x000000000000026c       0x68 ./teensy4/EventResponder.o
                0x000000000000026c                MillisTimer::addToActiveList()
 .text._ZN11MillisTimer12runFromTimerEv
                0x00000000000002d4       0x98 ./teensy4/EventResponder.o
                0x00000000000002d4                MillisTimer::runFromTimer()
 .text.systick_isr
                0x000000000000036c       0x20 ./teensy4/EventResponder.o
                0x000000000000036c                systick_isr
 .text._ZN14HardwareSerial17availableForWriteEv
                0x000000000000038c       0x20 ./teensy4/HardwareSerial.o
                0x000000000000038c                HardwareSerial::availableForWrite()
 .text._ZN14HardwareSerial9availableEv
                0x00000000000003ac       0x1c ./teensy4/HardwareSerial.o
                0x00000000000003ac                HardwareSerial::available()
 .text._ZN14HardwareSerial4peekEv
                0x00000000000003c8       0x38 ./teensy4/HardwareSerial.o
                0x00000000000003c8                HardwareSerial::peek()
 .text._ZN14HardwareSerial4readEv
                0x0000000000000400       0x64 ./teensy4/HardwareSerial.o
                0x0000000000000400                HardwareSerial::read()
 .text._ZN14HardwareSerial5flushEv
                0x0000000000000464       0x1c ./teensy4/HardwareSerial.o
                0x0000000000000464                HardwareSerial::flush()
 .text._Z23nvic_execution_priorityv
                0x0000000000000480       0x40 ./teensy4/HardwareSerial.o
                0x0000000000000480                nvic_execution_priority()
 .text._ZN14HardwareSerial5beginEmt
                0x00000000000004c0      0x238 ./teensy4/HardwareSerial.o
                0x00000000000004c0                HardwareSerial::begin(unsigned long, unsigned short)
 .text._ZN14HardwareSerial9write9bitEm
                0x00000000000006f8       0xc0 ./teensy4/HardwareSerial.o
                0x00000000000006f8                HardwareSerial::write9bit(unsigned long)
 .text._ZN14HardwareSerial5writeEh
                0x00000000000007b8        0x4 ./teensy4/HardwareSerial.o
                0x00000000000007b8                HardwareSerial::write(unsigned char)
 .text._ZN14HardwareSerial10IRQHandlerEv
                0x00000000000007bc      0x154 ./teensy4/HardwareSerial.o
                0x00000000000007bc                HardwareSerial::IRQHandler()
 .text._ZN14HardwareSerial19processSerialEventsEv
                0x0000000000000910       0x28 ./teensy4/HardwareSerial.o
                0x0000000000000910                HardwareSerial::processSerialEvents()
 .text._ZN14HardwareSerial19disableSerialEventsEv
                0x0000000000000938       0x2c ./teensy4/HardwareSerial.o
                0x0000000000000938                HardwareSerial::disableSerialEvents()
 .text.IRQHandler_Serial1
                0x0000000000000964        0xc ./teensy4/HardwareSerial1.o
                0x0000000000000964                IRQHandler_Serial1
 .text._Z12serialEvent1v
                0x0000000000000970        0xc ./teensy4/HardwareSerial1.o
                0x0000000000000970                serialEvent1()
 .text._Z26serial_event_check_serial1v
                0x000000000000097c       0x14 ./teensy4/HardwareSerial1.o
                0x000000000000097c                serial_event_check_serial1()
 .text.startup._GLOBAL__sub_I_IRQHandler_Serial1
                0x0000000000000990       0x74 ./teensy4/HardwareSerial1.o
 .text.IRQHandler_Serial2
                0x0000000000000a04        0xc ./teensy4/HardwareSerial2.o
                0x0000000000000a04                IRQHandler_Serial2
 .text._Z12serialEvent2v
                0x0000000000000a10        0xc ./teensy4/HardwareSerial2.o
                0x0000000000000a10                serialEvent2()
 .text._Z26serial_event_check_serial2v
                0x0000000000000a1c       0x14 ./teensy4/HardwareSerial2.o
                0x0000000000000a1c                serial_event_check_serial2()
 .text.startup._GLOBAL__sub_I_IRQHandler_Serial2
                0x0000000000000a30       0x74 ./teensy4/HardwareSerial2.o
 .text.IRQHandler_Serial3
                0x0000000000000aa4        0xc ./teensy4/HardwareSerial3.o
                0x0000000000000aa4                IRQHandler_Serial3
 .text._Z12serialEvent3v
                0x0000000000000ab0        0xc ./teensy4/HardwareSerial3.o
                0x0000000000000ab0                serialEvent3()
 .text._Z26serial_event_check_serial3v
                0x0000000000000abc       0x14 ./teensy4/HardwareSerial3.o
                0x0000000000000abc                serial_event_check_serial3()
 .text.startup._GLOBAL__sub_I_IRQHandler_Serial3
                0x0000000000000ad0       0x74 ./teensy4/HardwareSerial3.o
 .text.IRQHandler_Serial4
                0x0000000000000b44        0xc ./teensy4/HardwareSerial4.o
                0x0000000000000b44                IRQHandler_Serial4
 .text._Z12serialEvent4v
                0x0000000000000b50        0xc ./teensy4/HardwareSerial4.o
                0x0000000000000b50                serialEvent4()
 .text._Z26serial_event_check_serial4v
                0x0000000000000b5c       0x14 ./teensy4/HardwareSerial4.o
                0x0000000000000b5c                serial_event_check_serial4()
 .text.startup._GLOBAL__sub_I_IRQHandler_Serial4
                0x0000000000000b70       0x74 ./teensy4/HardwareSerial4.o
 .text.IRQHandler_Serial5
                0x0000000000000be4        0xc ./teensy4/HardwareSerial5.o
                0x0000000000000be4                IRQHandler_Serial5
 .text._Z12serialEvent5v
                0x0000000000000bf0        0xc ./teensy4/HardwareSerial5.o
                0x0000000000000bf0                serialEvent5()
 .text._Z26serial_event_check_serial5v
                0x0000000000000bfc       0x14 ./teensy4/HardwareSerial5.o
                0x0000000000000bfc                serial_event_check_serial5()
 .text.startup._GLOBAL__sub_I_IRQHandler_Serial5
                0x0000000000000c10       0x74 ./teensy4/HardwareSerial5.o
 .text.IRQHandler_Serial6
                0x0000000000000c84        0xc ./teensy4/HardwareSerial6.o
                0x0000000000000c84                IRQHandler_Serial6
 .text._Z12serialEvent6v
                0x0000000000000c90        0xc ./teensy4/HardwareSerial6.o
                0x0000000000000c90                serialEvent6()
 .text._Z26serial_event_check_serial6v
                0x0000000000000c9c       0x14 ./teensy4/HardwareSerial6.o
                0x0000000000000c9c                serial_event_check_serial6()
 .text.startup._GLOBAL__sub_I_IRQHandler_Serial6
                0x0000000000000cb0       0x74 ./teensy4/HardwareSerial6.o
 .text.IRQHandler_Serial7
                0x0000000000000d24        0xc ./teensy4/HardwareSerial7.o
                0x0000000000000d24                IRQHandler_Serial7
 .text._Z12serialEvent7v
                0x0000000000000d30        0xc ./teensy4/HardwareSerial7.o
                0x0000000000000d30                serialEvent7()
 .text._Z26serial_event_check_serial7v
                0x0000000000000d3c       0x14 ./teensy4/HardwareSerial7.o
                0x0000000000000d3c                serial_event_check_serial7()
 .text.startup._GLOBAL__sub_I_IRQHandler_Serial7
                0x0000000000000d50       0x74 ./teensy4/HardwareSerial7.o
 .text._ZN13IntervalTimer3endEv
                0x0000000000000dc4       0x50 ./teensy4/IntervalTimer.o
                0x0000000000000dc4                IntervalTimer::end()
 .text._ZN5Print5writeEPKhj
                0x0000000000000e14       0x30 ./teensy4/Print.o
                0x0000000000000e14                Print::write(unsigned char const*, unsigned int)
 .text._ZN13IntervalTimerD2Ev
                0x0000000000000e44        0xc ./teensy4/Tone.o
                0x0000000000000e44                IntervalTimer::~IntervalTimer()
                0x0000000000000e44                IntervalTimer::~IntervalTimer()
 .text.startup._GLOBAL__sub_I__Z4tonehtm
                0x0000000000000e50       0x18 ./teensy4/Tone.o
 .text.set_arm_clock
                0x0000000000000e68      0x29c ./teensy4/clockspeed.o
                0x0000000000000e68                set_arm_clock
 .text.delay    0x0000000000001104       0xc0 ./teensy4/delay.o
                0x0000000000001104                delay
 *fill*         0x00000000000011c4        0x4 
 .text.seconds  0x00000000000011c8       0x6c ./teensy4/delay.o
                0x00000000000011c8                seconds
 .text.pinMode  0x0000000000001234       0x78 ./teensy4/digital.o
                0x0000000000001234                pinMode
 .text.dummy_isr
                0x00000000000012ac        0x4 ./teensy4/interrupt.o
 .text.attachInterrupt
                0x00000000000012b0      0x158 ./teensy4/interrupt.o
                0x00000000000012b0                attachInterrupt
 .text.detachInterrupt
                0x0000000000001408       0x1c ./teensy4/interrupt.o
                0x0000000000001408                detachInterrupt
 .text          0x0000000000001424      0x134 ./teensy4/memcpy-armv7m.o
                0x0000000000001424                memcpy
 .text.ultoa    0x0000000000001558       0x54 ./teensy4/nonstd.o
                0x0000000000001558                ultoa
 .text.pwm_init
                0x00000000000015ac      0x2a8 ./teensy4/pwm.o
                0x00000000000015ac                pwm_init
 .text.unused_interrupt_vector
                0x0000000000001854       0x18 ./teensy4/startup.o
                0x0000000000001854                unused_interrupt_vector
 .text.startup_default_early_hook
                0x000000000000186c        0x4 ./teensy4/startup.o
                0x000000000000186c                startup_default_early_hook
                0x000000000000186c                startup_early_hook
 .text.startup_default_late_hook
                0x0000000000001870        0x4 ./teensy4/startup.o
                0x0000000000001870                startup_default_late_hook
                0x0000000000001870                startup_late_hook
 .text.HardFault_HandlerC
                0x0000000000001874       0x90 ./teensy4/startup.o
                0x0000000000001874                HardFault_HandlerC
 .text._sbrk    0x0000000000001904       0x30 ./teensy4/startup.o
                0x0000000000001904                _sbrk
 .text.schedule_transfer
                0x0000000000001934       0x5c ./teensy4/usb.o
 .text.run_callbacks
                0x0000000000001990       0x30 ./teensy4/usb.o
 .text.endpoint0_transmit.constprop.0
                0x00000000000019c0       0xa4 ./teensy4/usb.o
 .text.isr      0x0000000000001a64      0x5bc ./teensy4/usb.o
 .text.usb_config_rx
                0x0000000000002020       0x64 ./teensy4/usb.o
                0x0000000000002020                usb_config_rx
 .text.usb_config_tx
                0x0000000000002084       0x68 ./teensy4/usb.o
                0x0000000000002084                usb_config_tx
 .text.usb_prepare_transfer
                0x00000000000020ec       0x30 ./teensy4/usb.o
                0x00000000000020ec                usb_prepare_transfer
 .text.usb_transmit
                0x000000000000211c       0x28 ./teensy4/usb.o
                0x000000000000211c                usb_transmit
 .text.usb_receive
                0x0000000000002144       0x24 ./teensy4/usb.o
                0x0000000000002144                usb_receive
 .text.usb_transfer_status
                0x0000000000002168       0x28 ./teensy4/usb.o
                0x0000000000002168                usb_transfer_status
 .text.usb_init_serialnumber
                0x0000000000002190       0x58 ./teensy4/usb_desc.o
                0x0000000000002190                usb_init_serialnumber
 .text._ZN16usb_serial_class5clearEv
                0x00000000000021e8        0x4 ./teensy4/usb_inst.o
                0x00000000000021e8                usb_serial_class::clear()
 .text._ZN16usb_serial_class4peekEv
                0x00000000000021ec        0x4 ./teensy4/usb_inst.o
                0x00000000000021ec                usb_serial_class::peek()
 .text._ZN16usb_serial_class4readEv
                0x00000000000021f0        0x4 ./teensy4/usb_inst.o
                0x00000000000021f0                usb_serial_class::read()
 .text._ZN16usb_serial_class9availableEv
                0x00000000000021f4        0x4 ./teensy4/usb_inst.o
                0x00000000000021f4                usb_serial_class::available()
 .text._ZN16usb_serial_class5flushEv
                0x00000000000021f8        0x4 ./teensy4/usb_inst.o
                0x00000000000021f8                usb_serial_class::flush()
 .text._ZN16usb_serial_class17availableForWriteEv
                0x00000000000021fc        0x4 ./teensy4/usb_inst.o
                0x00000000000021fc                usb_serial_class::availableForWrite()
 .text._ZN16usb_serial_class5writeEPKhj
                0x0000000000002200        0x8 ./teensy4/usb_inst.o
                0x0000000000002200                usb_serial_class::write(unsigned char const*, unsigned int)
 .text._ZN16usb_serial_class5writeEh
                0x0000000000002208        0x8 ./teensy4/usb_inst.o
                0x0000000000002208                usb_serial_class::write(unsigned char)
 .text._Z11serialEventv
                0x0000000000002210        0xc ./teensy4/usb_inst.o
                0x0000000000002210                serialEvent()
 .text.rx_event
                0x000000000000221c       0x28 ./teensy4/usb_serial.o
 .text.usb_serial_flush_callback
                0x0000000000002244       0x70 ./teensy4/usb_serial.o
 .text.usb_serial_write.part.1
                0x00000000000022b4      0x158 ./teensy4/usb_serial.o
 .text.usb_serial_reset
                0x000000000000240c        0x4 ./teensy4/usb_serial.o
                0x000000000000240c                usb_serial_reset
 .text.usb_serial_configure
                0x0000000000002410       0xb4 ./teensy4/usb_serial.o
                0x0000000000002410                usb_serial_configure
 .text.usb_serial_getchar
                0x00000000000024c4       0x48 ./teensy4/usb_serial.o
                0x00000000000024c4                usb_serial_getchar
 .text.usb_serial_peekchar
                0x000000000000250c       0x24 ./teensy4/usb_serial.o
                0x000000000000250c                usb_serial_peekchar
 .text.usb_serial_available
                0x0000000000002530       0x14 ./teensy4/usb_serial.o
                0x0000000000002530                usb_serial_available
 .text.usb_serial_flush_input
                0x0000000000002544       0x3c ./teensy4/usb_serial.o
                0x0000000000002544                usb_serial_flush_input
 .text.usb_serial_putchar
                0x0000000000002580       0x2c ./teensy4/usb_serial.o
                0x0000000000002580                usb_serial_putchar
 .text.usb_serial_write
                0x00000000000025ac       0x18 ./teensy4/usb_serial.o
                0x00000000000025ac                usb_serial_write
 .text.usb_serial_write_buffer_free
                0x00000000000025c4       0x4c ./teensy4/usb_serial.o
                0x00000000000025c4                usb_serial_write_buffer_free
 .text.usb_serial_flush_output
                0x0000000000002610       0x6c ./teensy4/usb_serial.o
                0x0000000000002610                usb_serial_flush_output
 .text.yield    0x000000000000267c       0xa0 ./teensy4/yield.o
                0x000000000000267c                yield
 .text._ZN3ros16normalizeSecNSecERmS0_
                0x000000000000271c       0x28 ./ros_lib/time.o
                0x000000000000271c                ros::normalizeSecNSec(unsigned long&, unsigned long&)
 .text._ZNK8std_msgs4Time9serializeEPh
                0x0000000000002744       0x2c ./main.o
                0x0000000000002744                std_msgs::Time::serialize(unsigned char*) const
 .text._ZN8std_msgs4Time11deserializeEPh
                0x0000000000002770       0x44 ./main.o
                0x0000000000002770                std_msgs::Time::deserialize(unsigned char*)
 .text._ZN8std_msgs4Time7getTypeEv
                0x00000000000027b4        0x8 ./main.o
                0x00000000000027b4                std_msgs::Time::getType()
 .text._ZN8std_msgs4Time6getMD5Ev
                0x00000000000027bc        0x8 ./main.o
                0x00000000000027bc                std_msgs::Time::getMD5()
 .text._ZN14rosserial_msgs9TopicInfo11deserializeEPh
                0x00000000000027c4       0xf0 ./main.o
                0x00000000000027c4                rosserial_msgs::TopicInfo::deserialize(unsigned char*)
 .text._ZN14rosserial_msgs9TopicInfo7getTypeEv
                0x00000000000028b4        0x8 ./main.o
                0x00000000000028b4                rosserial_msgs::TopicInfo::getType()
 .text._ZN14rosserial_msgs9TopicInfo6getMD5Ev
                0x00000000000028bc        0x8 ./main.o
                0x00000000000028bc                rosserial_msgs::TopicInfo::getMD5()
 .text._ZN14rosserial_msgs3Log11deserializeEPh
                0x00000000000028c4       0x44 ./main.o
                0x00000000000028c4                rosserial_msgs::Log::deserialize(unsigned char*)
 .text._ZN14rosserial_msgs3Log7getTypeEv
                0x0000000000002908        0x8 ./main.o
                0x0000000000002908                rosserial_msgs::Log::getType()
 .text._ZN14rosserial_msgs3Log6getMD5Ev
                0x0000000000002910        0x8 ./main.o
                0x0000000000002910                rosserial_msgs::Log::getMD5()
 .text._ZN14rosserial_msgs20RequestParamResponse7getTypeEv
                0x0000000000002918        0x8 ./main.o
                0x0000000000002918                rosserial_msgs::RequestParamResponse::getType()
 .text._ZN14rosserial_msgs20RequestParamResponse6getMD5Ev
                0x0000000000002920        0x8 ./main.o
                0x0000000000002920                rosserial_msgs::RequestParamResponse::getMD5()
 .text._ZN8std_msgs6Header11deserializeEPh
                0x0000000000002928       0x9c ./main.o
                0x0000000000002928                std_msgs::Header::deserialize(unsigned char*)
 .text._ZN8std_msgs6Header7getTypeEv
                0x00000000000029c4        0x8 ./main.o
                0x00000000000029c4                std_msgs::Header::getType()
 .text._ZN8std_msgs6Header6getMD5Ev
                0x00000000000029cc        0x8 ./main.o
                0x00000000000029cc                std_msgs::Header::getMD5()
 .text._ZN13geometry_msgs10Quaternion7getTypeEv
                0x00000000000029d4        0x8 ./main.o
                0x00000000000029d4                geometry_msgs::Quaternion::getType()
 .text._ZN13geometry_msgs10Quaternion6getMD5Ev
                0x00000000000029dc        0x8 ./main.o
                0x00000000000029dc                geometry_msgs::Quaternion::getMD5()
 .text._ZN13geometry_msgs7Vector37getTypeEv
                0x00000000000029e4        0x8 ./main.o
                0x00000000000029e4                geometry_msgs::Vector3::getType()
 .text._ZN13geometry_msgs7Vector36getMD5Ev
                0x00000000000029ec        0x8 ./main.o
                0x00000000000029ec                geometry_msgs::Vector3::getMD5()
 .text._ZN11sensor_msgs3Imu7getTypeEv
                0x00000000000029f4        0x8 ./main.o
                0x00000000000029f4                sensor_msgs::Imu::getType()
 .text._ZN11sensor_msgs3Imu6getMD5Ev
                0x00000000000029fc        0x8 ./main.o
                0x00000000000029fc                sensor_msgs::Imu::getMD5()
 .text._ZN3ros11NodeHandle_I15ArduinoHardwareLi25ELi25ELi512ELi512EE9connectedEv
                0x0000000000002a04        0x8 ./main.o
                0x0000000000002a04                ros::NodeHandle_<ArduinoHardware, 25, 25, 512, 512>::connected()
 .text._Z6set_tsv
                0x0000000000002a0c       0x2c ./main.o
                0x0000000000002a0c                set_ts()
 .text._ZNK8std_msgs6Header9serializeEPh
                0x0000000000002a38       0x64 ./main.o
                0x0000000000002a38                std_msgs::Header::serialize(unsigned char*) const
 .text._ZNK14rosserial_msgs20RequestParamResponse9serializeEPh
                0x0000000000002a9c      0x14c ./main.o
                0x0000000000002a9c                rosserial_msgs::RequestParamResponse::serialize(unsigned char*) const
 .text._ZNK14rosserial_msgs3Log9serializeEPh
                0x0000000000002be8       0x34 ./main.o
                0x0000000000002be8                rosserial_msgs::Log::serialize(unsigned char*) const
 .text._ZNK14rosserial_msgs9TopicInfo9serializeEPh
                0x0000000000002c1c       0x98 ./main.o
                0x0000000000002c1c                rosserial_msgs::TopicInfo::serialize(unsigned char*) const
 .text._ZN14rosserial_msgs20RequestParamResponse11deserializeEPh
                0x0000000000002cb4      0x1ac ./main.o
                0x0000000000002cb4                rosserial_msgs::RequestParamResponse::deserialize(unsigned char*)
 .text._Z7clk_ISRv
                0x0000000000002e60       0xf0 ./main.o
                0x0000000000002e60                clk_ISR()
 .text._ZNK13geometry_msgs7Vector39serializeEPh
                0x0000000000002f50       0xf4 ./main.o
                0x0000000000002f50                geometry_msgs::Vector3::serialize(unsigned char*) const
 .text._ZNK13geometry_msgs10Quaternion9serializeEPh
                0x0000000000003044      0x144 ./main.o
                0x0000000000003044                geometry_msgs::Quaternion::serialize(unsigned char*) const
 .text._ZNK11sensor_msgs3Imu9serializeEPh
                0x0000000000003188      0x5e0 ./main.o
                0x0000000000003188                sensor_msgs::Imu::serialize(unsigned char*) const
 .text._ZN13geometry_msgs7Vector311deserializeEPh
                0x0000000000003768       0xe4 ./main.o
                0x0000000000003768                geometry_msgs::Vector3::deserialize(unsigned char*)
 .text._ZN13geometry_msgs10Quaternion11deserializeEPh
                0x000000000000384c      0x12c ./main.o
                0x000000000000384c                geometry_msgs::Quaternion::deserialize(unsigned char*)
 .text._ZN11sensor_msgs3Imu11deserializeEPh
                0x0000000000003978      0x4f8 ./main.o
                0x0000000000003978                sensor_msgs::Imu::deserialize(unsigned char*)
 .text._ZN3ros11NodeHandle_I15ArduinoHardwareLi25ELi25ELi512ELi512EE7publishEiPKNS_3MsgE
                0x0000000000003e70      0x1b8 ./main.o
                0x0000000000003e70                ros::NodeHandle_<ArduinoHardware, 25, 25, 512, 512>::publish(int, ros::Msg const*)
 .text.setup    0x0000000000004028      0x100 ./main.o
                0x0000000000004028                setup
 .text._ZN3ros11NodeHandle_I15ArduinoHardwareLi25ELi25ELi512ELi512EE15negotiateTopicsEv
                0x0000000000004128      0x5e8 ./main.o
                0x0000000000004128                ros::NodeHandle_<ArduinoHardware, 25, 25, 512, 512>::negotiateTopics()
 .text._ZN3ros11NodeHandle_I15ArduinoHardwareLi25ELi25ELi512ELi512EE8spinOnceEv
                0x0000000000004710      0x60c ./main.o
                0x0000000000004710                ros::NodeHandle_<ArduinoHardware, 25, 25, 512, 512>::spinOnce()
 *fill*         0x0000000000004d1c        0x4 
 .text.loop     0x0000000000004d20     0x1038 ./main.o
                0x0000000000004d20                loop
 .text.startup._GLOBAL__sub_I_nh
                0x0000000000005d58      0x198 ./main.o
 .text.__aeabi_atexit
                0x0000000000005ef0        0xc /usr/lib/gcc/arm-none-eabi/6.3.1/../../../arm-none-eabi/lib/thumb/v7e-m/fpv5/hard/libstdc++.a(atexit_arm.o)
                0x0000000000005ef0                __aeabi_atexit
 .text          0x0000000000005efc        0xc /usr/lib/gcc/arm-none-eabi/6.3.1/../../../arm-none-eabi/lib/thumb/v7e-m/fpv5/hard/libg.a(lib_a-cxa_atexit.o)
                0x0000000000005efc                __cxa_atexit
 .text          0x0000000000005f08        0xc /usr/lib/gcc/arm-none-eabi/6.3.1/../../../arm-none-eabi/lib/thumb/v7e-m/fpv5/hard/libg.a(lib_a-errno.o)
                0x0000000000005f08                __errno
 .text          0x0000000000005f14       0x50 /usr/lib/gcc/arm-none-eabi/6.3.1/../../../arm-none-eabi/lib/thumb/v7e-m/fpv5/hard/libg.a(lib_a-init.o)
                0x0000000000005f14                __libc_init_array
 .text          0x0000000000005f64       0x20 /usr/lib/gcc/arm-none-eabi/6.3.1/../../../arm-none-eabi/lib/thumb/v7e-m/fpv5/hard/libg.a(lib_a-malloc.o)
                0x0000000000005f64                malloc
                0x0000000000005f74                free
 .text          0x0000000000005f84      0x554 /usr/lib/gcc/arm-none-eabi/6.3.1/../../../arm-none-eabi/lib/thumb/v7e-m/fpv5/hard/libg.a(lib_a-mallocr.o)
                0x0000000000005f84                _malloc_r
 .text          0x00000000000064d8       0xc8 /usr/lib/gcc/arm-none-eabi/6.3.1/../../../arm-none-eabi/lib/thumb/v7e-m/fpv5/hard/libg.a(lib_a-memmove.o)
                0x00000000000064d8                memmove
 .text          0x00000000000065a0       0x9c /usr/lib/gcc/arm-none-eabi/6.3.1/../../../arm-none-eabi/lib/thumb/v7e-m/fpv5/hard/libg.a(lib_a-memset.o)
                0x00000000000065a0                memset
 .text          0x000000000000663c        0x8 /usr/lib/gcc/arm-none-eabi/6.3.1/../../../arm-none-eabi/lib/thumb/v7e-m/fpv5/hard/libg.a(lib_a-mlock.o)
                0x000000000000663c                __malloc_lock
                0x0000000000006640                __malloc_unlock
 .text          0x0000000000006644       0x10 /usr/lib/gcc/arm-none-eabi/6.3.1/../../../arm-none-eabi/lib/thumb/v7e-m/fpv5/hard/libg.a(lib_a-realloc.o)
                0x0000000000006644                realloc
 .text          0x0000000000006654      0x34c /usr/lib/gcc/arm-none-eabi/6.3.1/../../../arm-none-eabi/lib/thumb/v7e-m/fpv5/hard/libg.a(lib_a-reallocr.o)
                0x0000000000006654                _realloc_r
 .text          0x00000000000069a0       0x24 /usr/lib/gcc/arm-none-eabi/6.3.1/../../../arm-none-eabi/lib/thumb/v7e-m/fpv5/hard/libg.a(lib_a-sbrkr.o)
                0x00000000000069a0                _sbrk_r
 *fill*         0x00000000000069c4       0x3c 
 .text          0x0000000000006a00       0xdc /usr/lib/gcc/arm-none-eabi/6.3.1/../../../arm-none-eabi/lib/thumb/v7e-m/fpv5/hard/libg.a(lib_a-strlen.o)
                0x0000000000006a00                strlen
 .text          0x0000000000006adc       0xa4 /usr/lib/gcc/arm-none-eabi/6.3.1/../../../arm-none-eabi/lib/thumb/v7e-m/fpv5/hard/libg.a(lib_a-__atexit.o)
                0x0000000000006adc                __register_exitproc
 .text          0x0000000000006b80      0x26c /usr/lib/gcc/arm-none-eabi/6.3.1/../../../arm-none-eabi/lib/thumb/v7e-m/fpv5/hard/libg.a(lib_a-freer.o)
                0x0000000000006b80                _malloc_trim_r
                0x0000000000006c20                _free_r
 *fill*         0x0000000000006dec        0x4 
 .text.__stub   0x0000000000006df0        0x8 linker stubs
                0x0000000000006e00                . = ALIGN (0x10)
 *fill*         0x0000000000006df8        0x8 

.glue_7         0x0000000000006e00        0x0 load address 0x0000000060008470
 .glue_7        0x0000000000006e00        0x0 linker stubs

.glue_7t        0x0000000000006e00        0x0 load address 0x0000000060008470
 .glue_7t       0x0000000000006e00        0x0 linker stubs

.vfp11_veneer   0x0000000000006e00        0x0 load address 0x0000000060008470
 .vfp11_veneer  0x0000000000006e00        0x0 linker stubs

.v4_bx          0x0000000000006e00        0x0 load address 0x0000000060008470
 .v4_bx         0x0000000000006e00        0x0 linker stubs

.fini           0x0000000000006e00        0x4 load address 0x0000000060008470
 .fini          0x0000000000006e00        0x4 /usr/lib/gcc/arm-none-eabi/6.3.1/thumb/v7e-m/fpv5/hard/crti.o
                0x0000000000006e00                _fini

.iplt           0x0000000000006e04        0x0 load address 0x0000000060008474
 .iplt          0x0000000000006e04        0x0 /usr/lib/gcc/arm-none-eabi/6.3.1/thumb/v7e-m/fpv5/hard/crtbegin.o

.eh_frame       0x0000000000006e04        0x0 load address 0x0000000060008474
 .eh_frame      0x0000000000006e04        0x0 /usr/lib/gcc/arm-none-eabi/6.3.1/thumb/v7e-m/fpv5/hard/crtbegin.o

.ARM.exidx.text.__aeabi_atexit
                0x0000000000006e04        0x8 load address 0x0000000060008474
 .ARM.exidx.text.__aeabi_atexit
                0x0000000000006e04        0x8 /usr/lib/gcc/arm-none-eabi/6.3.1/../../../arm-none-eabi/lib/thumb/v7e-m/fpv5/hard/libstdc++.a(atexit_arm.o)

.rel.dyn        0x0000000000006e0c        0x0 load address 0x000000006000847c
 .rel.iplt      0x0000000000006e0c        0x0 /usr/lib/gcc/arm-none-eabi/6.3.1/thumb/v7e-m/fpv5/hard/crtbegin.o

.data           0x0000000020000000     0x17d0 load address 0x000000006000847c
 *(.rodata*)
 .rodata._ZTV14HardwareSerial
                0x0000000020000000       0x24 ./teensy4/HardwareSerial.o
                0x0000000020000000                vtable for HardwareSerial
 .rodata._ZL14UART6_Hardware
                0x0000000020000024       0x5c ./teensy4/HardwareSerial1.o
 .rodata.digital_pin_to_info_PGM
                0x0000000020000080      0x280 ./teensy4/digital.o
                0x0000000020000080                digital_pin_to_info_PGM
 .rodata.usb_descriptor_list
                0x0000000020000300       0x6c ./teensy4/usb_desc.o
                0x0000000020000300                usb_descriptor_list
 .rodata._ZTV16usb_serial_class
                0x000000002000036c       0x28 ./teensy4/usb_inst.o
                0x000000002000036c                vtable for usb_serial_class
 .rodata._ZTVN8std_msgs4TimeE
                0x0000000020000394       0x18 ./main.o
                0x0000000020000394                vtable for std_msgs::Time
 .rodata._ZTVN14rosserial_msgs9TopicInfoE
                0x00000000200003ac       0x18 ./main.o
                0x00000000200003ac                vtable for rosserial_msgs::TopicInfo
 .rodata._ZTVN14rosserial_msgs3LogE
                0x00000000200003c4       0x18 ./main.o
                0x00000000200003c4                vtable for rosserial_msgs::Log
 .rodata._ZTVN14rosserial_msgs20RequestParamResponseE
                0x00000000200003dc       0x18 ./main.o
                0x00000000200003dc                vtable for rosserial_msgs::RequestParamResponse
 .rodata._ZTVN8std_msgs6HeaderE
                0x00000000200003f4       0x18 ./main.o
                0x00000000200003f4                vtable for std_msgs::Header
 .rodata._ZTVN13geometry_msgs10QuaternionE
                0x000000002000040c       0x18 ./main.o
                0x000000002000040c                vtable for geometry_msgs::Quaternion
 .rodata._ZTVN13geometry_msgs7Vector3E
                0x0000000020000424       0x18 ./main.o
                0x0000000020000424                vtable for geometry_msgs::Vector3
 .rodata._ZTVN11sensor_msgs3ImuE
                0x000000002000043c       0x18 ./main.o
                0x000000002000043c                vtable for sensor_msgs::Imu
 .rodata._ZTVN3ros11NodeHandle_I15ArduinoHardwareLi25ELi25ELi512ELi512EEE
                0x0000000020000454       0x14 ./main.o
                0x0000000020000454                vtable for ros::NodeHandle_<ArduinoHardware, 25, 25, 512, 512>
 .rodata._GLOBAL__sub_I_nh.str1.4
                0x0000000020000468        0x4 ./main.o
 .rodata._ZL4rtab
                0x000000002000046c      0x200 ./main.o
 .rodata._ZL6fcstab
                0x000000002000066c      0x200 ./main.o
 .rodata._ZN11sensor_msgs3Imu6getMD5Ev.str1.4
                0x000000002000086c       0x21 ./main.o
 *fill*         0x000000002000088d        0x3 
 .rodata._ZN11sensor_msgs3Imu7getTypeEv.str1.4
                0x0000000020000890       0x10 ./main.o
 .rodata._ZN13geometry_msgs10Quaternion6getMD5Ev.str1.4
                0x00000000200008a0       0x21 ./main.o
 *fill*         0x00000000200008c1        0x3 
 .rodata._ZN13geometry_msgs10Quaternion7getTypeEv.str1.4
                0x00000000200008c4       0x19 ./main.o
 *fill*         0x00000000200008dd        0x3 
 .rodata._ZN13geometry_msgs7Vector36getMD5Ev.str1.4
                0x00000000200008e0       0x21 ./main.o
 *fill*         0x0000000020000901        0x3 
 .rodata._ZN13geometry_msgs7Vector37getTypeEv.str1.4
                0x0000000020000904       0x16 ./main.o
 *fill*         0x000000002000091a        0x2 
 .rodata._ZN14rosserial_msgs20RequestParamResponse6getMD5Ev.str1.4
                0x000000002000091c       0x21 ./main.o
 *fill*         0x000000002000093d        0x3 
 .rodata._ZN14rosserial_msgs3Log6getMD5Ev.str1.4
                0x0000000020000940       0x21 ./main.o
 *fill*         0x0000000020000961        0x3 
 .rodata._ZN14rosserial_msgs3Log7getTypeEv.str1.4
                0x0000000020000964       0x13 ./main.o
 *fill*         0x0000000020000977        0x1 
 .rodata._ZN14rosserial_msgs9TopicInfo6getMD5Ev.str1.4
                0x0000000020000978       0x21 ./main.o
 *fill*         0x0000000020000999        0x3 
 .rodata._ZN14rosserial_msgs9TopicInfo7getTypeEv.str1.4
                0x000000002000099c       0x19 ./main.o
 *fill*         0x00000000200009b5        0x3 
 .rodata._ZN14rosserial_msgsL12REQUESTPARAME
                0x00000000200009b8       0x1c ./main.o
 .rodata._ZN3ros11NodeHandle_I15ArduinoHardwareLi25ELi25ELi512ELi512EE15negotiateTopicsEv.str1.4
                0x00000000200009d4       0x19 ./main.o
                                          0x1 (size before relaxing)
 .rodata._ZN3ros11NodeHandle_I15ArduinoHardwareLi25ELi25ELi512ELi512EE7publishEiPKNS_3MsgE.part.9.str1.4
                0x00000000200009d4       0x39 ./main.o
 *fill*         0x0000000020000a0d        0x3 
 .rodata._ZN8std_msgs4Time6getMD5Ev.str1.4
                0x0000000020000a10       0x21 ./main.o
 *fill*         0x0000000020000a31        0x3 
 .rodata._ZN8std_msgs4Time7getTypeEv.str1.4
                0x0000000020000a34        0xe ./main.o
 *fill*         0x0000000020000a42        0x2 
 .rodata._ZN8std_msgs6Header6getMD5Ev.str1.4
                0x0000000020000a44       0x21 ./main.o
 *fill*         0x0000000020000a65        0x3 
 .rodata._ZN8std_msgs6Header7getTypeEv.str1.4
                0x0000000020000a68       0x10 ./main.o
 .rodata        0x0000000020000a78        0x4 /usr/lib/gcc/arm-none-eabi/6.3.1/../../../arm-none-eabi/lib/thumb/v7e-m/fpv5/hard/libg.a(lib_a-impure.o)
                0x0000000020000a78                _global_impure_ptr
 .rodata.str1.4
                0x0000000020000a7c        0x4 /usr/lib/gcc/arm-none-eabi/6.3.1/../../../arm-none-eabi/lib/thumb/v7e-m/fpv5/hard/libg.a(lib_a-impure.o)
                                          0x2 (size before relaxing)
 *(.data*)
 .data          0x0000000020000a80        0x4 /usr/lib/gcc/arm-none-eabi/6.3.1/thumb/v7e-m/fpv5/hard/crtbegin.o
                0x0000000020000a80                __dso_handle
 .data._ZL14UART4_Hardware
                0x0000000020000a84       0x5c ./teensy4/HardwareSerial2.o
 .data._ZL14UART2_Hardware
                0x0000000020000ae0       0x5c ./teensy4/HardwareSerial3.o
 .data._ZL14UART3_Hardware
                0x0000000020000b3c       0x5c ./teensy4/HardwareSerial4.o
 .data._ZL14UART8_Hardware
                0x0000000020000b98       0x5c ./teensy4/HardwareSerial5.o
 .data._ZL14UART1_Hardware
                0x0000000020000bf4       0x5c ./teensy4/HardwareSerial6.o
 .data._ZL14UART7_Hardware
                0x0000000020000c50       0x5c ./teensy4/HardwareSerial7.o
 .data._ZN13IntervalTimer14nvic_prioritesE
                0x0000000020000cac        0x4 ./teensy4/IntervalTimer.o
                0x0000000020000cac                IntervalTimer::nvic_priorites
 .data._ZL10tone_timer
                0x0000000020000cb0        0x8 ./teensy4/Tone.o
 .data.F_BUS_ACTUAL
                0x0000000020000cb8        0x4 ./teensy4/clockspeed.o
                0x0000000020000cb8                F_BUS_ACTUAL
 .data.F_CPU_ACTUAL
                0x0000000020000cbc        0x4 ./teensy4/clockspeed.o
                0x0000000020000cbc                F_CPU_ACTUAL
 .data.isr_table_gpio1
                0x0000000020000cc0       0x80 ./teensy4/interrupt.o
                0x0000000020000cc0                isr_table_gpio1
 .data.isr_table_gpio2
                0x0000000020000d40       0x80 ./teensy4/interrupt.o
                0x0000000020000d40                isr_table_gpio2
 .data.isr_table_gpio3
                0x0000000020000dc0       0x80 ./teensy4/interrupt.o
                0x0000000020000dc0                isr_table_gpio3
 .data.isr_table_gpio4
                0x0000000020000e40       0x80 ./teensy4/interrupt.o
                0x0000000020000e40                isr_table_gpio4
 .data.__brkval
                0x0000000020000ec0        0x4 ./teensy4/startup.o
                0x0000000020000ec0                __brkval
 .data.config_descriptor
                0x0000000020000ec4       0x43 ./teensy4/usb_desc.o
 *fill*         0x0000000020000f07        0x1 
 .data.device_descriptor
                0x0000000020000f08       0x12 ./teensy4/usb_desc.o
 *fill*         0x0000000020000f1a        0x2 
 .data.qualifier_descriptor
                0x0000000020000f1c        0xa ./teensy4/usb_desc.o
 *fill*         0x0000000020000f26        0x2 
 .data.string0  0x0000000020000f28        0x4 ./teensy4/usb_desc.o
                0x0000000020000f28                string0
 .data.usb_string_manufacturer_name_default
                0x0000000020000f2c       0x18 ./teensy4/usb_desc.o
                0x0000000020000f2c                usb_string_manufacturer_name_default
                0x0000000020000f2c                usb_string_manufacturer_name
 .data.usb_string_product_name_default
                0x0000000020000f44       0x16 ./teensy4/usb_desc.o
                0x0000000020000f44                usb_string_product_name
                0x0000000020000f44                usb_string_product_name_default
 *fill*         0x0000000020000f5a        0x2 
 .data.usb_string_serial_number_default
                0x0000000020000f5c       0x16 ./teensy4/usb_desc.o
                0x0000000020000f5c                usb_string_serial_number_default
                0x0000000020000f5c                usb_string_serial_number
 *fill*         0x0000000020000f72        0x2 
 .data.Serial   0x0000000020000f74       0x10 ./teensy4/usb_inst.o
                0x0000000020000f74                Serial
 .data.usb_enable_serial_event_processing
                0x0000000020000f84        0x1 ./teensy4/usb_inst.o
                0x0000000020000f84                usb_enable_serial_event_processing
 .data.spin     0x0000000020000f85        0x1 ./main.o
                0x0000000020000f85                spin
 *fill*         0x0000000020000f86        0x2 
 .data          0x0000000020000f88      0x430 /usr/lib/gcc/arm-none-eabi/6.3.1/../../../arm-none-eabi/lib/thumb/v7e-m/fpv5/hard/libg.a(lib_a-impure.o)
                0x0000000020000f88                _impure_ptr
 .data          0x00000000200013b8      0x410 /usr/lib/gcc/arm-none-eabi/6.3.1/../../../arm-none-eabi/lib/thumb/v7e-m/fpv5/hard/libg.a(lib_a-mallocr.o)
                0x00000000200013b8                __malloc_av_
                0x00000000200017c0                __malloc_sbrk_base
                0x00000000200017c4                __malloc_trim_threshold
                0x00000000200017d0                . = ALIGN (0x10)
 *fill*         0x00000000200017c8        0x8 

.jcr            0x00000000200017d0        0x0 load address 0x0000000060009c4c
 .jcr           0x00000000200017d0        0x0 /usr/lib/gcc/arm-none-eabi/6.3.1/thumb/v7e-m/fpv5/hard/crtbegin.o

.tm_clone_table
                0x00000000200017d0        0x0 load address 0x0000000060009c4c
 .tm_clone_table
                0x00000000200017d0        0x0 /usr/lib/gcc/arm-none-eabi/6.3.1/thumb/v7e-m/fpv5/hard/crtbegin.o
 .tm_clone_table
                0x00000000200017d0        0x0 /usr/lib/gcc/arm-none-eabi/6.3.1/thumb/v7e-m/fpv5/hard/crtend.o

.igot.plt       0x00000000200017d0        0x0 load address 0x0000000060009c4c
 .igot.plt      0x00000000200017d0        0x0 /usr/lib/gcc/arm-none-eabi/6.3.1/thumb/v7e-m/fpv5/hard/crtbegin.o

.bss            0x00000000200017d0     0x3af0
 *(.bss*)
 .bss           0x00000000200017d0       0x1c /usr/lib/gcc/arm-none-eabi/6.3.1/thumb/v7e-m/fpv5/hard/crtbegin.o
 .bss._ZN11MillisTimer10listActiveE
                0x00000000200017ec        0x4 ./teensy4/EventResponder.o
                0x00000000200017ec                MillisTimer::listActive
 .bss._ZN11MillisTimer11listWaitingE
                0x00000000200017f0        0x4 ./teensy4/EventResponder.o
                0x00000000200017f0                MillisTimer::listWaiting
 .bss._ZN14EventResponder10firstYieldE
                0x00000000200017f4        0x4 ./teensy4/EventResponder.o
                0x00000000200017f4                EventResponder::firstYield
 .bss._ZN14EventResponder13lastInterruptE
                0x00000000200017f8        0x4 ./teensy4/EventResponder.o
                0x00000000200017f8                EventResponder::lastInterrupt
 .bss._ZN14EventResponder14firstInterruptE
                0x00000000200017fc        0x4 ./teensy4/EventResponder.o
                0x00000000200017fc                EventResponder::firstInterrupt
 .bss._ZN14EventResponder16runningFromYieldE
                0x0000000020001800        0x1 ./teensy4/EventResponder.o
                0x0000000020001800                EventResponder::runningFromYield
 *fill*         0x0000000020001801        0x3 
 .bss._ZN14EventResponder9lastYieldE
                0x0000000020001804        0x4 ./teensy4/EventResponder.o
                0x0000000020001804                EventResponder::lastYield
 .bss._ZN14HardwareSerial27serial_event_handler_checksE
                0x0000000020001808       0x1c ./teensy4/HardwareSerial.o
                0x0000000020001808                HardwareSerial::serial_event_handler_checks
 .bss._ZN14HardwareSerial28serial_event_handlers_activeE
                0x0000000020001824        0x1 ./teensy4/HardwareSerial.o
                0x0000000020001824                HardwareSerial::serial_event_handlers_active
 *fill*         0x0000000020001825        0x3 
 .bss.Serial1   0x0000000020001828       0x60 ./teensy4/HardwareSerial1.o
                0x0000000020001828                Serial1
 .bss._ZL10rx_buffer1
                0x0000000020001888       0x40 ./teensy4/HardwareSerial1.o
 .bss._ZL10tx_buffer1
                0x00000000200018c8       0x40 ./teensy4/HardwareSerial1.o
 .bss.Serial2   0x0000000020001908       0x60 ./teensy4/HardwareSerial2.o
                0x0000000020001908                Serial2
 .bss._ZL10rx_buffer2
                0x0000000020001968       0x40 ./teensy4/HardwareSerial2.o
 .bss._ZL10tx_buffer2
                0x00000000200019a8       0x28 ./teensy4/HardwareSerial2.o
 .bss.Serial3   0x00000000200019d0       0x60 ./teensy4/HardwareSerial3.o
                0x00000000200019d0                Serial3
 .bss._ZL10rx_buffer3
                0x0000000020001a30       0x40 ./teensy4/HardwareSerial3.o
 .bss._ZL10tx_buffer3
                0x0000000020001a70       0x28 ./teensy4/HardwareSerial3.o
 .bss.Serial4   0x0000000020001a98       0x60 ./teensy4/HardwareSerial4.o
                0x0000000020001a98                Serial4
 .bss._ZL10rx_buffer4
                0x0000000020001af8       0x40 ./teensy4/HardwareSerial4.o
 .bss._ZL10tx_buffer4
                0x0000000020001b38       0x28 ./teensy4/HardwareSerial4.o
 .bss.Serial5   0x0000000020001b60       0x60 ./teensy4/HardwareSerial5.o
                0x0000000020001b60                Serial5
 .bss._ZL10rx_buffer5
                0x0000000020001bc0       0x40 ./teensy4/HardwareSerial5.o
 .bss._ZL10tx_buffer5
                0x0000000020001c00       0x28 ./teensy4/HardwareSerial5.o
 .bss.Serial6   0x0000000020001c28       0x60 ./teensy4/HardwareSerial6.o
                0x0000000020001c28                Serial6
 .bss._ZL10rx_buffer6
                0x0000000020001c88       0x40 ./teensy4/HardwareSerial6.o
 .bss._ZL10tx_buffer6
                0x0000000020001cc8       0x28 ./teensy4/HardwareSerial6.o
 .bss.Serial7   0x0000000020001cf0       0x60 ./teensy4/HardwareSerial7.o
                0x0000000020001cf0                Serial7
 .bss._ZL10rx_buffer7
                0x0000000020001d50       0x40 ./teensy4/HardwareSerial7.o
 .bss._ZL10tx_buffer7
                0x0000000020001d90       0x28 ./teensy4/HardwareSerial7.o
 *fill*         0x0000000020001db8        0x8 
 .bss._ZL11funct_table
                0x0000000020001dc0       0x10 ./teensy4/IntervalTimer.o
 .bss.calibrating
                0x0000000020001dd0        0x1 ./teensy4/analog.o
 *fill*         0x0000000020001dd1        0x3 
 .bss.systick_cycle_count
                0x0000000020001dd4        0x4 ./teensy4/delay.o
                0x0000000020001dd4                systick_cycle_count
 .bss.systick_millis_count
                0x0000000020001dd8        0x4 ./teensy4/delay.o
                0x0000000020001dd8                systick_millis_count
 .bss.s_hotCount
                0x0000000020001ddc        0x4 ./teensy4/tempmon.o
 .bss.s_hotTemp
                0x0000000020001de0        0x4 ./teensy4/tempmon.o
 .bss.s_hot_ROOM
                0x0000000020001de4        0x4 ./teensy4/tempmon.o
 .bss.s_roomC_hotC
                0x0000000020001de8        0x4 ./teensy4/tempmon.o
 .bss.endpoint0_buffer
                0x0000000020001dec        0x8 ./teensy4/usb.o
 .bss.endpoint0_notify_mask
                0x0000000020001df4        0x4 ./teensy4/usb.o
 .bss.endpoint0_setupdata
                0x0000000020001df8        0x8 ./teensy4/usb.o
 .bss.endpointN_notify_mask
                0x0000000020001e00        0x4 ./teensy4/usb.o
 .bss.reply_buffer
                0x0000000020001e04        0x8 ./teensy4/usb.o
 .bss.usb_configuration
                0x0000000020001e0c        0x1 ./teensy4/usb.o
                0x0000000020001e0c                usb_configuration
 .bss.usb_reboot_timer
                0x0000000020001e0d        0x1 ./teensy4/usb.o
 *fill*         0x0000000020001e0e        0x2 
 .bss.usb_timer0_callback
                0x0000000020001e10        0x4 ./teensy4/usb.o
                0x0000000020001e10                usb_timer0_callback
 .bss.usb_timer1_callback
                0x0000000020001e14        0x4 ./teensy4/usb.o
                0x0000000020001e14                usb_timer1_callback
 .bss.rx_buffer
                0x0000000020001e18       0xc0 ./teensy4/usb_serial.o
 .bss.rx_count  0x0000000020001ed8        0x6 ./teensy4/usb_serial.o
 *fill*         0x0000000020001ede        0x2 
 .bss.rx_index  0x0000000020001ee0        0x6 ./teensy4/usb_serial.o
 *fill*         0x0000000020001ee6       0x1a 
 .bss.rx_transfer
                0x0000000020001f00       0x60 ./teensy4/usb_serial.o
 .bss.transmit_previous_timeout
                0x0000000020001f60        0x1 ./teensy4/usb_serial.o
 *fill*         0x0000000020001f61        0x1 
 .bss.tx_available
                0x0000000020001f62        0x2 ./teensy4/usb_serial.o
 .bss.tx_head   0x0000000020001f64        0x1 ./teensy4/usb_serial.o
 .bss.tx_noautoflush
                0x0000000020001f65        0x1 ./teensy4/usb_serial.o
 *fill*         0x0000000020001f66       0x1a 
 .bss.tx_transfer
                0x0000000020001f80       0xe0 ./teensy4/usb_serial.o
 .bss.txbuffer  0x0000000020002060      0x700 ./teensy4/usb_serial.o
 .bss.usb_cdc_line_rtsdtr
                0x0000000020002760        0x1 ./teensy4/usb_serial.o
                0x0000000020002760                usb_cdc_line_rtsdtr
 .bss._ZZ5yieldE7running
                0x0000000020002761        0x1 ./teensy4/yield.o
 *fill*         0x0000000020002762        0x2 
 .bss.bitCounter
                0x0000000020002764        0x4 ./main.o
                0x0000000020002764                bitCounter
 .bss.buffer    0x0000000020002768       0x1c ./main.o
                0x0000000020002768                buffer
 .bss.derBuffer
                0x0000000020002784        0x2 ./main.o
                0x0000000020002784                derBuffer
 *fill*         0x0000000020002786        0x2 
 .bss.idx       0x0000000020002788        0x4 ./main.o
                0x0000000020002788                idx
 .bss.imu_msg   0x000000002000278c       0xb8 ./main.o
                0x000000002000278c                imu_msg
 .bss.imu_pub   0x0000000020002844       0x14 ./main.o
                0x0000000020002844                imu_pub
 .bss.inFrame   0x0000000020002858        0x1 ./main.o
                0x0000000020002858                inFrame
 *fill*         0x0000000020002859        0x3 
 .bss.nh        0x000000002000285c      0x534 ./main.o
                0x000000002000285c                nh
 .bss.raw_imu_data
                0x0000000020002d90       0x28 ./main.o
                0x0000000020002d90                raw_imu_data
 .bss.raw_imu_data1
                0x0000000020002db8       0x28 ./main.o
                0x0000000020002db8                raw_imu_data1
 .bss.ready     0x0000000020002de0        0x1 ./main.o
                0x0000000020002de0                ready
 *fill*         0x0000000020002de1        0x7 
 .bss.ts        0x0000000020002de8        0x8 ./main.o
                0x0000000020002de8                ts
 .bss.wordBuffer
                0x0000000020002df0        0x2 ./main.o
                0x0000000020002df0                wordBuffer
 *fill*         0x0000000020002df2        0x2 
 .bss           0x0000000020002df4       0x34 /usr/lib/gcc/arm-none-eabi/6.3.1/../../../arm-none-eabi/lib/thumb/v7e-m/fpv5/hard/libg.a(lib_a-mallocr.o)
                0x0000000020002df4                __malloc_top_pad
                0x0000000020002df8                __malloc_current_mallinfo
                0x0000000020002e20                __malloc_max_sbrked_mem
                0x0000000020002e24                __malloc_max_total_mem
 *(COMMON)
 COMMON         0x0000000020002e28        0x4 ./teensy4/delay.o
                0x0000000020002e28                systick_safe_read
 *fill*         0x0000000020002e2c      0x1d4 
 COMMON         0x0000000020003000      0x2c0 ./teensy4/startup.o
                0x0000000020003000                _VectorsRam
 *fill*         0x00000000200032c0      0xd40 
 COMMON         0x0000000020004000     0x1280 ./teensy4/usb.o
                0x0000000020004000                endpoint0_transfer_data
                0x0000000020004020                endpoint0_transfer_ack
                0x0000000020005000                endpoint_queue_head
 COMMON         0x0000000020005280        0xc ./teensy4/usb_serial.o
                0x0000000020005280                usb_cdc_line_coding
                0x0000000020005288                usb_cdc_line_rtsdtr_millis
 COMMON         0x000000002000528c        0x4 /usr/lib/gcc/arm-none-eabi/6.3.1/../../../arm-none-eabi/lib/thumb/v7e-m/fpv5/hard/libg.a(lib_a-reent.o)
                0x000000002000528c                errno
                0x00000000200052a0                . = ALIGN (0x20)
 *fill*         0x0000000020005290       0x10 
                0x00000000200052c0                . = (. + 0x20)
 *fill*         0x00000000200052a0       0x20 

.bss.dma        0x0000000020200000        0x0
 *(.dmabuffers)
                0x0000000020200000                . = ALIGN (0x10)
                0x0000000000000000                _stext = ADDR (.text.itcm)
                0x0000000000006e00                _etext = (ADDR (.text.itcm) + SIZEOF (.text.itcm))
                0x0000000060001670                _stextload = LOADADDR (.text.itcm)
                0x0000000020000000                _sdata = ADDR (.data)
                0x00000000200017d0                _edata = (ADDR (.data) + SIZEOF (.data))
                0x000000006000847c                _sdataload = LOADADDR (.data)
                0x00000000200017d0                _sbss = ADDR (.bss)
                0x00000000200052c0                _ebss = (ADDR (.bss) + SIZEOF (.bss))
                0x0000000020200000                _heap_start = (ADDR (.bss.dma) + SIZEOF (.bss.dma))
                0x0000000020280000                _heap_end = (ORIGIN (RAM) + LENGTH (RAM))
                0x0000000000000001                _itcm_block_count = ((SIZEOF (.text.itcm) + 0x7ffe) >> 0xf)
                0x00000000aaaaaaab                _flexram_bank_config = (0xaaaaaaaa | ((0x1 << (_itcm_block_count * 0x2)) - 0x1))
                0x0000000020078000                _estack = (ORIGIN (DTCM) + ((0x10 - _itcm_block_count) << 0xf))
                0x0000000000009c40                _flashimagelen = ((SIZEOF (.text.progmem) + SIZEOF (.text.itcm)) + SIZEOF (.data))
                0x0000000000000024                _teensy_model_identifier = 0x24

.ARM.attributes
                0x0000000000000000       0x2e
 .ARM.attributes
                0x0000000000000000       0x20 /usr/lib/gcc/arm-none-eabi/6.3.1/thumb/v7e-m/fpv5/hard/crti.o
 .ARM.attributes
                0x0000000000000020       0x32 /usr/lib/gcc/arm-none-eabi/6.3.1/thumb/v7e-m/fpv5/hard/crtbegin.o
 .ARM.attributes
                0x0000000000000052       0x37 ./teensy4/EventResponder.o
 .ARM.attributes
                0x0000000000000089       0x37 ./teensy4/HardwareSerial.o
 .ARM.attributes
                0x00000000000000c0       0x37 ./teensy4/HardwareSerial1.o
 .ARM.attributes
                0x00000000000000f7       0x37 ./teensy4/HardwareSerial2.o
 .ARM.attributes
                0x000000000000012e       0x37 ./teensy4/HardwareSerial3.o
 .ARM.attributes
                0x0000000000000165       0x37 ./teensy4/HardwareSerial4.o
 .ARM.attributes
                0x000000000000019c       0x37 ./teensy4/HardwareSerial5.o
 .ARM.attributes
                0x00000000000001d3       0x37 ./teensy4/HardwareSerial6.o
 .ARM.attributes
                0x000000000000020a       0x37 ./teensy4/HardwareSerial7.o
 .ARM.attributes
                0x0000000000000241       0x37 ./teensy4/IntervalTimer.o
 .ARM.attributes
                0x0000000000000278       0x37 ./teensy4/Print.o
 .ARM.attributes
                0x00000000000002af       0x37 ./teensy4/Tone.o
 .ARM.attributes
                0x00000000000002e6       0x37 ./teensy4/analog.o
 .ARM.attributes
                0x000000000000031d       0x37 ./teensy4/bootdata.o
 .ARM.attributes
                0x0000000000000354       0x37 ./teensy4/clockspeed.o
 .ARM.attributes
                0x000000000000038b       0x37 ./teensy4/delay.o
 .ARM.attributes
                0x00000000000003c2       0x37 ./teensy4/digital.o
 .ARM.attributes
                0x00000000000003f9       0x37 ./teensy4/interrupt.o
 .ARM.attributes
                0x0000000000000430       0x23 ./teensy4/memcpy-armv7m.o
 .ARM.attributes
                0x0000000000000453       0x37 ./teensy4/nonstd.o
 .ARM.attributes
                0x000000000000048a       0x37 ./teensy4/pwm.o
 .ARM.attributes
                0x00000000000004c1       0x37 ./teensy4/startup.o
 .ARM.attributes
                0x00000000000004f8       0x37 ./teensy4/tempmon.o
 .ARM.attributes
                0x000000000000052f       0x37 ./teensy4/usb.o
 .ARM.attributes
                0x0000000000000566       0x37 ./teensy4/usb_desc.o
 .ARM.attributes
                0x000000000000059d       0x37 ./teensy4/usb_inst.o
 .ARM.attributes
                0x00000000000005d4       0x37 ./teensy4/usb_serial.o
 .ARM.attributes
                0x000000000000060b       0x37 ./teensy4/yield.o
 .ARM.attributes
                0x0000000000000642       0x37 ./ros_lib/time.o
 .ARM.attributes
                0x0000000000000679       0x37 ./main.o
 .ARM.attributes
                0x00000000000006b0       0x32 /usr/lib/gcc/arm-none-eabi/6.3.1/../../../arm-none-eabi/lib/thumb/v7e-m/fpv5/hard/libstdc++.a(atexit_arm.o)
 .ARM.attributes
                0x00000000000006e2       0x32 /usr/lib/gcc/arm-none-eabi/6.3.1/../../../arm-none-eabi/lib/thumb/v7e-m/fpv5/hard/libg.a(lib_a-cxa_atexit.o)
 .ARM.attributes
                0x0000000000000714       0x32 /usr/lib/gcc/arm-none-eabi/6.3.1/../../../arm-none-eabi/lib/thumb/v7e-m/fpv5/hard/libg.a(lib_a-errno.o)
 .ARM.attributes
                0x0000000000000746       0x32 /usr/lib/gcc/arm-none-eabi/6.3.1/../../../arm-none-eabi/lib/thumb/v7e-m/fpv5/hard/libg.a(lib_a-impure.o)
 .ARM.attributes
                0x0000000000000778       0x32 /usr/lib/gcc/arm-none-eabi/6.3.1/../../../arm-none-eabi/lib/thumb/v7e-m/fpv5/hard/libg.a(lib_a-init.o)
 .ARM.attributes
                0x00000000000007aa       0x32 /usr/lib/gcc/arm-none-eabi/6.3.1/../../../arm-none-eabi/lib/thumb/v7e-m/fpv5/hard/libg.a(lib_a-malloc.o)
 .ARM.attributes
                0x00000000000007dc       0x32 /usr/lib/gcc/arm-none-eabi/6.3.1/../../../arm-none-eabi/lib/thumb/v7e-m/fpv5/hard/libg.a(lib_a-mallocr.o)
 .ARM.attributes
                0x000000000000080e       0x32 /usr/lib/gcc/arm-none-eabi/6.3.1/../../../arm-none-eabi/lib/thumb/v7e-m/fpv5/hard/libg.a(lib_a-memmove.o)
 .ARM.attributes
                0x0000000000000840       0x32 /usr/lib/gcc/arm-none-eabi/6.3.1/../../../arm-none-eabi/lib/thumb/v7e-m/fpv5/hard/libg.a(lib_a-memset.o)
 .ARM.attributes
                0x0000000000000872       0x32 /usr/lib/gcc/arm-none-eabi/6.3.1/../../../arm-none-eabi/lib/thumb/v7e-m/fpv5/hard/libg.a(lib_a-mlock.o)
 .ARM.attributes
                0x00000000000008a4       0x32 /usr/lib/gcc/arm-none-eabi/6.3.1/../../../arm-none-eabi/lib/thumb/v7e-m/fpv5/hard/libg.a(lib_a-realloc.o)
 .ARM.attributes
                0x00000000000008d6       0x32 /usr/lib/gcc/arm-none-eabi/6.3.1/../../../arm-none-eabi/lib/thumb/v7e-m/fpv5/hard/libg.a(lib_a-reallocr.o)
 .ARM.attributes
                0x0000000000000908       0x32 /usr/lib/gcc/arm-none-eabi/6.3.1/../../../arm-none-eabi/lib/thumb/v7e-m/fpv5/hard/libg.a(lib_a-sbrkr.o)
 .ARM.attributes
                0x000000000000093a       0x1e /usr/lib/gcc/arm-none-eabi/6.3.1/../../../arm-none-eabi/lib/thumb/v7e-m/fpv5/hard/libg.a(lib_a-strlen.o)
 .ARM.attributes
                0x0000000000000958       0x32 /usr/lib/gcc/arm-none-eabi/6.3.1/../../../arm-none-eabi/lib/thumb/v7e-m/fpv5/hard/libg.a(lib_a-__atexit.o)
 .ARM.attributes
                0x000000000000098a       0x32 /usr/lib/gcc/arm-none-eabi/6.3.1/../../../arm-none-eabi/lib/thumb/v7e-m/fpv5/hard/libg.a(lib_a-freer.o)
 .ARM.attributes
                0x00000000000009bc       0x32 /usr/lib/gcc/arm-none-eabi/6.3.1/../../../arm-none-eabi/lib/thumb/v7e-m/fpv5/hard/libg.a(lib_a-reent.o)
 .ARM.attributes
                0x00000000000009ee       0x32 /usr/lib/gcc/arm-none-eabi/6.3.1/thumb/v7e-m/fpv5/hard/crtend.o
 .ARM.attributes
                0x0000000000000a20       0x20 /usr/lib/gcc/arm-none-eabi/6.3.1/thumb/v7e-m/fpv5/hard/crtn.o

.comment        0x0000000000000000       0x5c
 .comment       0x0000000000000000       0x31 /usr/lib/gcc/arm-none-eabi/6.3.1/thumb/v7e-m/fpv5/hard/crtbegin.o
                                         0x32 (size before relaxing)
 .comment       0x0000000000000031       0x32 ./teensy4/EventResponder.o
 .comment       0x0000000000000031       0x32 ./teensy4/HardwareSerial.o
 .comment       0x0000000000000031       0x32 ./teensy4/HardwareSerial1.o
 .comment       0x0000000000000031       0x32 ./teensy4/HardwareSerial2.o
 .comment       0x0000000000000031       0x32 ./teensy4/HardwareSerial3.o
 .comment       0x0000000000000031       0x32 ./teensy4/HardwareSerial4.o
 .comment       0x0000000000000031       0x32 ./teensy4/HardwareSerial5.o
 .comment       0x0000000000000031       0x32 ./teensy4/HardwareSerial6.o
 .comment       0x0000000000000031       0x32 ./teensy4/HardwareSerial7.o
 .comment       0x0000000000000031       0x32 ./teensy4/IntervalTimer.o
 .comment       0x0000000000000031       0x32 ./teensy4/Print.o
 .comment       0x0000000000000031       0x32 ./teensy4/Tone.o
 .comment       0x0000000000000031       0x32 ./teensy4/analog.o
 .comment       0x0000000000000031       0x32 ./teensy4/bootdata.o
 .comment       0x0000000000000031       0x32 ./teensy4/clockspeed.o
 .comment       0x0000000000000031       0x32 ./teensy4/delay.o
 .comment       0x0000000000000031       0x32 ./teensy4/digital.o
 .comment       0x0000000000000031       0x32 ./teensy4/interrupt.o
 .comment       0x0000000000000031       0x32 ./teensy4/nonstd.o
 .comment       0x0000000000000031       0x32 ./teensy4/pwm.o
 .comment       0x0000000000000031       0x32 ./teensy4/startup.o
 .comment       0x0000000000000031       0x32 ./teensy4/tempmon.o
 .comment       0x0000000000000031       0x32 ./teensy4/usb.o
 .comment       0x0000000000000031       0x32 ./teensy4/usb_desc.o
 .comment       0x0000000000000031       0x32 ./teensy4/usb_inst.o
 .comment       0x0000000000000031       0x32 ./teensy4/usb_serial.o
 .comment       0x0000000000000031       0x32 ./teensy4/yield.o
 .comment       0x0000000000000031       0x32 ./ros_lib/time.o
 .comment       0x0000000000000031       0x32 ./main.o
 .comment       0x0000000000000031       0x2b /usr/lib/gcc/arm-none-eabi/6.3.1/../../../arm-none-eabi/lib/thumb/v7e-m/fpv5/hard/libstdc++.a(atexit_arm.o)
                                         0x2c (size before relaxing)
 .comment       0x000000000000005c       0x32 /usr/lib/gcc/arm-none-eabi/6.3.1/../../../arm-none-eabi/lib/thumb/v7e-m/fpv5/hard/libg.a(lib_a-cxa_atexit.o)
 .comment       0x000000000000005c       0x32 /usr/lib/gcc/arm-none-eabi/6.3.1/../../../arm-none-eabi/lib/thumb/v7e-m/fpv5/hard/libg.a(lib_a-errno.o)
 .comment       0x000000000000005c       0x32 /usr/lib/gcc/arm-none-eabi/6.3.1/../../../arm-none-eabi/lib/thumb/v7e-m/fpv5/hard/libg.a(lib_a-impure.o)
 .comment       0x000000000000005c       0x32 /usr/lib/gcc/arm-none-eabi/6.3.1/../../../arm-none-eabi/lib/thumb/v7e-m/fpv5/hard/libg.a(lib_a-init.o)
 .comment       0x000000000000005c       0x32 /usr/lib/gcc/arm-none-eabi/6.3.1/../../../arm-none-eabi/lib/thumb/v7e-m/fpv5/hard/libg.a(lib_a-malloc.o)
 .comment       0x000000000000005c       0x32 /usr/lib/gcc/arm-none-eabi/6.3.1/../../../arm-none-eabi/lib/thumb/v7e-m/fpv5/hard/libg.a(lib_a-mallocr.o)
 .comment       0x000000000000005c       0x32 /usr/lib/gcc/arm-none-eabi/6.3.1/../../../arm-none-eabi/lib/thumb/v7e-m/fpv5/hard/libg.a(lib_a-memmove.o)
 .comment       0x000000000000005c       0x32 /usr/lib/gcc/arm-none-eabi/6.3.1/../../../arm-none-eabi/lib/thumb/v7e-m/fpv5/hard/libg.a(lib_a-memset.o)
 .comment       0x000000000000005c       0x32 /usr/lib/gcc/arm-none-eabi/6.3.1/../../../arm-none-eabi/lib/thumb/v7e-m/fpv5/hard/libg.a(lib_a-mlock.o)
 .comment       0x000000000000005c       0x32 /usr/lib/gcc/arm-none-eabi/6.3.1/../../../arm-none-eabi/lib/thumb/v7e-m/fpv5/hard/libg.a(lib_a-realloc.o)
 .comment       0x000000000000005c       0x32 /usr/lib/gcc/arm-none-eabi/6.3.1/../../../arm-none-eabi/lib/thumb/v7e-m/fpv5/hard/libg.a(lib_a-reallocr.o)
 .comment       0x000000000000005c       0x32 /usr/lib/gcc/arm-none-eabi/6.3.1/../../../arm-none-eabi/lib/thumb/v7e-m/fpv5/hard/libg.a(lib_a-sbrkr.o)
 .comment       0x000000000000005c       0x32 /usr/lib/gcc/arm-none-eabi/6.3.1/../../../arm-none-eabi/lib/thumb/v7e-m/fpv5/hard/libg.a(lib_a-__atexit.o)
 .comment       0x000000000000005c       0x32 /usr/lib/gcc/arm-none-eabi/6.3.1/../../../arm-none-eabi/lib/thumb/v7e-m/fpv5/hard/libg.a(lib_a-freer.o)
 .comment       0x000000000000005c       0x32 /usr/lib/gcc/arm-none-eabi/6.3.1/../../../arm-none-eabi/lib/thumb/v7e-m/fpv5/hard/libg.a(lib_a-reent.o)
 .comment       0x000000000000005c       0x32 /usr/lib/gcc/arm-none-eabi/6.3.1/thumb/v7e-m/fpv5/hard/crtend.o

.debug_info     0x0000000000000000    0x5f641
 *(.debug_info)
 .debug_info    0x0000000000000000     0x3c4f ./teensy4/EventResponder.o
 .debug_info    0x0000000000003c4f     0x43d8 ./teensy4/HardwareSerial.o
 .debug_info    0x0000000000008027     0x4aec ./teensy4/HardwareSerial1.o
 .debug_info    0x000000000000cb13     0x46b3 ./teensy4/HardwareSerial2.o
 .debug_info    0x00000000000111c6     0x46b3 ./teensy4/HardwareSerial3.o
 .debug_info    0x0000000000015879     0x46b3 ./teensy4/HardwareSerial4.o
 .debug_info    0x0000000000019f2c     0x46b3 ./teensy4/HardwareSerial5.o
 .debug_info    0x000000000001e5df     0x46b3 ./teensy4/HardwareSerial6.o
 .debug_info    0x0000000000022c92     0x46b3 ./teensy4/HardwareSerial7.o
 .debug_info    0x0000000000027345     0x1730 ./teensy4/IntervalTimer.o
 .debug_info    0x0000000000028a75     0x3f56 ./teensy4/Print.o
 .debug_info    0x000000000002c9cb     0x39d5 ./teensy4/Tone.o
 .debug_info    0x00000000000303a0     0x1184 ./teensy4/analog.o
 .debug_info    0x0000000000031524      0x12f ./teensy4/bootdata.o
 .debug_info    0x0000000000031653     0x191f ./teensy4/clockspeed.o
 .debug_info    0x0000000000032f72      0xe9b ./teensy4/delay.o
 .debug_info    0x0000000000033e0d     0x1917 ./teensy4/digital.o
 .debug_info    0x0000000000035724     0x1f6f ./teensy4/interrupt.o
 .debug_info    0x0000000000037693       0x7f ./teensy4/memcpy-armv7m.o
 .debug_info    0x0000000000037712      0xb5e ./teensy4/nonstd.o
 .debug_info    0x0000000000038270     0x28cc ./teensy4/pwm.o
 .debug_info    0x000000000003ab3c     0x2073 ./teensy4/startup.o
 .debug_info    0x000000000003cbaf     0x1141 ./teensy4/tempmon.o
 .debug_info    0x000000000003dcf0     0x2928 ./teensy4/usb.o
 .debug_info    0x0000000000040618     0x1128 ./teensy4/usb_desc.o
 .debug_info    0x0000000000041740     0x3215 ./teensy4/usb_inst.o
 .debug_info    0x0000000000044955     0x2146 ./teensy4/usb_serial.o
 .debug_info    0x0000000000046a9b     0x34b8 ./teensy4/yield.o
 .debug_info    0x0000000000049f53      0xdf5 ./ros_lib/time.o
 .debug_info    0x000000000004ad48     0xb679 ./main.o
 .debug_info    0x00000000000563c1      0x3b2 /usr/lib/gcc/arm-none-eabi/6.3.1/../../../arm-none-eabi/lib/thumb/v7e-m/fpv5/hard/libstdc++.a(atexit_arm.o)
 .debug_info    0x0000000000056773      0x938 /usr/lib/gcc/arm-none-eabi/6.3.1/../../../arm-none-eabi/lib/thumb/v7e-m/fpv5/hard/libg.a(lib_a-cxa_atexit.o)
 .debug_info    0x00000000000570ab      0x8cc /usr/lib/gcc/arm-none-eabi/6.3.1/../../../arm-none-eabi/lib/thumb/v7e-m/fpv5/hard/libg.a(lib_a-errno.o)
 .debug_info    0x0000000000057977      0x8a5 /usr/lib/gcc/arm-none-eabi/6.3.1/../../../arm-none-eabi/lib/thumb/v7e-m/fpv5/hard/libg.a(lib_a-impure.o)
 .debug_info    0x000000000005821c      0x110 /usr/lib/gcc/arm-none-eabi/6.3.1/../../../arm-none-eabi/lib/thumb/v7e-m/fpv5/hard/libg.a(lib_a-init.o)
 .debug_info    0x000000000005832c      0x922 /usr/lib/gcc/arm-none-eabi/6.3.1/../../../arm-none-eabi/lib/thumb/v7e-m/fpv5/hard/libg.a(lib_a-malloc.o)
 .debug_info    0x0000000000058c4e      0xdf1 /usr/lib/gcc/arm-none-eabi/6.3.1/../../../arm-none-eabi/lib/thumb/v7e-m/fpv5/hard/libg.a(lib_a-mallocr.o)
 .debug_info    0x0000000000059a3f      0x92a /usr/lib/gcc/arm-none-eabi/6.3.1/../../../arm-none-eabi/lib/thumb/v7e-m/fpv5/hard/libg.a(lib_a-memmove.o)
 .debug_info    0x000000000005a369      0x91b /usr/lib/gcc/arm-none-eabi/6.3.1/../../../arm-none-eabi/lib/thumb/v7e-m/fpv5/hard/libg.a(lib_a-memset.o)
 .debug_info    0x000000000005ac84      0x8d8 /usr/lib/gcc/arm-none-eabi/6.3.1/../../../arm-none-eabi/lib/thumb/v7e-m/fpv5/hard/libg.a(lib_a-mlock.o)
 .debug_info    0x000000000005b55c      0x8f6 /usr/lib/gcc/arm-none-eabi/6.3.1/../../../arm-none-eabi/lib/thumb/v7e-m/fpv5/hard/libg.a(lib_a-realloc.o)
 .debug_info    0x000000000005be52      0xdac /usr/lib/gcc/arm-none-eabi/6.3.1/../../../arm-none-eabi/lib/thumb/v7e-m/fpv5/hard/libg.a(lib_a-reallocr.o)
 .debug_info    0x000000000005cbfe      0x95a /usr/lib/gcc/arm-none-eabi/6.3.1/../../../arm-none-eabi/lib/thumb/v7e-m/fpv5/hard/libg.a(lib_a-sbrkr.o)
 .debug_info    0x000000000005d558       0xd8 /usr/lib/gcc/arm-none-eabi/6.3.1/../../../arm-none-eabi/lib/thumb/v7e-m/fpv5/hard/libg.a(lib_a-strlen.o)
 .debug_info    0x000000000005d630      0x950 /usr/lib/gcc/arm-none-eabi/6.3.1/../../../arm-none-eabi/lib/thumb/v7e-m/fpv5/hard/libg.a(lib_a-__atexit.o)
 .debug_info    0x000000000005df80      0xca9 /usr/lib/gcc/arm-none-eabi/6.3.1/../../../arm-none-eabi/lib/thumb/v7e-m/fpv5/hard/libg.a(lib_a-freer.o)
 .debug_info    0x000000000005ec29      0xa18 /usr/lib/gcc/arm-none-eabi/6.3.1/../../../arm-none-eabi/lib/thumb/v7e-m/fpv5/hard/libg.a(lib_a-reent.o)

.debug_abbrev   0x0000000000000000     0xb4d2
 *(.debug_abbrev)
 .debug_abbrev  0x0000000000000000      0x90f ./teensy4/EventResponder.o
 .debug_abbrev  0x000000000000090f      0x8c2 ./teensy4/HardwareSerial.o
 .debug_abbrev  0x00000000000011d1      0x763 ./teensy4/HardwareSerial1.o
 .debug_abbrev  0x0000000000001934      0x6dd ./teensy4/HardwareSerial2.o
 .debug_abbrev  0x0000000000002011      0x6dd ./teensy4/HardwareSerial3.o
 .debug_abbrev  0x00000000000026ee      0x6dd ./teensy4/HardwareSerial4.o
 .debug_abbrev  0x0000000000002dcb      0x6dd ./teensy4/HardwareSerial5.o
 .debug_abbrev  0x00000000000034a8      0x6dd ./teensy4/HardwareSerial6.o
 .debug_abbrev  0x0000000000003b85      0x6dd ./teensy4/HardwareSerial7.o
 .debug_abbrev  0x0000000000004262      0x281 ./teensy4/IntervalTimer.o
 .debug_abbrev  0x00000000000044e3      0x7a9 ./teensy4/Print.o
 .debug_abbrev  0x0000000000004c8c      0x746 ./teensy4/Tone.o
 .debug_abbrev  0x00000000000053d2      0x1ec ./teensy4/analog.o
 .debug_abbrev  0x00000000000055be       0x6e ./teensy4/bootdata.o
 .debug_abbrev  0x000000000000562c      0x218 ./teensy4/clockspeed.o
 .debug_abbrev  0x0000000000005844      0x35f ./teensy4/delay.o
 .debug_abbrev  0x0000000000005ba3      0x2df ./teensy4/digital.o
 .debug_abbrev  0x0000000000005e82      0x34d ./teensy4/interrupt.o
 .debug_abbrev  0x00000000000061cf       0x14 ./teensy4/memcpy-armv7m.o
 .debug_abbrev  0x00000000000061e3      0x278 ./teensy4/nonstd.o
 .debug_abbrev  0x000000000000645b      0x3ab ./teensy4/pwm.o
 .debug_abbrev  0x0000000000006806      0x475 ./teensy4/startup.o
 .debug_abbrev  0x0000000000006c7b      0x186 ./teensy4/tempmon.o
 .debug_abbrev  0x0000000000006e01      0x4e3 ./teensy4/usb.o
 .debug_abbrev  0x00000000000072e4      0x1a8 ./teensy4/usb_desc.o
 .debug_abbrev  0x000000000000748c      0x5f9 ./teensy4/usb_inst.o
 .debug_abbrev  0x0000000000007a85      0x469 ./teensy4/usb_serial.o
 .debug_abbrev  0x0000000000007eee      0x6c8 ./teensy4/yield.o
 .debug_abbrev  0x00000000000085b6      0x369 ./ros_lib/time.o
 .debug_abbrev  0x000000000000891f      0xc30 ./main.o
 .debug_abbrev  0x000000000000954f      0x210 /usr/lib/gcc/arm-none-eabi/6.3.1/../../../arm-none-eabi/lib/thumb/v7e-m/fpv5/hard/libstdc++.a(atexit_arm.o)
 .debug_abbrev  0x000000000000975f      0x1f6 /usr/lib/gcc/arm-none-eabi/6.3.1/../../../arm-none-eabi/lib/thumb/v7e-m/fpv5/hard/libg.a(lib_a-cxa_atexit.o)
 .debug_abbrev  0x0000000000009955      0x1a5 /usr/lib/gcc/arm-none-eabi/6.3.1/../../../arm-none-eabi/lib/thumb/v7e-m/fpv5/hard/libg.a(lib_a-errno.o)
 .debug_abbrev  0x0000000000009afa      0x189 /usr/lib/gcc/arm-none-eabi/6.3.1/../../../arm-none-eabi/lib/thumb/v7e-m/fpv5/hard/libg.a(lib_a-impure.o)
 .debug_abbrev  0x0000000000009c83       0xba /usr/lib/gcc/arm-none-eabi/6.3.1/../../../arm-none-eabi/lib/thumb/v7e-m/fpv5/hard/libg.a(lib_a-init.o)
 .debug_abbrev  0x0000000000009d3d      0x1f6 /usr/lib/gcc/arm-none-eabi/6.3.1/../../../arm-none-eabi/lib/thumb/v7e-m/fpv5/hard/libg.a(lib_a-malloc.o)
 .debug_abbrev  0x0000000000009f33      0x2c4 /usr/lib/gcc/arm-none-eabi/6.3.1/../../../arm-none-eabi/lib/thumb/v7e-m/fpv5/hard/libg.a(lib_a-mallocr.o)
 .debug_abbrev  0x000000000000a1f7      0x1d2 /usr/lib/gcc/arm-none-eabi/6.3.1/../../../arm-none-eabi/lib/thumb/v7e-m/fpv5/hard/libg.a(lib_a-memmove.o)
 .debug_abbrev  0x000000000000a3c9      0x1cd /usr/lib/gcc/arm-none-eabi/6.3.1/../../../arm-none-eabi/lib/thumb/v7e-m/fpv5/hard/libg.a(lib_a-memset.o)
 .debug_abbrev  0x000000000000a596      0x1ca /usr/lib/gcc/arm-none-eabi/6.3.1/../../../arm-none-eabi/lib/thumb/v7e-m/fpv5/hard/libg.a(lib_a-mlock.o)
 .debug_abbrev  0x000000000000a760      0x1eb /usr/lib/gcc/arm-none-eabi/6.3.1/../../../arm-none-eabi/lib/thumb/v7e-m/fpv5/hard/libg.a(lib_a-realloc.o)
 .debug_abbrev  0x000000000000a94b      0x260 /usr/lib/gcc/arm-none-eabi/6.3.1/../../../arm-none-eabi/lib/thumb/v7e-m/fpv5/hard/libg.a(lib_a-reallocr.o)
 .debug_abbrev  0x000000000000abab      0x20c /usr/lib/gcc/arm-none-eabi/6.3.1/../../../arm-none-eabi/lib/thumb/v7e-m/fpv5/hard/libg.a(lib_a-sbrkr.o)
 .debug_abbrev  0x000000000000adb7       0x14 /usr/lib/gcc/arm-none-eabi/6.3.1/../../../arm-none-eabi/lib/thumb/v7e-m/fpv5/hard/libg.a(lib_a-strlen.o)
 .debug_abbrev  0x000000000000adcb      0x220 /usr/lib/gcc/arm-none-eabi/6.3.1/../../../arm-none-eabi/lib/thumb/v7e-m/fpv5/hard/libg.a(lib_a-__atexit.o)
 .debug_abbrev  0x000000000000afeb      0x27a /usr/lib/gcc/arm-none-eabi/6.3.1/../../../arm-none-eabi/lib/thumb/v7e-m/fpv5/hard/libg.a(lib_a-freer.o)
 .debug_abbrev  0x000000000000b265      0x26d /usr/lib/gcc/arm-none-eabi/6.3.1/../../../arm-none-eabi/lib/thumb/v7e-m/fpv5/hard/libg.a(lib_a-reent.o)

.debug_line     0x0000000000000000     0x9647
 *(.debug_line)
 .debug_line    0x0000000000000000      0x5ef ./teensy4/EventResponder.o
 .debug_line    0x00000000000005ef      0x694 ./teensy4/HardwareSerial.o
 .debug_line    0x0000000000000c83      0x3ec ./teensy4/HardwareSerial1.o
 .debug_line    0x000000000000106f      0x357 ./teensy4/HardwareSerial2.o
 .debug_line    0x00000000000013c6      0x357 ./teensy4/HardwareSerial3.o
 .debug_line    0x000000000000171d      0x357 ./teensy4/HardwareSerial4.o
 .debug_line    0x0000000000001a74      0x357 ./teensy4/HardwareSerial5.o
 .debug_line    0x0000000000001dcb      0x357 ./teensy4/HardwareSerial6.o
 .debug_line    0x0000000000002122      0x357 ./teensy4/HardwareSerial7.o
 .debug_line    0x0000000000002479      0x153 ./teensy4/IntervalTimer.o
 .debug_line    0x00000000000025cc      0x486 ./teensy4/Print.o
 .debug_line    0x0000000000002a52      0x3ba ./teensy4/Tone.o
 .debug_line    0x0000000000002e0c      0x1a5 ./teensy4/analog.o
 .debug_line    0x0000000000002fb1       0x8b ./teensy4/bootdata.o
 .debug_line    0x000000000000303c      0x1ee ./teensy4/clockspeed.o
 .debug_line    0x000000000000322a      0x27c ./teensy4/delay.o
 .debug_line    0x00000000000034a6      0x2ca ./teensy4/digital.o
 .debug_line    0x0000000000003770      0x214 ./teensy4/interrupt.o
 .debug_line    0x0000000000003984       0x96 ./teensy4/memcpy-armv7m.o
 .debug_line    0x0000000000003a1a      0x281 ./teensy4/nonstd.o
 .debug_line    0x0000000000003c9b      0x3f7 ./teensy4/pwm.o
 .debug_line    0x0000000000004092      0x48c ./teensy4/startup.o
 .debug_line    0x000000000000451e      0x167 ./teensy4/tempmon.o
 .debug_line    0x0000000000004685      0x516 ./teensy4/usb.o
 .debug_line    0x0000000000004b9b       0xfe ./teensy4/usb_desc.o
 .debug_line    0x0000000000004c99      0x364 ./teensy4/usb_inst.o
 .debug_line    0x0000000000004ffd      0x30c ./teensy4/usb_serial.o
 .debug_line    0x0000000000005309      0x348 ./teensy4/yield.o
 .debug_line    0x0000000000005651      0x28f ./ros_lib/time.o
 .debug_line    0x00000000000058e0     0x2299 ./main.o
 .debug_line    0x0000000000007b79      0x27b /usr/lib/gcc/arm-none-eabi/6.3.1/../../../arm-none-eabi/lib/thumb/v7e-m/fpv5/hard/libstdc++.a(atexit_arm.o)
 .debug_line    0x0000000000007df4      0x15d /usr/lib/gcc/arm-none-eabi/6.3.1/../../../arm-none-eabi/lib/thumb/v7e-m/fpv5/hard/libg.a(lib_a-cxa_atexit.o)
 .debug_line    0x0000000000007f51      0x10a /usr/lib/gcc/arm-none-eabi/6.3.1/../../../arm-none-eabi/lib/thumb/v7e-m/fpv5/hard/libg.a(lib_a-errno.o)
 .debug_line    0x000000000000805b       0xef /usr/lib/gcc/arm-none-eabi/6.3.1/../../../arm-none-eabi/lib/thumb/v7e-m/fpv5/hard/libg.a(lib_a-impure.o)
 .debug_line    0x000000000000814a       0xbe /usr/lib/gcc/arm-none-eabi/6.3.1/../../../arm-none-eabi/lib/thumb/v7e-m/fpv5/hard/libg.a(lib_a-init.o)
 .debug_line    0x0000000000008208      0x15a /usr/lib/gcc/arm-none-eabi/6.3.1/../../../arm-none-eabi/lib/thumb/v7e-m/fpv5/hard/libg.a(lib_a-malloc.o)
 .debug_line    0x0000000000008362      0x397 /usr/lib/gcc/arm-none-eabi/6.3.1/../../../arm-none-eabi/lib/thumb/v7e-m/fpv5/hard/libg.a(lib_a-mallocr.o)
 .debug_line    0x00000000000086f9      0x182 /usr/lib/gcc/arm-none-eabi/6.3.1/../../../arm-none-eabi/lib/thumb/v7e-m/fpv5/hard/libg.a(lib_a-memmove.o)
 .debug_line    0x000000000000887b      0x17c /usr/lib/gcc/arm-none-eabi/6.3.1/../../../arm-none-eabi/lib/thumb/v7e-m/fpv5/hard/libg.a(lib_a-memset.o)
 .debug_line    0x00000000000089f7       0xfe /usr/lib/gcc/arm-none-eabi/6.3.1/../../../arm-none-eabi/lib/thumb/v7e-m/fpv5/hard/libg.a(lib_a-mlock.o)
 .debug_line    0x0000000000008af5      0x158 /usr/lib/gcc/arm-none-eabi/6.3.1/../../../arm-none-eabi/lib/thumb/v7e-m/fpv5/hard/libg.a(lib_a-realloc.o)
 .debug_line    0x0000000000008c4d      0x270 /usr/lib/gcc/arm-none-eabi/6.3.1/../../../arm-none-eabi/lib/thumb/v7e-m/fpv5/hard/libg.a(lib_a-reallocr.o)
 .debug_line    0x0000000000008ebd      0x160 /usr/lib/gcc/arm-none-eabi/6.3.1/../../../arm-none-eabi/lib/thumb/v7e-m/fpv5/hard/libg.a(lib_a-sbrkr.o)
 .debug_line    0x000000000000901d       0xb2 /usr/lib/gcc/arm-none-eabi/6.3.1/../../../arm-none-eabi/lib/thumb/v7e-m/fpv5/hard/libg.a(lib_a-strlen.o)
 .debug_line    0x00000000000090cf      0x18a /usr/lib/gcc/arm-none-eabi/6.3.1/../../../arm-none-eabi/lib/thumb/v7e-m/fpv5/hard/libg.a(lib_a-__atexit.o)
 .debug_line    0x0000000000009259      0x26f /usr/lib/gcc/arm-none-eabi/6.3.1/../../../arm-none-eabi/lib/thumb/v7e-m/fpv5/hard/libg.a(lib_a-freer.o)
 .debug_line    0x00000000000094c8      0x17f /usr/lib/gcc/arm-none-eabi/6.3.1/../../../arm-none-eabi/lib/thumb/v7e-m/fpv5/hard/libg.a(lib_a-reent.o)

.debug_frame    0x0000000000000000     0x1f18
 *(.debug_frame)
 .debug_frame   0x0000000000000000      0x184 ./teensy4/EventResponder.o
 .debug_frame   0x0000000000000184      0x23c ./teensy4/HardwareSerial.o
 .debug_frame   0x00000000000003c0       0xec ./teensy4/HardwareSerial1.o
 .debug_frame   0x00000000000004ac       0x6c ./teensy4/HardwareSerial2.o
 .debug_frame   0x0000000000000518       0x6c ./teensy4/HardwareSerial3.o
 .debug_frame   0x0000000000000584       0x6c ./teensy4/HardwareSerial4.o
 .debug_frame   0x00000000000005f0       0x6c ./teensy4/HardwareSerial5.o
 .debug_frame   0x000000000000065c       0x6c ./teensy4/HardwareSerial6.o
 .debug_frame   0x00000000000006c8       0x6c ./teensy4/HardwareSerial7.o
 .debug_frame   0x0000000000000734       0x78 ./teensy4/IntervalTimer.o
 .debug_frame   0x00000000000007ac      0x1ac ./teensy4/Print.o
 .debug_frame   0x0000000000000958       0xb0 ./teensy4/Tone.o
 .debug_frame   0x0000000000000a08       0x98 ./teensy4/analog.o
 .debug_frame   0x0000000000000aa0       0x38 ./teensy4/clockspeed.o
 .debug_frame   0x0000000000000ad8       0xa8 ./teensy4/delay.o
 .debug_frame   0x0000000000000b80      0x160 ./teensy4/digital.o
 .debug_frame   0x0000000000000ce0       0x84 ./teensy4/interrupt.o
 .debug_frame   0x0000000000000d64       0x9c ./teensy4/nonstd.o
 .debug_frame   0x0000000000000e00      0x164 ./teensy4/pwm.o
 .debug_frame   0x0000000000000f64      0x1ac ./teensy4/startup.o
 .debug_frame   0x0000000000001110       0x70 ./teensy4/tempmon.o
 .debug_frame   0x0000000000001180      0x170 ./teensy4/usb.o
 .debug_frame   0x00000000000012f0       0x34 ./teensy4/usb_desc.o
 .debug_frame   0x0000000000001324       0xa0 ./teensy4/usb_inst.o
 .debug_frame   0x00000000000013c4      0x1b0 ./teensy4/usb_serial.o
 .debug_frame   0x0000000000001574       0x2c ./teensy4/yield.o
 .debug_frame   0x00000000000015a0       0x9c ./ros_lib/time.o
 .debug_frame   0x000000000000163c      0x580 ./main.o
 .debug_frame   0x0000000000001bbc       0x20 /usr/lib/gcc/arm-none-eabi/6.3.1/../../../arm-none-eabi/lib/thumb/v7e-m/fpv5/hard/libstdc++.a(atexit_arm.o)
 .debug_frame   0x0000000000001bdc       0x20 /usr/lib/gcc/arm-none-eabi/6.3.1/../../../arm-none-eabi/lib/thumb/v7e-m/fpv5/hard/libg.a(lib_a-cxa_atexit.o)
 .debug_frame   0x0000000000001bfc       0x20 /usr/lib/gcc/arm-none-eabi/6.3.1/../../../arm-none-eabi/lib/thumb/v7e-m/fpv5/hard/libg.a(lib_a-errno.o)
 .debug_frame   0x0000000000001c1c       0x2c /usr/lib/gcc/arm-none-eabi/6.3.1/../../../arm-none-eabi/lib/thumb/v7e-m/fpv5/hard/libg.a(lib_a-init.o)
 .debug_frame   0x0000000000001c48       0x30 /usr/lib/gcc/arm-none-eabi/6.3.1/../../../arm-none-eabi/lib/thumb/v7e-m/fpv5/hard/libg.a(lib_a-malloc.o)
 .debug_frame   0x0000000000001c78       0x58 /usr/lib/gcc/arm-none-eabi/6.3.1/../../../arm-none-eabi/lib/thumb/v7e-m/fpv5/hard/libg.a(lib_a-mallocr.o)
 .debug_frame   0x0000000000001cd0       0x30 /usr/lib/gcc/arm-none-eabi/6.3.1/../../../arm-none-eabi/lib/thumb/v7e-m/fpv5/hard/libg.a(lib_a-memmove.o)
 .debug_frame   0x0000000000001d00       0x34 /usr/lib/gcc/arm-none-eabi/6.3.1/../../../arm-none-eabi/lib/thumb/v7e-m/fpv5/hard/libg.a(lib_a-memset.o)
 .debug_frame   0x0000000000001d34       0x30 /usr/lib/gcc/arm-none-eabi/6.3.1/../../../arm-none-eabi/lib/thumb/v7e-m/fpv5/hard/libg.a(lib_a-mlock.o)
 .debug_frame   0x0000000000001d64       0x20 /usr/lib/gcc/arm-none-eabi/6.3.1/../../../arm-none-eabi/lib/thumb/v7e-m/fpv5/hard/libg.a(lib_a-realloc.o)
 .debug_frame   0x0000000000001d84       0x68 /usr/lib/gcc/arm-none-eabi/6.3.1/../../../arm-none-eabi/lib/thumb/v7e-m/fpv5/hard/libg.a(lib_a-reallocr.o)
 .debug_frame   0x0000000000001dec       0x2c /usr/lib/gcc/arm-none-eabi/6.3.1/../../../arm-none-eabi/lib/thumb/v7e-m/fpv5/hard/libg.a(lib_a-sbrkr.o)
 .debug_frame   0x0000000000001e18       0x34 /usr/lib/gcc/arm-none-eabi/6.3.1/../../../arm-none-eabi/lib/thumb/v7e-m/fpv5/hard/libg.a(lib_a-__atexit.o)
 .debug_frame   0x0000000000001e4c       0x74 /usr/lib/gcc/arm-none-eabi/6.3.1/../../../arm-none-eabi/lib/thumb/v7e-m/fpv5/hard/libg.a(lib_a-freer.o)
 .debug_frame   0x0000000000001ec0       0x58 /usr/lib/gcc/arm-none-eabi/6.3.1/../../../arm-none-eabi/lib/thumb/v7e-m/fpv5/hard/libg.a(lib_a-reent.o)

.debug_str      0x0000000000000000     0x9eac
 *(.debug_str)
 .debug_str     0x0000000000000000     0x2803 ./teensy4/EventResponder.o
                                       0x2a5d (size before relaxing)
 .debug_str     0x0000000000002803     0x1124 ./teensy4/HardwareSerial.o
                                       0x32d1 (size before relaxing)
 .debug_str     0x0000000000003927      0xc71 ./teensy4/HardwareSerial1.o
                                       0x380f (size before relaxing)
 .debug_str     0x0000000000004598       0xc0 ./teensy4/HardwareSerial2.o
                                       0x3760 (size before relaxing)
 .debug_str     0x0000000000004658       0xc0 ./teensy4/HardwareSerial3.o
                                       0x3760 (size before relaxing)
 .debug_str     0x0000000000004718       0xc0 ./teensy4/HardwareSerial4.o
                                       0x3760 (size before relaxing)
 .debug_str     0x00000000000047d8       0xc0 ./teensy4/HardwareSerial5.o
                                       0x3760 (size before relaxing)
 .debug_str     0x0000000000004898       0xc0 ./teensy4/HardwareSerial6.o
                                       0x3760 (size before relaxing)
 .debug_str     0x0000000000004958       0xc0 ./teensy4/HardwareSerial7.o
                                       0x3760 (size before relaxing)
 .debug_str     0x0000000000004a18      0x314 ./teensy4/IntervalTimer.o
                                       0x17a7 (size before relaxing)
 .debug_str     0x0000000000004d2c      0x4d8 ./teensy4/Print.o
                                       0x26d0 (size before relaxing)
 .debug_str     0x0000000000005204      0x119 ./teensy4/Tone.o
                                       0x2d71 (size before relaxing)
 .debug_str     0x000000000000531d      0x15d ./teensy4/analog.o
                                        0xcfe (size before relaxing)
 .debug_str     0x000000000000547a       0x67 ./teensy4/bootdata.o
                                        0x1ec (size before relaxing)
 .debug_str     0x00000000000054e1       0x6b ./teensy4/clockspeed.o
                                       0x10a2 (size before relaxing)
 .debug_str     0x000000000000554c       0x4a ./teensy4/delay.o
                                        0x70e (size before relaxing)
 .debug_str     0x0000000000005596       0xdf ./teensy4/digital.o
                                        0xd3f (size before relaxing)
 .debug_str     0x0000000000005675       0xa1 ./teensy4/interrupt.o
                                       0x1945 (size before relaxing)
 .debug_str     0x0000000000005716       0x6d ./teensy4/nonstd.o
                                        0x653 (size before relaxing)
 .debug_str     0x0000000000005783      0x809 ./teensy4/pwm.o
                                       0x14f1 (size before relaxing)
 .debug_str     0x0000000000005f8c      0x363 ./teensy4/startup.o
                                       0x1452 (size before relaxing)
 .debug_str     0x00000000000062ef       0xd7 ./teensy4/tempmon.o
                                        0xd40 (size before relaxing)
 .debug_str     0x00000000000063c6      0x3a7 ./teensy4/usb.o
                                       0x1ce0 (size before relaxing)
 .debug_str     0x000000000000676d      0x148 ./teensy4/usb_desc.o
                                        0xd9d (size before relaxing)
 .debug_str     0x00000000000068b5      0x169 ./teensy4/usb_inst.o
                                       0x22a1 (size before relaxing)
 .debug_str     0x0000000000006a1e      0x10e ./teensy4/usb_serial.o
                                       0x13bf (size before relaxing)
 .debug_str     0x0000000000006b2c       0x1d ./teensy4/yield.o
                                       0x275c (size before relaxing)
 .debug_str     0x0000000000006b49      0x22c ./ros_lib/time.o
                                        0x8e6 (size before relaxing)
 .debug_str     0x0000000000006d75     0x22cf ./main.o
                                       0x52a7 (size before relaxing)
 .debug_str     0x0000000000009044      0x520 /usr/lib/gcc/arm-none-eabi/6.3.1/../../../arm-none-eabi/lib/thumb/v7e-m/fpv5/hard/libstdc++.a(atexit_arm.o)
                                        0x634 (size before relaxing)
 .debug_str     0x0000000000009564      0x182 /usr/lib/gcc/arm-none-eabi/6.3.1/../../../arm-none-eabi/lib/thumb/v7e-m/fpv5/hard/libg.a(lib_a-cxa_atexit.o)
                                        0x60c (size before relaxing)
 .debug_str     0x00000000000096e6       0x9c /usr/lib/gcc/arm-none-eabi/6.3.1/../../../arm-none-eabi/lib/thumb/v7e-m/fpv5/hard/libg.a(lib_a-errno.o)
                                        0x5c9 (size before relaxing)
 .debug_str     0x0000000000009782       0xa9 /usr/lib/gcc/arm-none-eabi/6.3.1/../../../arm-none-eabi/lib/thumb/v7e-m/fpv5/hard/libg.a(lib_a-impure.o)
                                        0x5b7 (size before relaxing)
 .debug_str     0x000000000000982b       0xe7 /usr/lib/gcc/arm-none-eabi/6.3.1/../../../arm-none-eabi/lib/thumb/v7e-m/fpv5/hard/libg.a(lib_a-init.o)
                                        0x245 (size before relaxing)
 .debug_str     0x0000000000009912       0x4e /usr/lib/gcc/arm-none-eabi/6.3.1/../../../arm-none-eabi/lib/thumb/v7e-m/fpv5/hard/libg.a(lib_a-malloc.o)
                                        0x5e8 (size before relaxing)
 .debug_str     0x0000000000009960      0x23c /usr/lib/gcc/arm-none-eabi/6.3.1/../../../arm-none-eabi/lib/thumb/v7e-m/fpv5/hard/libg.a(lib_a-mallocr.o)
                                        0x81f (size before relaxing)
 .debug_str     0x0000000000009b9c       0xd2 /usr/lib/gcc/arm-none-eabi/6.3.1/../../../arm-none-eabi/lib/thumb/v7e-m/fpv5/hard/libg.a(lib_a-memmove.o)
                                        0x5ee (size before relaxing)